Counter({'江泽民': 446, '李鹏': 216, '钱其琛': 205, '周恩来': 185, '邓小平': 158, '克林顿': 147, '李岚清': 128, '彭楚政': 86, '尉健行': 75, '叶利钦': 74, '内塔尼亚胡': 71, '毛泽东': 68, '江': 68, '乔石': 66, '阿拉法特': 65, '褚时健': 63, '吴邦国': 61, '李瑞环': 51, '朱镕基': 51, '迟浩田': 51, '安子文': 50, '周': 50, '童志成': 50, '李铁映': 49, '何长工': 49, '陈妍': 47, '姜春云': 45, '刘澜涛': 44, '利维': 42, '王磊': 42, '温家宝': 41, '布莱尔': 41, '潘汉年': 40, '张万年': 38, '林华卿': 38, '科恩': 37, '雷锋': 37, '王国栋': 37, '克雷库': 35, '罗干': 34, '宋健': 33, '邹家华': 33, '桥本': 32, '强强': 31, '毛': 31, '王': 31, '韦德里纳': 30, '刘伯承': 30, '胡锦涛': 30, '王兆国': 29, '贾庆林': 29, '罗荣桓': 29, '巴特勒': 28, '胡忠友': 27, '董建华': 27, '李': 27, '盛云龙': 26, '丁关根': 25, '波波夫': 25, '薄一波': 25, '安南': 24, '阿尔希波夫': 24, '张晓伟': 24, '许立群': 24, '马克思': 24, '苏哈托': 24, '希拉克': 24, '关公': 23, '万国权': 23, '萨达姆': 23, '鲁迅': 23, '普里马科夫': 22, '奥尔布赖特': 22, '金大中': 22, '曾庆红': 22, '傅全有': 21, '任建新': 21, '梁军': 21, '蓉蓉': 21, '库克': 20, '徐柏玉': 20, '李贵鲜': 19, '恩佐': 19, '邱玲': 19, '恩格斯': 19, '刘志祥': 19, '恩来': 19, '陈方': 19, '罗斯': 19, '尚美英': 19, '秦华孙': 19, '安生': 19, '李长水': 19, '伍绍祖': 18, '韩': 18, '科雷': 18, '伊格尔森': 18, '哈塔米': 18, '常昊': 18, '何鲁丽': 18, '李政道': 18, '金金': 17, '于永波': 17, '恩米': 17, '李长云': 16, '荣毅仁': 16, '袁伟民': 16, '孙': 16, '戴碧蓉': 16, '武定远': 16, '周小燕': 16, '玉荣': 16, '孙孚凌': 16, '郭晶晶': 16, '戴相龙': 16, '老张': 15, '吴艳艳': 15, '顾正龙': 15, '里森': 15, '毛磊': 15, '刘我成': 15, '莫迪凯': 15, '刘': 15, '贾西平': 15, '刘帅': 15, '布赫': 15, '周鹤洋': 15, '何': 14, '马晓春': 14, '桑特': 14, '热瓦甫': 14, '胡志明': 14, '李素丽': 14, '谢里夫': 14, '陈': 14, '王晨': 14, '王光英': 14, '哈马迪': 14, '梁惠珍': 14, '朱光亚': 14, '红嫂': 14, '韩济生': 14, '石学海': 14, '赵天衡': 14, '小许': 14, '侯老': 14, '施明慎': 14, '辛业江': 14, '普罗迪': 14, '何伟': 13, '王振昌': 13, '谢瓦尔德纳泽': 13, '菲拉利': 13, '刘国梁': 13, '孔繁森': 13, '赵志文': 13, '云娇': 13, '博塔': 13, '切尔诺梅尔金': 13, '王霞光': 13, '史增海': 13, '小平': 13, '田亮': 13, '索尼亚': 12, '萨哈夫': 12, '陈杰': 12, '桥本龙太郎': 12, '王启民': 12, '陶铸': 12, '刘杰': 12, '张荣典': 12, '萨乌丁': 12, '孙文盛': 12, '雷洁琼': 12, '吴宏权': 12, '谷利源': 12, '亨廷顿': 12, '王凤兴': 12, '贝尔曼': 12, '科尔': 12, '李道豫': 12, '川·立派': 12, '曾启亮': 12, '吴仪': 12, '王林昌': 12, '杨汝岱': 11, '春花': 11, '金正日': 11, '林耀': 11, '徐明忠': 11, '艾琳': 11, '窦连东': 11, '沈国放': 11, '玛丽娜': 11, '郎平': 11, '徐杰': 11, '唐胜利': 11, '钱正英': 11, '朱': 11, '陈运鹏': 11, '龙乐豪': 11, '李云飞': 11, '陈国琦': 11, '杨光': 11, '朱德': 11, '王政': 11, '张勇': 11, '拉莫斯': 11, '穆巴拉克': 11, '陆子冈': 11, '叶选平': 10, '钟行': 10, '王黎': 10, '谢世杰': 10, '周宏英': 10, '纳扎尔巴耶夫': 10, '于居洋': 10, '孙录': 10, '张震': 10, '李文': 10, '周公': 10, '华水发': 10, '邹德浩': 10, '孟欣': 10, '许宏治': 10, '刘波': 10, '科科申': 10, '洪秉明': 10, '王克': 10, '哈桑': 10, '刘华清': 10, '田泳': 10, '简世辉': 10, '赵': 10, '蒋介石': 10, '阿良': 10, '泽鲁阿勒': 10, '扎耶德': 10, '刘少奇': 10, '尚慕杰': 10, '钱伟长': 9, '聂卫平': 9, '卢军': 9, '泰森': 9, '薛原': 9, '胡富国': 9, '周义霖': 9, '李德生': 9, '符泉生': 9, '于海生': 9, '马德海': 9, '彭珮云': 9, '崔敏': 9, '果永毅': 9, '罗盘': 9, '慕凌飞': 9, '罗以军': 9, '朱幼棣': 9, '古杰拉尔': 9, '陈雁': 9, '贝克特': 9, '乌叶海亚': 9, '许广平': 9, '吴兴华': 9, '佩里': 9, '叶莲美': 9, '阿齐兹': 9, '尹鸿祝': 9, '陈云峰': 9, '孙淑伟': 9, '周志方': 9, '祝谦': 9, '徐虎': 9, '王汉斌': 9, '周锡生': 9, '邱娥国': 9, '克雷蒂安': 9, '刘光亮': 9, '春姑': 9, '韩素云': 9, '俞斌': 9, '鲁宾': 9, '许老': 9, '支林飞': 9, '波尔': 9, '徐寅生': 9, '董伟': 9, '乔尔贝亚': 9, '若斯潘': 9, '孙杰': 8, '谭量顺': 8, '张思卿': 8, '马吉德': 8, '张': 8, '托马斯': 8, '多吉才让': 8, '叶连松': 8, '袁亚平': 8, '朱训': 8, '徐晓钟': 8, '谢罗夫': 8, '戴敦邦': 8, '王学贤': 8, '杨': 8, '塔拉索夫': 8, '张平': 8, '秦惠（君音）': 8, '刘振英': 8, '许汉胜': 8, '袁': 8, '戚德良': 8, '余继军': 8, '陈维伟': 8, '阿塔夫': 8, '梁坤奠': 8, '阿沛·阿旺晋美': 8, '程思远': 8, '孔玲': 8, '王连志': 8, '陈昌本': 8, '李四光': 8, '莫伊': 8, '罗辉': 8, '周明': 8, '李建兴': 8, '龚雯': 8, '杨丽华': 8, '铁木尔·达瓦买提': 8, '陈长禄': 8, '方鸣': 8, '龙永图': 8, '符福渊': 8, '马丽华': 8, '赵朴初': 8, '李宁': 8, '费伟伟': 8, '陈自昌': 8, '李建国': 8, '孟西安': 8, '列宁': 8, '宁洪虎': 8, '邓在军': 8, '肖强': 8, '貂蝉': 8, '康斯坦丁内斯库': 8, '熊光楷': 8, '关治瀛': 8, '本西德': 8, '辛吉斯': 8, '林散之': 8, '达列什': 8, '穆萨': 8, '马文普': 7, '王汉文': 7, '王嘉廉': 7, '赵文军': 7, '向兵': 7, '塔拉尔': 7, '刘玉琴': 7, '朱梦魁': 7, '于青': 7, '陈祖德': 7, '阎森': 7, '钟敬之': 7, '于贝尔·韦德里纳': 7, '王沛林': 7, '陈俊生': 7, '石万鹏': 7, '余卓成': 7, '夏茸尕布': 7, '魏德运': 7, '吴学谦': 7, '井口': 7, '张宿堂': 7, '邦德': 7, '拉吉夫·甘地': 7, '李芳': 7, '吴亚明': 7, '杨国强': 7, '刘宇': 7, '王瑞林': 7, '马利': 7, '崔': 7, '迎艳': 7, '洪森': 7, '李舸': 7, '张某': 7, '德桑蒂斯': 7, '桑普拉斯': 7, '邓颖超': 7, '宋平': 7, '莫勒姆': 7, '贝内特': 7, '张国伟': 7, '汪大昭': 7, '罗纳尔多': 7, '李国安': 7, '赵秀娟': 7, '阿地力': 7, '陈晓钟': 7, '叶江川': 7, '孔令辉': 7, '姜渭渔': 7, '绍罗什': 7, '福塞特': 7, '里特': 7, '汤普森': 7, '萨马兰奇': 7, '费孝通': 7, '李春久': 7, '樱内义雄': 7, '田纪云': 7, '奥山': 7, '徐': 7, '丁伟': 7, '温宪': 7, '卡翁达': 7, '阎锡山': 7, '司马义·艾买提': 7, '耶稣': 7, '曼德拉': 7, '吴': 7, '张发强': 7, '谭彦': 7, '曾辛元': 7, '张俊以': 7, '陈至立': 7, '王南': 7, '刘福印': 7, '叶赫': 7, '丁玉珍': 7, '程维高': 6, '金克尔': 6, '田俊荣': 6, '张成聚': 6, '姚大伟': 6, '祝华新': 6, '徐悲鸿': 6, '王廷江': 6, '朱克川': 6, '刘忠德': 6, '沈某': 6, '胡跃平': 6, '胡花蕊': 6, '洪学智': 6, '老何': 6, '宫川宏一': 6, '龙': 6, '汪金福': 6, '袁素芹': 6, '刘志军': 6, '田沛发': 6, '德雷克': 6, '王天凌': 6, '李某': 6, '亚当斯': 6, '张志刚': 6, '林政志': 6, '老邱': 6, '许中田': 6, '杜青林': 6, '包起帆': 6, '舍比拉特': 6, '汪锋': 6, '吉佩定': 6, '张祖德': 6, '刘云非': 6, '于敏': 6, '罗玉文': 6, '张全景': 6, '郭铁锋': 6, '俞福柏': 6, '刘希亮': 6, '江红': 6, '冉永平': 6, '张国成': 6, '刘加文': 6, '刘磊': 6, '刘建新': 6, '丰子恺': 6, '万宝瑞': 6, '朱剑红': 6, '王芳': 6, '尹克升': 6, '小赵': 6, '马万祺': 6, '雅丹': 6, '库尔尼科娃': 6, '歌德': 6, '莫扎特': 6, '杨明方': 6, '张建良': 6, '陈飞': 6, '李术峰': 6, '程宝群': 6, '王宝森': 6, '宋宝瑞': 6, '周泓洋': 6, '赵忠惠': 6, '成元生': 6, '赵相如': 6, '谭国器': 6, '韩冰岩': 6, '孔令志': 6, '张安惠': 6, '三博': 6, '王三运': 6, '刘前刚': 6, '毕全忠': 6, '帕卡琳娜': 6, '季正清': 6, '张廷发': 6, '龚德俊': 6, '米哈伊': 6, '罗泽秀': 6, '孟宪励': 6, '沃勒贝克': 6, '马蒂厄·克雷库': 6, '黄健中': 6, '克莱': 6, '埃里卡特': 6, '乐天': 6, '彭绍荣': 6, '赵治勋': 6, '梅内姆': 6, '潘': 6, '黄斌': 6, '邓永清': 6, '李为昌': 6, '三毛': 6, '阿卡耶夫': 6, '高玉林': 6, '曹代英': 6, '刘桂莲': 5, '荣松': 5, '东歌': 5, '孙家正': 5, '龚永泉': 5, '周萌': 5, '王英凡': 5, '陈建力': 5, '胡世庆': 5, '王承华': 5, '孙中山': 5, '江世杰': 5, '邵华泽': 5, '乌兰': 5, '侯嘉': 5, '王伟林': 5, '尼赫鲁—甘地': 5, '陈进兴': 5, '陶源明': 5, '张敏': 5, '任维东': 5, '胡恩勇': 5, '熊平': 5, '夏衍': 5, '黄公略': 5, '李敬臣': 5, '戴秉国': 5, '胡氏': 5, '鄢良': 5, '叶小文': 5, '原媛': 5, '潘文凯': 5, '波特': 5, '冰心': 5, '罗昌爱': 5, '夏珺': 5, '石鲁': 5, '黄菊': 5, '拉赫莫诺夫': 5, '刘亮明': 5, '谢美华': 5, '李舫': 5, '颜世贵': 5, '申思': 5, '巴金': 5, '刘成果': 5, '迪尼': 5, '唐家璇': 5, '何大一': 5, '安安': 5, '孔子': 5, '管彦忠': 5, '许永跃': 5, '曹操': 5, '张秉贵': 5, '周文广': 5, '宋新启': 5, '高莽': 5, '老童': 5, '陈云': 5, '苏宁': 5, '刘儒庭': 5, '周德武': 5, '老许': 5, '宁述勇': 5, '王娜梅': 5, '曹志': 5, '葛娟': 5, '吴作栋': 5, '吕布': 5, '唐岩': 5, '格林斯潘': 5, '陈辉': 5, '张亮': 5, '萧乾': 5, '王光美': 5, '杨影': 5, '吴敦夫': 5, '默里': 5, '罗晋标': 5, '霍英东': 5, '江建国': 5, '齐文明': 5, '科利姆': 5, '郭沫若': 5, '王启人': 5, '李清林': 5, '吴习洲': 5, '刘裕国': 5, '马文瑞': 5, '吴阶平': 5, '徐有芳': 5, '陈寅恪': 5, '克鲁吉': 5, '张桂溪': 5, '张雅心': 5, '吴彬': 5, '唐维红': 5, '李学江': 5, '黎可漂': 5, '张悦': 5, '翟景升': 5, '秦秀英': 5, '赵鹏': 5, '季羡林': 5, '鲍洪俊': 5, '石秀诗': 5, '金泳三': 5, '李新烽': 5, '霍春阳': 5, '贾建舟': 5, '王雷鸣': 5, '张书政': 5, '回良玉': 5, '李默然': 5, '卢卡申科': 5, '小贺': 5, '倪萍': 5, '小军': 5, '谈家桢': 5, '杨健': 5, '余清楚': 5, '谷牧': 5, '吴铨叙': 5, '袁锦林': 5, '夏林': 5, '兰红光': 5, '曹文芳': 5, '张璇': 5, '何某': 5, '刘东凯': 5, '施怀谷': 5, '祝有容': 5, '温红彦': 5, '包文翊': 5, '孙其峰': 5, '斯大林': 5, '冯霄': 5, '朱开轩': 5, '杨文道': 5, '罗高寿': 5, '宋学春': 5, '俞晓松': 5, '李富荣': 5, '王进喜': 5, '肖天': 5, '刘华秋': 5, '涅姆佐夫': 5, '斯卡尔法罗': 5, '泽仁桑珠': 4, '李文根': 4, '克利马': 4, '理琪': 4, '尹树广': 4, '吴恒权': 4, '万里': 4, '杨贵兰': 4, '胡可': 4, '陈金水': 4, '孔明': 4, '卡尔波夫': 4, '陈永贵': 4, '哈梅内伊': 4, '林菱': 4, '侯捷': 4, '王桦': 4, '傅铁山': 4, '张文学': 4, '王孟斌': 4, '路甬祥': 4, '王长山': 4, '阎晓明': 4, '达尔文': 4, '李润五': 4, '仇旭东': 4, '丁某': 4, '西哈努克': 4, '田华': 4, '董洪亮': 4, '傲腾': 4, '何加正': 4, '马静芬': 4, '卢嘉锡': 4, '黄振中': 4, '阿南德': 4, '拉那烈': 4, '李天心': 4, '卡比拉': 4, '许嘉璐': 4, '埃尔巴坎': 4, '周正庆': 4, '俞宜国': 4, '吴孟超': 4, '多迪克': 4, '周瑜': 4, '孙晓明': 4, '冯奎': 4, '王亚东': 4, '林则徐': 4, '赵涛': 4, '周宗欣': 4, '谢赫·哈西娜': 4, '黄赛红': 4, '肖克': 4, '罗豪才': 4, '曹大元': 4, '周子玉': 4, '格林': 4, '丁安庆': 4, '吕志星': 4, '潘承洞': 4, '郑': 4, '乔发科': 4, '高国珠': 4, '梁汝堂': 4, '秦始皇': 4, '秦艺源': 4, '玛丽娅': 4, '李战吉': 4, '刘云山': 4, '成龙': 4, '赵敬忠': 4, '杨振亚': 4, '欧阳修': 4, '李圣宰': 4, '安培': 4, '董现明': 4, '张廷翰': 4, '戴高乐': 4, '孔泽尔': 4, '汪见虹': 4, '索拉纳': 4, '许国富': 4, '吴金印': 4, '宋德福': 4, '童童': 4, '陈庆朝': 4, '马贾利': 4, '傅志寰': 4, '张洪斌': 4, '黄继光': 4, '施瓦布': 4, '贝·布托': 4, '孔': 4, '朱家印': 4, '赵新忠': 4, '徐匡迪': 4, '徐鹏飞': 4, '王守海': 4, '罗贵英': 4, '乐绍延': 4, '刘仲藜': 4, '张庚': 4, '小村武': 4, '吕宏强': 4, '胡': 4, '纽伯瑞': 4, '宋庆龄': 4, '艾笑': 4, '井口俊英': 4, '威廉·佩里': 4, '冯学敏': 4, '刘云峰': 4, '蔡晖': 4, '张东波': 4, '赵孝东': 4, '吕正操': 4, '绢子': 4, '朱森林': 4, '鲍泰利': 4, '贾永': 4, '周学源': 4, '鲁杰罗': 4, '陈祖甲': 4, '许福瑞': 4, '刘国胜': 4, '萨维': 4, '奥贝德': 4, '陈振兴': 4, '周确': 4, '卡里莫夫': 4, '解振华': 4, '瓦力': 4, '黄文': 4, '巴特尔': 4, '林遵': 4, '孔夫子': 4, '哈韦尔': 4, '胡宁': 4, '王尧': 4, '王比学': 4, '春婆': 4, '亚辛': 4, '单莺': 4, '卡杜米': 4, '沙': 4, '小Ａ': 4, '周秀兰': 4, '汪道涵': 4, '黄': 4, '蔡方柏': 4, '童渊铭': 4, '曹禺': 4, '李刚': 4, '穆迪奥诺': 4, '郑邦玉': 4, '王波': 4, '邵逸夫': 4, '董建勤': 4, '魏赤娅': 4, '高沈阳': 4, '陈兴贵': 4, '周光召': 4, '王忠家': 4, '济公': 4, '金庸': 4, '南阳': 4, '段芝璞': 4, '塔帕': 4, '卢劲': 4, '叶赫那拉': 4, '翟俊杰': 4, '努里': 4, '毛众役': 4, '谷内敏美': 4, '张丁华': 4, '杰克': 4, '牟爱牧': 4, '舍里': 4, '小冯': 4, '傅丁根': 4, '慧母': 4, '丛亚平': 4, '黄继美': 4, '刘刚': 4, '田流': 4, '乌多文科': 4, '张宝军': 4, '罗德—拉森': 4, '朱邦造': 4, '卢新宁': 4, '马哈蒂尔': 4, '刘素芬': 4, '帕蓬': 4, '姆卡帕': 4, '赵玉臣': 4, '贝多芬': 4, '吴泽洲': 4, '郑宏范': 4, '李斌': 4, '吴天祥': 4, '童': 4, '葛菲': 4, '刘上阳': 4, '郝美玲': 4, '罗茂城': 4, '符卫建': 4, '张泽田': 4, '焦裕禄': 4, '罗宾·库克': 4, '张克辉': 4, '帕塔塞': 4, '关隐达': 4, '齐怀远': 4, '孔晓宇': 4, '蔡': 4, '塔吉耶夫': 4, '波苏瓦柳克': 4, '袁熙坤': 4, '江国成': 4, '小贾': 4, '段君毅': 4, '郑铮': 4, '余让水': 4, '盛大勇': 4, '陈毅': 4, '三塚': 4, '赛福鼎·艾则孜': 4, '白剑峰': 4, '巴希尔': 4, '李昌镐': 4, '薄伽丘': 4, '柴可夫斯基': 4, '计三猛': 4, '李冰': 4, '林风眠': 4, '刘昌赫': 4, '孟仁泉': 4, '黄昌元': 4, '昝云龙': 3, '樊本奎': 3, '阿朵': 3, '陶志彭': 3, '孟学农': 3, '刘知炳': 3, '冯巩': 3, '于': 3, '关': 3, '杜英姿': 3, '阿霖': 3, '韩文藻': 3, '武仁盈': 3, '阿布·马赞': 3, '林庆春': 3, '于晓雪': 3, '王树文': 3, '邵永东': 3, '高丽生': 3, '徐峰丽': 3, '高德年': 3, '赵兴林': 3, '阿萨德': 3, '杨朝明': 3, '刘朝晖': 3, '周哲文': 3, '王文': 3, '中岛宏': 3, '汪波': 3, '陈某': 3, '华': 3, '阿拉济': 3, '陈鹏': 3, '叶连娜': 3, '竹君': 3, '周郎': 3, '李启旺': 3, '蒋建科': 3, '刘健': 3, '托马斯·萨维': 3, '董竹君': 3, '经叔平': 3, '王美珍': 3, '秦': 3, '李富春': 3, '柳时熏': 3, '徐建中': 3, '武道进': 3, '林峰': 3, '高曼华': 3, '希克迈特·赫朱': 3, '李家忠': 3, '潘跃': 3, '吕艺生': 3, '董寅初': 3, '索朗罗布': 3, '刘振亚': 3, '卡斯特罗': 3, '田凤山': 3, '刘小光': 3, '鹿野道彦': 3, '叶': 3, '蔡畅': 3, '托罗普采夫': 3, '孙小平': 3, '钱江': 3, '刘丽霞': 3, '张海迪': 3, '斯洛科姆': 3, '邓力群': 3, '林冲': 3, '周俊勋': 3, '游德馨': 3, '伽利略': 3, '林海峰': 3, '彭俊': 3, '王言彬': 3, '诸葛仓麟': 3, '安德鲁·托马斯': 3, '鲍绍雄': 3, '黄华': 3, '素博塔': 3, '杨伟光': 3, '刘旭': 3, '巴嘎班迪': 3, '王建民': 3, '阿尔都塞': 3, '李若凡': 3, '周重要': 3, '陈昊苏': 3, '李光辉': 3, '吴文斌': 3, '胡绳': 3, '刘斯奋': 3, '侯祥麟': 3, '宋立杰': 3, '郑德刚': 3, '袁和平': 3, '舒建': 3, '陈燮阳': 3, '庞圆娜': 3, '萨默斯': 3, '程曦': 3, '王楠': 3, '郑必坚': 3, '沈': 3, '孙文林': 3, '陈焕友': 3, '徐惟诚': 3, '李凤林': 3, '顾秀莲': 3, '谢尔盖耶夫': 3, '林文漪': 3, '王宏': 3, '袁启彤': 3, '乔明': 3, '徐江善': 3, '何自力': 3, '麦柯里': 3, '乔治·韦拉': 3, '陈陆军': 3, '杨秀梅': 3, '郭璞浩': 3, '袁荣贵': 3, '李树文': 3, '黄镇东': 3, '比尔·盖茨': 3, '哈拉齐': 3, '斯科特·里特': 3, '陈伟': 3, '陈莉': 3, '萨阿东·哈马迪': 3, '李克强': 3, '张燕辉': 3, '刘海粟': 3, '蒋干': 3, '王姬': 3, '温姐': 3, '沙理士': 3, '朱建安': 3, '孙道临': 3, '李晴祺': 3, '邦尼奇': 3, '成思危': 3, '宁春红': 3, '韩杼滨': 3, '李维平': 3, '康洪兴': 3, '宋秋山': 3, '孙茂庆': 3, '李长春': 3, '李嘉诚': 3, '徐殿龙': 3, '吕鸿': 3, '钮茂生': 3, '张严': 3, '刘枫': 3, '李世南': 3, '康生': 3, '梁晓华': 3, '阿依曼': 3, '孙权': 3, '图季曼': 3, '侯殿禄': 3, '张罗': 3, '阿勒坦格列尔': 3, '章念生': 3, '刘全应': 3, '王纲敏': 3, '彭': 3, '宋晓刚': 3, '廖昌永': 3, '张金金': 3, '邓亚萍': 3, '刘江': 3, '贾': 3, '郑俊怀': 3, '老舍': 3, '胡春华': 3, '卡尔森': 3, '奚美娟': 3, '岳林才': 3, '刘红': 3, '穆罕默德': 3, '王志勇': 3, '张中伟': 3, '沃伊卢科夫': 3, '乔丹': 3, '杜比宁': 3, '洪普洲': 3, '马恩华': 3, '白晓燕': 3, '贾昭全': 3, '曹刚川': 3, '周学农': 3, '努尔哈赤': 3, '宋振平': 3, '陈耀邦': 3, '聂荣臻': 3, '张国俊': 3, '王照环': 3, '韩晓华': 3, '贺鹏飞': 3, '拉什科': 3, '加蒂': 3, '王思齐': 3, '赵国政': 3, '安体富': 3, '李德洙': 3, '翩翩': 3, '韦钰': 3, '李杰': 3, '张翔': 3, '李德伦': 3, '高占祥': 3, '江亚平': 3, '崔士鑫': 3, '雷梦拉': 3, '盛世良': 3, '刘玉民': 3, '塔尔博特': 3, '罗': 3, '于友先': 3, '冯润胜': 3, '崔南洙': 3, '梭罗': 3, '牛群': 3, '段春来': 3, '文一': 3, '田曾佩': 3, '本·阿里': 3, '杨国庆': 3, '丁石孙': 3, '陈薪伊': 3, '郑宣': 3, '杨尚昆': 3, '罗毅刚': 3, '张劲夫': 3, '何黄彪': 3, '唐永淑': 3, '陈锦华': 3, '冯骥才': 3, '张开干': 3, '董文华': 3, '文同': 3, '仲永': 3, '张向东': 3, '安启元': 3, '张友生': 3, '张运': 3, '刘延东': 3, '车晓蕙': 3, '普吕厄': 3, '刘顺尧': 3, '刘卫兵': 3, '赵艳珍': 3, '希拉里': 3, '冯晓泉': 3, '张攀': 3, '塔拉瓦奈': 3, '海鲁拉耶夫': 3, '刘复之': 3, '高氏': 3, '阿珠': 3, '王乐泉': 3, '罗洗河': 3, '兰才基': 3, '卢传友': 3, '奇卢巴': 3, '阿不来提·阿不都热西提': 3, '潘立文': 3, '秦杰': 3, '刘方仁': 3, '张泽': 3, '小泽': 3, '刘少宇': 3, '曹': 3, '西文': 3, '撒切尔': 3, '滕万翠': 3, '刘洪': 3, '李赣骝': 3, '许塞尔': 3, '肖荻': 3, '吴祖强': 3, '李纪周': 3, '贝当': 3, '王振亚': 3, '徐家军': 3, '让·米奥': 3, '郭建光': 3, '李亚彪': 3, '刘瑞麟': 3, '胡汉方': 3, '卢日科夫': 3, '林彪': 3, '齐世荣': 3, '陈宜瑜': 3, '王德槟': 3, '付林': 3, '吕聪敏': 3, '龚智超': 3, '张涛': 3, '王锦鹄': 3, '郑振环': 3, '孙凯': 3, '刘元仁': 3, '塞维里诺': 3, '安德烈·科科申': 3, '皮埃尔·奥绍': 3, '周勇': 3, '武立天': 3, '陈隆年': 3, '林皎明': 3, '戴鹏': 3, '刘伟': 3, '黄启': 3, '戴维·沃尔夫': 3, '仲文': 3, '齐白石': 3, '时传祥': 3, '曲志红': 3, '朱亚男': 3, '卡尔逊': 3, '曹伯纯': 3, '叶钊颖': 3, '童炳强': 3, '贝老': 3, '舍拉利·海鲁拉耶夫': 3, '赵家治': 3, '彭冲': 3, '丁宝忠': 3, '鹿永建': 3, '查明哲': 3, '罗雪村': 3, '丁坚铭': 3, '张春园': 3, '吴冠中': 3, '彭小民': 3, '阿姆斯特朗': 3, '吴兢': 3, '诺罗敦·西哈努克': 3, '蒋千红': 3, '李学勤': 3, '谢军': 3, '吴雪': 3, '陈天湖': 3, '奥田硕': 3, '邱少云': 3, '列希': 3, '约翰·克鲁吉': 3, '阿尔穆尼亚': 3, '叶桂': 3, '赵增': 3, '蒋子翼': 3, '谢文': 3, '张日': 3, '李涛': 3, '安士伟': 3, '杨纪珂': 3, '赖仁琼': 3, '杨占芳': 3, '林连昆': 3, '李烈苍': 3, '赵连庆': 3, '李明': 3, '希特勒': 3, '罗斌': 3, '谢非': 3, '陈小群': 3, '叶飞': 3, '麦克·雷蒙': 3, '韦拉': 3, '郑天翔': 3, '潘赛菊': 3, '王某': 3, '李树清': 3, '梁晓声': 3, '杨元勇': 3, '徐仁杰': 3, '奥山由美': 3, '孙雯': 3, '莎阿代提·哈米提': 3, '蒋铎': 3, '马约莉': 3, '范占英': 3, '卢荣景': 3, '樱内': 3, '阿卜杜拉季波夫': 3, '赵有亮': 3, '顾俊': 3, '白': 3, '哥达': 3, '海顿': 3, '杨虎城': 3, '伯塞斯库': 3, '埃克哈德': 3, '谢家树': 3, '刘锡才': 3, '项怀诚': 3, '基辛格': 3, '史大桢': 3, '马寅初': 3, '李济国': 3, '劳伦斯·萨默斯': 3, '孟德': 3, '王良': 3, '史': 3, '鲁惠民': 3, '张帆': 3, '梅兰芳': 3, '尼亚佐夫': 3, '杨青': 3, '聂永芳': 3, '宋任穷': 3, '欧阳山尊': 3, '高洁': 3, '颜旭': 3, '哈罗维兹': 3, '蔡玉燕': 3, '赵小锐': 3, '安江': 3, '李升': 3, '让·梅泰·亚彭德': 3, '董': 3, '吴绮敏': 2, '瞿弦和': 2, '夏克强': 2, '潘西平': 2, '罗桂英': 2, '廖汉生': 2, '李清照': 2, '纳韦': 2, '三塚博': 2, '孙老': 2, '杨士龙': 2, '苏人': 2, '刘竞雄': 2, '江泽慧': 2, '张玉麟': 2, '拜玉凤': 2, '曾若虹': 2, '汤佩松': 2, '李源潮': 2, '郁钧剑': 2, '汤民仁': 2, '王新民': 2, '张子善': 2, '刘东仿': 2, '贾那布尔': 2, '柴宝成': 2, '许钊': 2, '喻广生': 2, '王茂林': 2, '孙承斌': 2, '保尔·柯察金': 2, '李争艳': 2, '刘思扬': 2, '卡拉扬': 2, '希亮': 2, '吴明': 2, '李斯特': 2, '沙赫特': 2, '张文彬': 2, '武宽': 2, '李仁臣': 2, '郭炎': 2, '贺广华': 2, '边巴': 2, '曹卫萍': 2, '吴修平': 2, '孙奇': 2, '张淑英': 2, '王建英': 2, '王鸣媛': 2, '朱昌骏': 2, '王彦田': 2, '李家杰': 2, '赵丽萍': 2, '纳瓦兹·谢里夫': 2, '邵力平': 2, '程增强': 2, '向在远': 2, '贾兰坡': 2, '土井': 2, '曲印': 2, '郭达': 2, '徐机玲': 2, '徐冰': 2, '高苕华': 2, '陈沸宇': 2, '邱占祥': 2, '褚映群': 2, '李飞': 2, '高云才': 2, '汉佩尔': 2, '君士坦丁': 2, '小林': 2, '小苏': 2, '陈守维': 2, '韩桂芝': 2, '谷源洋': 2, '雷志敏': 2, '郑科扬': 2, '李永宏': 2, '费希尔': 2, '卢瑞华': 2, '韩应选': 2, '方云伟': 2, '老吴': 2, '王东': 2, '陈曦': 2, '丁建华': 2, '苏星': 2, '单': 2, '严正': 2, '彭真': 2, '江夏': 2, '吴祖光': 2, '喻长林': 2, '多兰': 2, '小泽一郎': 2, '高天民': 2, '孙益新': 2, '张道诚': 2, '张大和': 2, '邱': 2, '方兆本': 2, '陈忠实': 2, '戴露': 2, '吴仁宝': 2, '龚世萍': 2, '邓浦东': 2, '赖喜荣': 2, '安子介': 2, '刘镇武': 2, '黄双武': 2, '韩生贵': 2, '李保中': 2, '陈木胜': 2, '谭利华': 2, '黄越峰': 2, '张怡': 2, '霍尔格': 2, '李峰': 2, '建军': 2, '曾昭斌': 2, '汪丁丁': 2, '林逸': 2, '雷蕾': 2, '张纪中': 2, '刘亦铭': 2, '邹蓬': 2, '西央': 2, '窦哥': 2, '赵利红': 2, '张悌': 2, '肖兰': 2, '张伯驹': 2, '小马': 2, '郑咏': 2, '冯·皮尔': 2, '周亮': 2, '马建华': 2, '白文建': 2, '王选': 2, '杨春贵': 2, '陈广文': 2, '阿塔': 2, '梵高': 2, '白燕升': 2, '李宙泫': 2, '张锦胜': 2, '玛格丽特·贝克特': 2, '王晔彪': 2, '项朝宗': 2, '李子奈': 2, '何山': 2, '李慧珍': 2, '王丰': 2, '李永健': 2, '润五': 2, '黄金宝': 2, '程红根': 2, '胡适': 2, '孟古': 2, '李文良': 2, '李欣': 2, '郑剑': 2, '韦尔纳': 2, '梁山伯': 2, '满东燕': 2, '柴茂': 2, '李少英': 2, '谭博文': 2, '舒圣佑': 2, '刘世昕': 2, '范': 2, '穆桂英': 2, '赵劲': 2, '龙向超': 2, '王照华': 2, '彭张青': 2, '张良华': 2, '林英海': 2, '张学良': 2, '龚育之': 2, '威廉·肖': 2, '徐壮志': 2, '郭树范': 2, '罗明': 2, '姜恩宇': 2, '李敏': 2, '吕赫若': 2, '赵淑敏': 2, '马': 2, '麟庐': 2, '庞德': 2, '鞠维松': 2, '黄丹华': 2, '李炳坤': 2, '白尚显': 2, '张洪河': 2, '郭': 2, '德西尔吉': 2, '蔡述明': 2, '归通昌': 2, '杨海韬': 2, '贾亦斌': 2, '敬一丹': 2, '霍梅尼': 2, '丁刚': 2, '刀世勋': 2, '郑万通': 2, '伊莲娜': 2, '伍淑清': 2, '彭德怀': 2, '李振声': 2, '许昱华': 2, '单荣范': 2, '石玉珍': 2, '王新庆': 2, '欧阳中石': 2, '诸宸': 2, '阿依努儿': 2, '卢克俭': 2, '庞伟良': 2, '山下真澄': 2, '宋某': 2, '贝京': 2, '塔纳苏加恩': 2, '王建功': 2, '仁盈': 2, '吴月辉': 2, '帕帕佐普洛斯': 2, '刘诗昆': 2, '王建华': 2, '梅': 2, '白冰冰': 2, '王健': 2, '张胜雄': 2, '刘锦才': 2, '詹姆士·邦德': 2, '千奋勇': 2, '朱玲': 2, '吴慧琴': 2, '张登义': 2, '李亚南': 2, '哈科特': 2, '安少兵': 2, '方成': 2, '周平': 2, '王璐娜': 2, '许基仁': 2, '白玉霜': 2, '南振中': 2, '黄楠雁': 2, '张鹏': 2, '叶乔波': 2, '霍利菲尔德': 2, '波尼拉': 2, '方毓棠': 2, '刘正': 2, '王生铁': 2, '宗福才': 2, '茅盾': 2, '蔡自兴': 2, '刘厚生': 2, '沈达人': 2, '小曲': 2, '秦德文': 2, '苏利曼': 2, '王铁成': 2, '奥绍': 2, '尤艳春': 2, '殷耀': 2, '王国维': 2, '廖承志': 2, '司马徽': 2, '刘恕': 2, '谢玉堂': 2, '高健': 2, '拉·甘地': 2, '张国光': 2, '李渭清': 2, '盛和帮': 2, '沈国俊': 2, '韩汝琦': 2, '顾雷': 2, '于是之': 2, '郑梦熊': 2, '王毓秀': 2, '李祖可': 2, '冯惠芳': 2, '刘兰芳': 2, '张如亮': 2, '鄢光华': 2, '唐国强': 2, '习仲勋': 2, '张福纯': 2, '张岳琦': 2, '黄宏': 2, '霍华德': 2, '梁植文': 2, '杨华升': 2, '盛国兰': 2, '凌德权': 2, '侯少奎': 2, '郭平坦': 2, '游本昌': 2, '崔保山': 2, '马克坚': 2, '张树兰': 2, '华金·阿尔穆尼亚': 2, '郑楚光': 2, '林子亮': 2, '刘山在': 2, '刘青山': 2, '汪自力': 2, '老那': 2, '许麟庐': 2, '程志': 2, '陈慧': 2, '马玉涛': 2, '吴华品': 2, '达瓦孜': 2, '腾华': 2, '刘志丹': 2, '马文骏': 2, '韦启美': 2, '胡公': 2, '刘太行': 2, '小林实': 2, '安振东': 2, '顾雏军': 2, '弗雷谢特': 2, '萨利姆': 2, '谢宗信': 2, '乌马尔': 2, '王怀远': 2, '潘长江': 2, '盛中国': 2, '丁凤英': 2, '李清华': 2, '华君武': 2, '姜笑琴': 2, '梁启超': 2, '冯亦珍': 2, '沈鹏': 2, '关牧村': 2, '丰云': 2, '陆定一': 2, '陈平才': 2, '卢继传': 2, '程安东': 2, '肖新博': 2, '李伯勇': 2, '金荣垣': 2, '张治平': 2, '方生': 2, '常': 2, '纳诺': 2, '坎特': 2, '郑东发': 2, '朱自清': 2, '穆斯塔法': 2, '朗穷': 2, '许': 2, '蒋正华': 2, '彭禹贤': 2, '陈绪英': 2, '郭京花': 2, '顾伟': 2, '马平': 2, '布约亚': 2, '张启彬': 2, '阳安江': 2, '齐续春': 2, '俞曙霞': 2, '卓福香': 2, '吴庆龙': 2, '马静芳': 2, '郑成功': 2, '戴': 2, '李金培': 2, '青山绫里': 2, '普拉夫希奇': 2, '何方': 2, '陶驷驹': 2, '吉乌斯蒂': 2, '查济民': 2, '曹剑杰': 2, '王金春': 2, '嘉木样·洛桑久美·图丹却吉尼玛': 2, '郭国三': 2, '张京': 2, '尹洪东': 2, '李长久': 2, '朱治宏': 2, '石风科': 2, '李克农': 2, '王飞': 2, '李肇星': 2, '孙金龙': 2, '梁金堂': 2, '陈独秀': 2, '盖金东': 2, '斯兰': 2, '袁隆平': 2, '根茨': 2, '孙毅': 2, '刘鹏': 2, '史密斯': 2, '启功': 2, '刘海荣': 2, '朱乃正': 2, '马振岗': 2, '张华康': 2, '司马迁': 2, '杜马斯': 2, '王刚': 2, '薄老': 2, '王力军': 2, '沈仁道': 2, '伍龙章': 2, '梁兆明': 2, '李春': 2, '李敏宽': 2, '雨果': 2, '晏强国': 2, '邢玉飞': 2, '王润培': 2, '白音': 2, '柳军飞': 2, '周觉': 2, '王佐书': 2, '胡希捷': 2, '卡尔': 2, '克拉泽博格': 2, '张建康': 2, '黎庆宁': 2, '克罗托夫': 2, '徐光春': 2, '齐燕铭': 2, '徐义昭': 2, '张铁柱': 2, '李茜': 2, '杜马舍夫': 2, '杨晔': 2, '小林觉': 2, '王定国': 2, '杜诚': 2, '阎振利': 2, '孟富林': 2, '周文华': 2, '拉巴尼': 2, '金秀壮': 2, '袁祖亮': 2, '王永治': 2, '刘进荣': 2, '孙安民': 2, '刘华新': 2, '肖佳': 2, '任震宇': 2, '龙益飞': 2, '索罗斯': 2, '阿尔贝·特沃杰雷': 2, '唐卫彬': 2, '李水清': 2, '胡昭衡': 2, '董必武': 2, '邱洪标': 2, '潘克拉托夫': 2, '刘夫生': 2, '陈波': 2, '郑弘': 2, '周邓': 2, '塞泽尔': 2, '姜异康': 2, '张勇军': 2, '王燕': 2, '崔秀庭': 2, '王荣生': 2, '李准': 2, '姜昆': 2, '赵地': 2, '季允石': 2, '袁阔成': 2, '许柏年': 2, '维·威廉姆斯': 2, '李岩': 2, '梅塔': 2, '特里·恩赖特': 2, '李龙城': 2, '钟霄': 2, '副公': 2, '马忠臣': 2, '汪啸风': 2, '陆机': 2, '郭嘉': 2, '林月琴': 2, '俞正声': 2, '陈玉英': 2, '侯剑锋': 2, '刘泽民': 2, '范宝俊': 2, '方益波': 2, '刘彦军': 2, '陈瑶': 2, '杜铁环': 2, '刘运来': 2, '吕飞杰': 2, '董辅': 2, '徐迟': 2, '梅亦龙': 2, '梅兆荣': 2, '林东海': 2, '戴浩': 2, '郭秀仪': 2, '陈宗兴': 2, '汝信': 2, '舒惠国': 2, '刘长瑜': 2, '岳书仓': 2, '刘坚': 2, '关景华': 2, '刘步飞': 2, '郝海东': 2, '金鲁贤': 2, '詹懋海': 2, '陈良宇': 2, '王诚': 2, '尕玛多吉': 2, '张建新': 2, '范喜梅': 2, '洪虎': 2, '杨高中': 2, '胡信平': 2, '宋连峰': 2, '王丙乾': 2, '邢云': 2, '夏': 2, '德梅西纳': 2, '阿卜杜拉': 2, '桂晓风': 2, '王发清': 2, '李登柱': 2, '马梅': 2, '何光': 2, '朱冬菊': 2, '姬鹏飞': 2, '赵毅': 2, '吕传赞': 2, '孙涛': 2, '倪志福': 2, '刘墉': 2, '庄霞琴': 2, '白江': 2, '高': 2, '赵浩生': 2, '屈明光': 2, '王国平': 2, '林春生': 2, '张裕民': 2, '杨拯陆': 2, '詹建俊': 2, '陈昌智': 2, '包方田': 2, '何慧娴': 2, '郑金发': 2, '叶鹏': 2, '梁金泉': 2, '韩玉贵': 2, '曹广亮': 2, '陈峰玖': 2, '托绍夫斯基': 2, '陈毛弟': 2, '李菊': 2, '王定昶': 2, '胡晓梦': 2, '范春生': 2, '赵荣福': 2, '王恩茂': 2, '伯杰': 2, '刘海藩': 2, '巴音朝鲁': 2, '朱育理': 2, '吴国祯': 2, '冯瑛冰': 2, '哈马·阿马杜': 2, '王晓鹰': 2, '卢嘉': 2, '梅里': 2, '占旭刚': 2, '吕国庆': 2, '武藤敏郎': 2, '王萍': 2, '马得': 2, '叶廷芳': 2, '子刚': 2, '老李': 2, '崔嵩': 2, '易某': 2, '陆敏厚': 2, '庞海龙': 2, '陈晓红': 2, '李明放': 2, '王伟': 2, '张德纯': 2, '石蓓莘': 2, '希尔顿': 2, '王士昌': 2, '何椿霖': 2, '郝友好': 2, '曾宪梓': 2, '唐树备': 2, '李克因': 2, '央杰本': 2, '曹薰铉': 2, '刘泉龙': 2, '倪巧银': 2, '马开贤': 2, '小王': 2, '闫戌麟': 2, '贺劲松': 2, '建达': 2, '唐耿良': 2, '任硌': 2, '赵富林': 2, '艾丰': 2, '徐俊': 2, '金能筹': 2, '胡彩玲': 2, '杨咏桔': 2, '蔡子民': 2, '乔榛': 2, '佐藤嘉恭': 2, '宋绍华': 2, '梅养正': 2, '杜若原': 2, '梁裕宁': 2, '孙英': 2, '李象益': 2, '陈震宇': 2, '宋瑞祥': 2, '杨修': 2, '李琨': 2, '白克明': 2, '刘文玉': 2, '周强': 2, '李宇鸿': 2, '崔海教': 2, '王锐': 2, '萨利赫': 2, '邹玉川': 2, '徐洪刚': 2, '冷': 2, '恩古巴尼': 2, '梁德妍': 2, '江山': 2, '陈佐湟': 2, '吴雁泽': 2, '刘小明': 2, '艾赛义德': 2, '王慧敏': 2, '陈赓': 2, '菡子': 2, '陈官权': 2, '龚志国': 2, '何祚庥': 2, '罗帅': 2, '郭伟成': 2, '邢籁': 2, '莫诺里': 2, '杨茂儒': 2, '高留华': 2, '马俊峰': 2, '李琳': 2, '马夫罗季': 2, '夏洪青': 2, '强卫': 2, '赖明辉': 2, '赵超': 2, '徐鹏航': 2, '王辉': 2, '麦赐球': 2, '张绪明': 2, '尚绪谦': 2, '顾玉清': 2, '李铎': 2, '赵伟之': 2, '郑焕清': 2, '理查德·锡德': 2, '焦善民': 2, '汪瑞仁': 2, '周剑虹': 2, '王文元': 2, '杨振杰': 2, '汪': 2, '王兆民': 2, '高原': 2, '周秉德': 2, '坚宗': 2, '白圭司': 2, '皮克林': 2, '孟庆云': 2, '邓成城': 2, '李振东': 2, '王耀华': 2, '老赵': 2, '濮存昕': 2, '老侯': 2, '穆罕默德·拉斐克·塔拉尔': 2, '刘也刚': 2, '刘心武': 2, '王岐山': 2, '迪斯尼': 2, '王国华': 2, '董卓': 2, '张立昌': 2, '秋瑾': 2, '张左己': 2, '舒婷': 2, '聂荣贵': 2, '宋连友': 2, '吴雷': 2, '陈大鹏': 2, '王奎庆': 2, '韩兵': 2, '孙勇军': 2, '周畅': 2, '郑朝铨': 2, '塞韦林': 2, '王平': 2, '潘国定': 2, '周永康': 2, '黄均雨': 2, '李荣娟': 2, '郭燕杰': 2, '吴敏茜': 2, '郑建卫': 2, '闵鹿蕾': 2, '陶明': 2, '姚守拙': 2, '金林鹏': 2, '谭炎午': 2, '米博华': 2, '王彦': 2, '玛丽亚': 2, '杨志望': 2, '黄团元': 2, '王玉柱': 2, '张素我': 2, '希萨诺': 2, '祝英台': 2, '苟建丽': 2, '冯宏顺': 2, '丁聪': 2, '堂吉诃德': 2, '江宝章': 2, '王植时': 2, '马明捷': 2, '潘梓年': 2, '老刘': 2, '沃祖全': 2, '冯康': 2, '董存瑞': 2, '胡桃': 2, '武松': 2, '朱振中': 2, '侯树忱': 2, '于力': 2, '周浩': 2, '张先国': 2, '李青': 2, '子翼': 2, '吉马迪': 2, '江巴吉才': 2, '陈洪铎': 2, '海明威': 2, '汪洪洋': 2, '陈宝山': 2, '保洪忠': 2, '华福周': 2, '范敬宜': 2, '卢功勋': 2, '曾建徽': 2, '肖雄': 2, '吴亦侠': 2, '杨小勇': 2, '张岸涛': 2, '洪成南': 2, '何林祥': 2, '安德烈斯·卡斯特罗': 2, '潘金培': 2, '郭裕怀': 2, '齐如山': 2, '马德仁': 2, '丁': 2, '梁超然': 2, '张良基': 2, '周叔莲': 2, '王永锡': 2, '童自荣': 2, '罗冠宗': 2, '陈清泰': 2, '白石': 2, '杨衍银': 2, '鄢光荣': 2, '刘金鱼': 2, '埃文': 2, '郭凯': 2, '郭东坡': 2, '阿莱科斯·帕帕佐普洛斯': 2, '张德广': 2, '姜信真': 2, '戈尔': 2, '阿木冬·尼牙孜': 2, '张德江': 2, '程建勋': 2, '查理斯·科雷': 2, '徐烨': 2, '科瓦尔': 2, '毕淑敏': 2, '孙晋芳': 2, '刘琦': 2, '许克敏': 2, '吴振华': 2, '胡启立': 2, '金泽海': 2, '侯伟生': 2, '尚金锁': 2, '刘文凯': 2, '涂勇': 2, '布莱科尔': 2, '王忍之': 2, '王义夫': 2, '邢世忠': 2, '愚公': 2, '陈家骅': 2, '吕纯操': 2, '高晓宇': 2, '邓朴方': 2, '鲁伊斯': 2, '向文': 2, '于净': 2, '都本洁': 2, '班承开': 2, '冬柴铁三': 2, '薛文献': 2, '韩大建': 2, '周宜兴': 2, '潘连生': 2, '徐高文': 2, '罗宾逊': 2, '阿内·卡尔森': 2, '周振全': 2, '吴寿章': 2, '蒙美路': 2, '李兴桂': 2, '刘勃舒': 2, '哈米拉': 2, '陈德生': 2, '吴觉非': 2, '石宝良': 2, '王琦': 2, '石宏图': 2, '牛玉亮': 2, '樊如钧': 2, '贺国强': 2, '陈如为': 2, '李世济': 2, '奥斯汀': 2, '王火': 2, '叶佩英': 2, '李文波': 2, '图雷斯基': 2, '林瑞康': 2, '叶明强': 2, '宋': 2, '刘备': 2, '陈辉光': 2, '萧娴': 2, '戴肯': 2, '吴玉章': 2, '阎洪臣': 2, '李红雨': 2, '小田': 2, '英韬': 2, '韩氏': 2, '赵新兵': 2, '吴正德': 2, '王瑜': 2, '邹军': 2, '张锦文': 2, '孙柏秋': 2, '李贺普': 2, '冯理达': 2, '袁世海': 2, '许群': 2, '神崎武法': 2, '朱满庭': 2, '丹增': 2, '阳宝华': 2, '罗康雄': 2, '李锡铭': 2, '刘九庵': 2, '阳忠恕': 2, '刘敏': 2, '白燕': 2, '片冈聪': 2, '沃尔克': 2, '李谷一': 2, '王森浩': 2, '陈剑虹': 2, '塔希尔': 2, '王君超': 2, '杨天乐': 2, '郑斯林': 2, '陈小军': 2, '褚': 2, '王频': 2, '李滨声': 2, '李雅芳': 2, '杜五安': 2, '李志坚': 2, '王佑民': 2, '季音': 2, '赵燕': 2, '耿飚': 2, '陈鹤高': 2, '冯向杰': 2, '江华': 2, '赵永生': 2, '刘云': 2, '赵新华': 2, '细川': 2, '吴官正': 2, '张莹莹': 2, '闻力': 2, '刘秀荣': 2, '朱富贤': 2, '黄火青': 2, '朱作霖': 2, '袁守芳': 2, '涅斯捷鲁什金': 2, '尹仲利': 2, '白景富': 2, '潘岗': 2, '贾志杰': 2, '王巨禄': 2, '卢光': 2, '方明东': 2, '威尔': 2, '闵耀良': 2, '梅杰': 2, '张卓元': 2, '邢贲思': 2, '胡国兴': 2, '周传家': 2, '哈钦森': 2, '陈光毅': 2, '唐运张': 2, '石新荣': 2, '宫川': 2, '小张': 2, '刘文泮': 2, '纳斯拉拉赫': 2, '布拉藻斯卡斯': 2, '于光远': 2, '张光斗': 2, '姜大明': 2, '亨利·沙赫特': 2, '魏明伦': 2, '俞': 2, '吉斯贝尔': 2, '李逵': 2, '龙新民': 2, '余秋里': 2, '崔木岚': 2, '乌尔马尼斯': 2, '杨思泽': 2, '李虹': 2, '唐格森': 2, '丛福奎': 2, '格雷厄姆·弗赖': 2, '吴梨花': 2, '李廷栋': 2, '霍震霆': 2, '黄懋衡': 2, '关山月': 2, '彼得': 2, '金人庆': 2, '王庆录': 2, '汪洋': 2, '白友善': 2, '卢湖山': 2, '单涛': 2, '萧三': 2, '罗绮': 2, '羽田孜': 2, '张彬': 2, '郭庚茂': 2, '陈维斌': 2, '郭荣昌': 2, '丁光训': 2, '时逸之': 2, '陈乐亮': 2, '古齐里耶夫': 2, '孙参': 2, '钱运录': 2, '戴月琴': 2, '胡平': 2, '赵忠生': 2, '杨迁': 2, '石四皓': 2, '韩振军': 2, '雅古布': 2, '龙林杰': 2, '刘仲昆': 2, '廖晖': 2, '龚心瀚': 2, '孙海涛': 2, '肖谷欣': 2, '胡训军': 2, '吴敬琏': 2, '樊玲': 2, '潘家珉': 2, '徐沛东': 2, '贡唐仓·丹贝旺旭': 2, '白宇': 2, '谢国明': 2, '魏运亨': 2, '吴祖荣': 2, '张成伦': 2, '刘永华': 2, '陈昭': 2, '范世阅': 2, '塞尔帕': 2, '黎中城': 2, '陆道培': 2, '苏叔阳': 2, '赵步长': 2, '钱友荣': 2, '张应银': 2, '戈里': 2, '陶醒世': 2, '颜永盛': 2, '俞祖彭': 2, '范学鹏': 2, '施特劳斯': 2, '何善德': 2, '高颖维': 2, '克劳斯': 2, '萧关根': 2, '文周': 2, '高祀仁': 2, '王鹤龄': 2, '塔斯马尼安': 2, '戴英禄': 2, '李学仁': 2, '龚学平': 2, '阿不都热依木·阿吉依明': 2, '沈安': 2, '李京文': 2, '韩南鹏': 2, '谢湘': 2, '李忠杰': 2, '孔庆河': 2, '沙龙': 2, '张春生': 2, '冯天林': 2, '谭方之': 2, '杨成武': 2, '聂向庭': 2, '巴布斯': 2, '韩伟': 2, '克莱斯蒂尔': 2, '米开朗琪罗': 2, '林卫国': 2, '阿达姆库斯': 2, '顿珠次仁': 2, '杨崇南': 2, '座山雕': 1, '华克之': 1, '李家成': 1, '梁志敏': 1, '傅振国': 1, '徐灵芝': 1, '陈守义': 1, '赵炳耀': 1, '信宝忠': 1, '李君夏': 1, '郭泓': 1, '陈厚群': 1, '山口': 1, '李顺然': 1, '白嗣宏': 1, '游碧竹': 1, '海斯': 1, '黄耀荣': 1, '付孝仁': 1, '冷国清': 1, '陈洪标': 1, '埃瑞克·孔泽尔': 1, '邦尼尔': 1, '马毓真': 1, '龚伟瑄': 1, '匡鲁彬': 1, '宗泽': 1, '彭勇': 1, '张承凤': 1, '陈小波': 1, '曹景正': 1, '张洪普': 1, '袁文平': 1, '于振文': 1, '杨福印': 1, '孟继尧': 1, '任春贵': 1, '莱莉': 1, '章锁志强': 1, '宋玉华': 1, '高桂滋': 1, '周良辅': 1, '高柱': 1, '薛军': 1, '佟柏芬': 1, '司空图': 1, '叶圣陶': 1, '林徽因': 1, '戴光禄': 1, '白雪石': 1, '董九洲': 1, '战秋萍': 1, '滕代远': 1, '秦红宇': 1, '刘昆': 1, '萨米亚·侯赛因': 1, '孟召兵': 1, '范长国': 1, '周传统': 1, '贾励': 1, '张肖伦': 1, '陈益群': 1, '赵荣林': 1, '陈颙': 1, '张鹤松': 1, '郑国雄': 1, '黎锦文': 1, '白冰': 1, '徐丹': 1, '伏明霞': 1, '胡勇辉': 1, '张震环': 1, '张宝林': 1, '华桐': 1, '贱秀': 1, '贺大经': 1, '刘健生': 1, '马晓河': 1, '孙亮': 1, '杨松': 1, '穆罕默德·纳瓦兹·谢里夫': 1, '杨子才': 1, '路小路': 1, '汪光亮': 1, '苏鲁尔': 1, '马泽尔': 1, '左焕琛': 1, '瓦哈甫·苏来曼': 1, '华而实': 1, '乔平': 1, '贝迪埃': 1, '关中秋': 1, '王永炎': 1, '张国辉': 1, '邱德根': 1, '周尔均': 1, '万良适': 1, '梁沅凯': 1, '苗清波': 1, '李成俊': 1, '张佳利': 1, '梁秀珍': 1, '傅太平': 1, '刘玉生': 1, '万嗣铨': 1, '王光奎': 1, '莱什钦斯基': 1, '潘霞': 1, '臧天朔': 1, '丹尼斯': 1, '金东文': 1, '何声武': 1, '黄志镗': 1, '王铁生': 1, '许根俊': 1, '何世柱': 1, '傅立民': 1, '方明': 1, '汪光焘': 1, '毛致用': 1, '鹿中民': 1, '俞东平': 1, '华楠': 1, '樊锦诗': 1, '沈立恭': 1, '张紫云': 1, '卡伦·布里克森': 1, '李福勇': 1, '潘建芳': 1, '王平权': 1, '张毓茂': 1, '胡正名': 1, '莎士比亚': 1, '加齐沃达': 1, '陈英旭': 1, '洪岩': 1, '唐太宗': 1, '王荣志': 1, '敖德木勒': 1, '张仁俊': 1, '白世伟': 1, '周信芳': 1, '山口光': 1, '刘胡兰': 1, '徐浩渊': 1, '梁华': 1, '孙建密': 1, '黄璜': 1, '胡景明': 1, '李淑芳': 1, '单三娅': 1, '图拉宗佐达': 1, '张耀智': 1, '赖高淮': 1, '韩金妹': 1, '王兴东': 1, '王继孝': 1, '阿旺甘丹': 1, '孙晓兰': 1, '汤丙午': 1, '陈舜礼': 1, '周玉华': 1, '安部川澄夫': 1, '陈祥福': 1, '和志强': 1, '黄恭情': 1, '广文': 1, '阎涛': 1, '敖维忠': 1, '朱治德': 1, '安德雷斯·科尔': 1, '祁智': 1, '王小妮': 1, '赵喜明': 1, '徐贻聪': 1, '李德顺': 1, '范毓虎': 1, '潘君密': 1, '王尽彦': 1, '魏丽惠': 1, '吴光正': 1, '张钰元': 1, '戴瑞同': 1, '徐岫茹': 1, '黄莉丽': 1, '夏鸿发': 1, '刘宝珍': 1, '杨海成': 1, '陈澄波': 1, '李文高': 1, '宇新桑余': 1, '杭天琪': 1, '叶锦福': 1, '罗祥国': 1, '麦崇楷': 1, '庞延斌': 1, '高以道': 1, '张铭': 1, '策墨林·单增赤列': 1, '陈越飞': 1, '葛洪': 1, '武连元': 1, '何占山': 1, '拉菲克·塔拉尔': 1, '陈红': 1, '刘传好': 1, '王标': 1, '章治文': 1, '张梅': 1, '约翰·洛克菲勒': 1, '孙悟空': 1, '柳公权': 1, '刘付': 1, '卢文端': 1, '陈振治': 1, '加尧姆': 1, '芭夏': 1, '晓赖': 1, '司徒美堂': 1, '陆幸生': 1, '袁志成': 1, '秦满江': 1, '刘勇': 1, '陈舜瑶': 1, '陆懋曾': 1, '陈锡文': 1, '温光春': 1, '余平': 1, '王艳宁': 1, '佟韦': 1, '吴运昌': 1, '方守贤': 1, '杜泰武': 1, '赛福·拉赫曼': 1, '姜伯勤': 1, '于若木': 1, '弗罗兰德': 1, '巴德年': 1, '苏德慈': 1, '石愚作': 1, '吴焰': 1, '竹青': 1, '文天祥': 1, '杨一民': 1, '石正东': 1, '谭长谷': 1, '陈吉芳': 1, '胡汉三': 1, '黄军军': 1, '刘德华': 1, '王怀玉': 1, '史训知': 1, '冯昭奎': 1, '罗涵先': 1, '哈维尔·索拉纳': 1, '李祖泽': 1, '倪国熙': 1, '蔡才玑': 1, '董经纬': 1, '土井多贺子': 1, '张鸿雁': 1, '孙国维': 1, '韦斯滕多普': 1, '梁刘': 1, '开宣': 1, '陈灏珠': 1, '王守昌': 1, '柱柱': 1, '范乐年': 1, '陈澄雄': 1, '胡贤生': 1, '相从智': 1, '侯德强': 1, '弗朗切斯科·弗朗兰利': 1, '卢增全': 1, '张进修': 1, '周永新': 1, '杨拯民': 1, '谢赫·哈希娜': 1, '唐汤民': 1, '德德玛': 1, '顾伯瑾': 1, '沃尔斯费尔德': 1, '关在汉': 1, '母秋华': 1, '韩启德': 1, '穆斯塔法·本·马苏尔': 1, '阿诺德': 1, '殷秀梅': 1, '应伊利': 1, '盛树仁': 1, '洪国藩': 1, '王昭耀': 1, '王宏民': 1, '于魁智': 1, '周永仙': 1, '刘殿中': 1, '陆福恩': 1, '林仓·晋美': 1, '张舟': 1, '曾凡煦': 1, '杜延明': 1, '官天一': 1, '查春明': 1, '施展熊': 1, '韦穗': 1, '赖水景': 1, '庞中英': 1, '孙占海': 1, '胡子昂': 1, '袁士畴': 1, '刘松金': 1, '张晓晶': 1, '约翰·加朗': 1, '胡明': 1, '梁雄健': 1, '王云山': 1, '魏纪中': 1, '宋路喜': 1, '姚彩霞': 1, '武四海': 1, '王充闾': 1, '阮华盛': 1, '陈善凤': 1, '爱迪生': 1, '陈然峰': 1, '大月': 1, '阿彻': 1, '张新时': 1, '习近平': 1, '刘玉勋': 1, '张爱民': 1, '钟旺兴': 1, '崔占福': 1, '钱应学': 1, '米洛舍维奇': 1, '伯瑞恩': 1, '孔尚任': 1, '张燕瑾': 1, '王群': 1, '宁毓华': 1, '摇音': 1, '钱荣友': 1, '席义方': 1, '钟安': 1, '埃利奥特·莫尔斯': 1, '田来春': 1, '杨雪梅': 1, '魏金栋': 1, '周时昌': 1, '瓦西姆': 1, '刘琮': 1, '马毅民': 1, '迈纳萨拉': 1, '龚达发': 1, '傅世垣': 1, '张锦秋': 1, '黎殿春': 1, '刘孝慈': 1, '刘淑莹': 1, '胡志方': 1, '杨咏沂': 1, '晓朱': 1, '廖静文': 1, '翁霍': 1, '陈敏章': 1, '张志辉': 1, '舒自尧': 1, '陈癸尊': 1, '沈求我': 1, '胡旭东': 1, '沈士团': 1, '田麦久': 1, '才利民': 1, '世庆': 1, '陈兰通': 1, '福诺斯': 1, '单伟': 1, '叶青': 1, '刘广才': 1, '温中甲': 1, '谢芳': 1, '李雁鹰': 1, '陈广华': 1, '方捷': 1, '郭柏林': 1, '许地山': 1, '许雁': 1, '李红旗': 1, '黎翠珍': 1, '赵凤翔': 1, '张月世': 1, '阎文清': 1, '潘蓓蕾': 1, '剑武': 1, '苏子云': 1, '周志刚': 1, '黄天明': 1, '孙小虹': 1, '斯克里亚宾': 1, '郭秋华': 1, '王尚志': 1, '马季': 1, '周彦斌': 1, '荆轲': 1, '刘广运': 1, '张文瑞': 1, '罗伟': 1, '王宗璋': 1, '殷铿': 1, '周恒': 1, '段嵘': 1, '哈贝马斯': 1, '戴锡榕': 1, '诺': 1, '严复': 1, '宗焕平': 1, '吴大诚': 1, '蔡伦': 1, '黄炎培': 1, '张继钢': 1, '董慧': 1, '赵金河': 1, '李栋善': 1, '曹灿': 1, '胡子诚': 1, '张润霞': 1, '张复良': 1, '杨月华': 1, '张旭': 1, '张剑': 1, '罗瘿公': 1, '冯彩霞': 1, '吴公剑': 1, '樊纲': 1, '柳斌': 1, '辜文兴': 1, '林永建': 1, '李仁中': 1, '甘道明': 1, '萨维茨卡亚': 1, '潘虹': 1, '惠永正': 1, '岑红': 1, '孔庆锋': 1, '甘幼坪': 1, '王崇伦': 1, '王东华': 1, '陈淑兰': 1, '柯宝成': 1, '赵恩登': 1, '路易斯·郑': 1, '胡和颜': 1, '王业宁': 1, '孙自铎': 1, '夏昆山': 1, '翦英海': 1, '夏才源': 1, '曼·莫汉·阿迪卡里': 1, '陈爱国': 1, '政文': 1, '朱典明': 1, '迪里拜尔': 1, '张铁林': 1, '云宣新': 1, '懿王': 1, '李礼章': 1, '张彦中': 1, '向阳': 1, '朱亚衍': 1, '刘志辉': 1, '列维坦': 1, '赵彦修': 1, '卡西尔': 1, '惠研': 1, '衣宝泰': 1, '梁吉生': 1, '苟海峰': 1, '王祥林': 1, '王明明': 1, '林祖庚': 1, '巴岱': 1, '闻大中': 1, '杨兰荪': 1, '关广富': 1, '马国超': 1, '黄运成': 1, '张东文': 1, '沈建波': 1, '吴溪淳': 1, '苗再新': 1, '马连凯': 1, '泰勒尔': 1, '阿嘉·洛桑图旦': 1, '叶大年': 1, '杨念一': 1, '陈国华': 1, '袁文耀': 1, '梁自卫': 1, '凯斯里': 1, '伊琳娜': 1, '钱梓弘': 1, '薛慕煊': 1, '闻邦椿': 1, '肖作福': 1, '欧德·威博': 1, '刘鸿庥': 1, '王恒丰': 1, '白滨一良': 1, '加米尔': 1, '陈强': 1, '龚如心': 1, '刘世昌': 1, '林才宇': 1, '曲继宁': 1, '王璐瑶': 1, '张德安': 1, '卢永华': 1, '范戴肯': 1, '王剑': 1, '傅冬': 1, '里赫特': 1, '韩少功': 1, '伊马纳利耶夫': 1, '郭树言': 1, '姜伯驹': 1, '黄婉秋': 1, '陆汉魁': 1, '鲍蕙荞': 1, '李生南': 1, '白文庆': 1, '朱振江': 1, '刘正语': 1, '黎梅松': 1, '路华': 1, '侯学煜': 1, '裴艳玲': 1, '张润莲': 1, '王德炳': 1, '陶': 1, '吕厄': 1, '张德元': 1, '孙运河': 1, '贾治邦': 1, '温妮妮': 1, '马刚': 1, '王振武': 1, '周维德': 1, '徐小帆': 1, '瓦尔达斯·阿达姆库斯': 1, '邓福村': 1, '徐逸樵': 1, '安小虎': 1, '里查德·斯博特舍': 1, '布林卡特': 1, '杨福昌': 1, '裘锡圭': 1, '潘泉': 1, '梁春贵': 1, '刘光': 1, '张千一': 1, '陈兰': 1, '俞忠钰': 1, '宋凤芝': 1, '李新良': 1, '邹静之': 1, '吴若秋': 1, '田期玉': 1, '马有礼': 1, '徐殿举': 1, '陈玉凤': 1, '张梦谦': 1, '克里木': 1, '李大勇': 1, '多明戈·西亚松': 1, '王稼祥': 1, '李元栋': 1, '王露丹': 1, '何来生': 1, '廖云龙': 1, '吉内特·哈姆利': 1, '易爱军': 1, '肖扬': 1, '陈春林': 1, '任保发': 1, '李妲': 1, '汪世瑜': 1, '奥马尔·哈桑·艾哈迈德·巴希尔': 1, '于振海': 1, '张景坡': 1, '张立杰': 1, '唐浩明': 1, '李金文': 1, '高尚全': 1, '黄济人': 1, '刘浦泉': 1, '李景卫': 1, '周然毅': 1, '韩钟（昆音）': 1, '郑茂清': 1, '唐树森': 1, '张太恒': 1, '黄定元': 1, '李进': 1, '谭素英': 1, '桂敏杰': 1, '李嘉廷': 1, '李占荣': 1, '崔晋宏': 1, '齐连运': 1, '韩俊': 1, '王娴': 1, '郑励志': 1, '任文': 1, '周坚卫': 1, '王谨': 1, '杜如昱': 1, '王安石': 1, '钟义仲': 1, '科普捷夫': 1, '彭育群': 1, '鲍善昌': 1, '王大鹏': 1, '严明': 1, '屈原': 1, '沃尔劳森': 1, '沈月端': 1, '晓周': 1, '石兆彬': 1, '刘道国': 1, '许燕莉': 1, '张万欣': 1, '余艳红': 1, '徐文伯': 1, '曹照琴': 1, '周小琴': 1, '陈春威': 1, '叶琳': 1, '高渊': 1, '刘进庆': 1, '于志杰': 1, '孙秀艳': 1, '李源': 1, '范罗斯特': 1, '高扬文': 1, '包金华': 1, '左洪涛': 1, '陈肇博': 1, '孟宪荣': 1, '林信成': 1, '田宝印': 1, '金异': 1, '杨洪柯': 1, '夏湘平': 1, '张厚载': 1, '拉扎尔·贝尔曼': 1, '凌呼君': 1, '杨霞': 1, '任志强': 1, '徐大毅': 1, '胡水元': 1, '周宁一': 1, '邓世军': 1, '邢燕翔': 1, '青颖': 1, '李瑞英': 1, '龚乃昌': 1, '吴晓军': 1, '蔡冠深': 1, '周继强': 1, '金山': 1, '桑佩尔': 1, '叶达泉': 1, '张贵剑': 1, '高山岳': 1, '徐炳松': 1, '高锦屏': 1, '陈醉': 1, '贝福荣': 1, '崔文华': 1, '许延荣': 1, '黄因慧': 1, '严群力': 1, '张权': 1, '张金海': 1, '黄紫玉': 1, '李虎成': 1, '张步洲': 1, '巫昌祯': 1, '胡占彪': 1, '贾若瑜': 1, '赵汝蘅': 1, '宋明亮': 1, '艾山': 1, '斯琴其木格': 1, '罗景民': 1, '茹水泉': 1, '丁俊杰': 1, '贾平凹': 1, '乌云': 1, '陈增光': 1, '徐州': 1, '纳拉亚南': 1, '钟保': 1, '江青': 1, '李喜华': 1, '许玉文': 1, '张永钧': 1, '卡恩': 1, '濑田裕子': 1, '何柱国': 1, '诺夫': 1, '弗兰克·卡恩': 1, '雷世银': 1, '吴博亚': 1, '王常顺': 1, '吴福': 1, '张海丽': 1, '欧阳明远': 1, '宋德敏': 1, '斯卡拉': 1, '冯世良': 1, '张起河': 1, '孔繁文': 1, '刘明英': 1, '贾锡太': 1, '滕进贤': 1, '康淑兰': 1, '王仞': 1, '张德义': 1, '龙新': 1, '王震源': 1, '张炯强': 1, '藤田彬': 1, '张礼慧': 1, '陈秀芳': 1, '季家宏': 1, '李仁': 1, '王厚德': 1, '庄利': 1, '吴厚溥': 1, '焦文俊': 1, '何新': 1, '陆熙': 1, '冯国伦': 1, '郭广昌': 1, '杨广': 1, '张友会': 1, '高严': 1, '刘俊南': 1, '乌兰夫': 1, '胡家兴': 1, '戴元本': 1, '原焘': 1, '穆勒尔': 1, '高惠娟': 1, '曾彦修': 1, '李硕勋': 1, '霍尔布鲁克': 1, '邱国义': 1, '魏玉凤': 1, '玛依拉': 1, '单基夫': 1, '董成宝': 1, '徐辉': 1, '福尔加奇': 1, '亨利': 1, '华黎明': 1, '秦宪进': 1, '李少奇': 1, '马俊孝': 1, '王晓群': 1, '王世英': 1, '陈雅棠': 1, '厉有为': 1, '小金': 1, '罗思': 1, '刘文西': 1, '尧西·旺堆': 1, '左文茹': 1, '谭葵': 1, '张少鸿': 1, '施耐庵': 1, '苏雪冰': 1, '高强': 1, '何少存': 1, '谢子长': 1, '薛鸿': 1, '陈虹': 1, '潘隆森': 1, '杨起': 1, '卡西迪': 1, '李广尊': 1, '徐如人': 1, '吴明熹': 1, '桑福·威尔': 1, '阿马丽亚': 1, '金莉莉': 1, '王德云': 1, '许可': 1, '王向民': 1, '苏红平': 1, '刘本楚': 1, '赵晓雷': 1, '李世忠': 1, '王凤岐': 1, '朱相远': 1, '杨道': 1, '夏清泉': 1, '马博敏': 1, '胡利奥·鲁伊斯': 1, '赵士英': 1, '宋晓菡': 1, '瓦扬·古久里': 1, '赖丽水': 1, '傅家谟': 1, '杨谊群': 1, '本·阿格尔': 1, '林用三': 1, '王小云': 1, '康乐书': 1, '刘平源': 1, '陈诗惠': 1, '王丽': 1, '伉铁保': 1, '陈小英': 1, '梁国彪': 1, '王成喜': 1, '李钊': 1, '林嘉（马来）': 1, '孙为军': 1, '边保国': 1, '蔡庆播': 1, '姜铮': 1, '托尼·布莱尔': 1, '赖明隆': 1, '张静': 1, '步智信': 1, '陈勉': 1, '阮青': 1, '陆中秋': 1, '宦国英': 1, '尧西·索朗卓玛': 1, '蔡德存': 1, '章猛进': 1, '刘荣礼': 1, '霍尔金娜': 1, '刘于鹤': 1, '李金宝': 1, '杨少波': 1, '汪愚': 1, '林利': 1, '王浦安': 1, '范斯祖': 1, '张文范': 1, '李嘉音': 1, '王正福': 1, '张育宾': 1, '李慈君': 1, '田鸣': 1, '王性复': 1, '朱语今': 1, '李广松': 1, '张忠俭': 1, '克里斯托尔': 1, '冯克煦': 1, '齐治家': 1, '欧锡钊': 1, '朱维芳': 1, '杨春霞': 1, '苏东坡': 1, '宋洁富': 1, '刘宁': 1, '秦晖': 1, '遵': 1, '萧梓树': 1, '徐天红': 1, '王永华': 1, '余少腾': 1, '塔纳苏干': 1, '韩德乾': 1, '裴先长': 1, '王习三': 1, '陆宗霖': 1, '钱冠林': 1, '徐是雄': 1, '缪青民': 1, '董毅敏': 1, '文喆': 1, '王玉江': 1, '胡延森': 1, '单大德': 1, '广华': 1, '简·霍金斯': 1, '康泠': 1, '赛义德·本·穆斯塔法': 1, '迈斯塔特': 1, '潘震宙': 1, '徐忠敏': 1, '曾华鹏': 1, '许俐丽': 1, '李玉臻': 1, '费老': 1, '阮氏': 1, '张思德': 1, '吕志强': 1, '晏子': 1, '买买提明·扎克尔': 1, '王霞林': 1, '吕网大': 1, '马纪新': 1, '崔建国': 1, '余纯顺': 1, '汤': 1, '王克迪': 1, '布朗': 1, '亨利·谢尔顿': 1, '杨灵生': 1, '刘士华': 1, '杨飞摄': 1, '胡应湘': 1, '李长铎': 1, '李连庚': 1, '李居昌': 1, '吴元迈': 1, '高成蒲': 1, '柳海峰': 1, '慎海雄': 1, '曹康泰': 1, '白钢': 1, '韩晶娜': 1, '黄金荣': 1, '李日新': 1, '邓秀新': 1, '盖茨': 1, '千禾': 1, '郑君里': 1, '博斯科夫斯基': 1, '李财源': 1, '王立民': 1, '罗哈斯': 1, '陈云龙': 1, '李凤': 1, '郭雷': 1, '王晓秋': 1, '迟云秀': 1, '宗素华': 1, '林锴': 1, '庄福龄': 1, '任军锋': 1, '周文吉': 1, '穆索尔斯基': 1, '袁运甫': 1, '杨俊文': 1, '尹家骅': 1, '官顺': 1, '斯·费舍尔': 1, '路易吉·马扎': 1, '关良': 1, '张勋贤': 1, '吕朝晖': 1, '佟景宸': 1, '秦文俊': 1, '刘金生': 1, '张捷': 1, '米·科利姆': 1, '蒋安全': 1, '杨颖': 1, '陈坤': 1, '久卡诺维奇': 1, '苏菲': 1, '江耀明': 1, '于燕文': 1, '陈爱莲': 1, '大康': 1, '周超凡': 1, '博奈丽': 1, '张燕': 1, '索尔·埃斯特林': 1, '米高扬': 1, '詹永杰': 1, '陆鉴平': 1, '阿嘉·洛桑图旦·久美加措': 1, '范维唐': 1, '张玉明': 1, '林默涵': 1, '通宣': 1, '肖善因': 1, '喇进修': 1, '谭': 1, '侯波': 1, '任江平': 1, '马东生': 1, '朱峻峰': 1, '陈晓平': 1, '陈荣春': 1, '罗伯特·鲁宾': 1, '范增胜': 1, '徐冠华': 1, '刘丕训': 1, '薛康': 1, '张建玲': 1, '刘业国': 1, '阎志祥': 1, '杨大峥': 1, '肖克凡': 1, '祝源又': 1, '丘广钟': 1, '张占涛': 1, '姚有多': 1, '陶仲历': 1, '伍廷宪': 1, '尹明善': 1, '高棠': 1, '王坪': 1, '何祚欢': 1, '崔成龙': 1, '陆广莘': 1, '张和平': 1, '邵方殷': 1, '张次溪': 1, '樊曼侬': 1, '哈勃': 1, '朗费罗': 1, '张尉': 1, '张卫刚': 1, '赵葆华': 1, '唐克美': 1, '崔军强': 1, '乐靖宜': 1, '张思斌': 1, '段和平': 1, '黄玉生': 1, '林明月': 1, '曹培生': 1, '夏志勇': 1, '翟泰丰': 1, '周永东': 1, '李品三': 1, '李志雄': 1, '卡洛斯': 1, '达庆利': 1, '瞿韵': 1, '蒋作君': 1, '褚遂良': 1, '袁正中': 1, '陆谷孙': 1, '王小风': 1, '滕文骥': 1, '伍并亚·温撒': 1, '李芳琴': 1, '徐德志': 1, '何秉松': 1, '田均良': 1, '赵洪祝': 1, '段心强': 1, '王义亮': 1, '陈斌': 1, '皮雷斯': 1, '赵玉平': 1, '惠然': 1, '李延龄': 1, '陈永柱': 1, '刘建成': 1, '李标晶': 1, '艾伦': 1, '许学强': 1, '颜真卿': 1, '李国忠': 1, '范青': 1, '程潜': 1, '李世学': 1, '麦康奈尔': 1, '迈克尔·阿姆斯特朗': 1, '阮北耀': 1, '黄其兴': 1, '池北偶': 1, '来辉武': 1, '董颖': 1, '石邦定': 1, '吕相友': 1, '郑海泉': 1, '邹清丽': 1, '剑武安': 1, '施琅': 1, '王志钧': 1, '谢希德': 1, '王炜': 1, '叶石池': 1, '吴才荣': 1, '潘李珍': 1, '杨书浩': 1, '罗汉江': 1, '彭朝晖': 1, '陈瑞清': 1, '玉素甫·艾沙': 1, '晓光': 1, '谢佑卿': 1, '岳枫': 1, '里依斯': 1, '管见': 1, '周作人': 1, '江涛': 1, '于晋峰': 1, '张伟': 1, '金道超': 1, '冈玻斯': 1, '李锦': 1, '李毅': 1, '夏令安': 1, '王力': 1, '孙云晓': 1, '李炳银': 1, '秦蕴珊': 1, '杜祥明': 1, '赵家宽': 1, '高瑞科': 1, '孙克雄': 1, '帕巴公觉': 1, '许军': 1, '司徒桂美': 1, '林金泉': 1, '约翰松': 1, '卢加斯': 1, '王景荣': 1, '王五': 1, '劲松': 1, '茅以升': 1, '闵智亭': 1, '黄传新': 1, '楚庄': 1, '吴云汉': 1, '云布龙': 1, '邓拓': 1, '赵世贤': 1, '牛志远': 1, '彭致圭': 1, '肖白': 1, '林岫': 1, '胡芝风': 1, '李静': 1, '瓦茨拉夫·哈韦尔': 1, '甘英': 1, '贾启玉': 1, '叶宝珊': 1, '马尔廷': 1, '欧云远': 1, '李连达': 1, '王科': 1, '冯小宁': 1, '牛玉秋': 1, '蔡鲁伦': 1, '张瑜': 1, '何竹康': 1, '张海军': 1, '杨庆凯': 1, '胡廷积': 1, '让·雅克·莫里斯': 1, '姚建年': 1, '张彦加': 1, '阿炳': 1, '老闫': 1, '尹品端': 1, '陈受宜': 1, '陈彰嘉': 1, '周绍熹': 1, '马文': 1, '阎琢': 1, '罗曼·罗兰': 1, '喻斌': 1, '陆延昌': 1, '令狐安': 1, '董浓': 1, '魏振华': 1, '倪煜': 1, '程映萱': 1, '韩国瑞': 1, '刘金美': 1, '刘恒椽': 1, '斯图尔特·默里': 1, '李光羲': 1, '陈白皋': 1, '李燕子': 1, '黄志恭': 1, '赖斌': 1, '郑雪碧': 1, '徐卫东': 1, '唐博学': 1, '晓胡': 1, '张文宝': 1, '强伯勤': 1, '石祥': 1, '孟庆丽': 1, '毕格斯': 1, '罗德丞': 1, '刘乃兰': 1, '董玲': 1, '宝音德力格尔': 1, '马相武': 1, '李成玉': 1, '陈昌洁': 1, '金惠康': 1, '金华': 1, '郑法雷': 1, '李铁成': 1, '张抗抗': 1, '詹天佑': 1, '李佳好': 1, '李景田': 1, '胡应龙': 1, '牛占山': 1, '刘凤桢': 1, '吉普·平措次登': 1, '杨洪基': 1, '戴成文': 1, '清水': 1, '杨丽霞': 1, '李辅仁': 1, '赵乙生': 1, '张也': 1, '贾才': 1, '李海武': 1, '黄大卫': 1, '李秋平': 1, '于宗周': 1, '纳国祥': 1, '万方': 1, '王志良': 1, '徐更生': 1, '李卫斌': 1, '杨国春': 1, '陈永川': 1, '孙毓庆': 1, '朱静': 1, '王永': 1, '何梅芳': 1, '苗永明': 1, '维瑜': 1, '沈允钢': 1, '唐绩初': 1, '比什凯克': 1, '邓鸿勋': 1, '米歇尔': 1, '张同盟': 1, '雷恪生': 1, '陈威': 1, '赵申': 1, '聪儿': 1, '梁文龙': 1, '陈复礼': 1, '李佩甫': 1, '王世杰': 1, '冯杰': 1, '赵太忠': 1, '柴俊民': 1, '高文雄': 1, '梁娟': 1, '屈永义': 1, '张厚粲': 1, '谢孝汉': 1, '翁祖泽': 1, '叶辛': 1, '切支丹': 1, '汪希萱': 1, '刘基': 1, '刘昌谋': 1, '克尤木·巴吾东': 1, '李维康': 1, '万达': 1, '黄学锋': 1, '杨小平': 1, '白大华': 1, '翦伯赞': 1, '苏步青': 1, '王先民': 1, '周俊峰': 1, '黎': 1, '沈龙文': 1, '刘是龙': 1, '李大维': 1, '裘忠源': 1, '张习海': 1, '陈省身': 1, '江姐': 1, '杨复兴': 1, '墨文川': 1, '蒋志伊': 1, '郑超愚': 1, '游清泉': 1, '黄高谦': 1, '席成洲': 1, '黄葳': 1, '柳欣': 1, '董光清': 1, '齐洁爽': 1, '周桂英': 1, '陈光': 1, '吴新涛': 1, '张启楣': 1, '李燕': 1, '洪华生': 1, '朱锦林': 1, '沈震林': 1, '秦宏平': 1, '黄凉尘': 1, '安莉': 1, '申维辰': 1, '邹广严': 1, '邢福义': 1, '甘柏林': 1, '约瑟': 1, '张天翼': 1, '元也': 1, '仲波': 1, '吴昌期': 1, '天沛': 1, '艾芜': 1, '郭刚': 1, '余敦康': 1, '洪升': 1, '陈及霖': 1, '赫尔丁': 1, '巩德顺': 1, '鲍威尔': 1, '张建一': 1, '樊萌': 1, '羊盘初': 1, '刘勤': 1, '苏振兴': 1, '王战': 1, '吴贱安': 1, '陈希同': 1, '王枫': 1, '段柄仁': 1, '桑杰': 1, '简': 1, '李秀恒': 1, '欧向阳': 1, '宋金升': 1, '蔡义江': 1, '罗森加特': 1, '蔡睿贤': 1, '沈根': 1, '李玉成': 1, '林而达': 1, '萧春华': 1, '梁伯韬': 1, '李群华': 1, '靳辉明': 1, '丰雪州': 1, '高存德': 1, '杨国屏': 1, '李志斌': 1, '吴京红': 1, '朱兴伟': 1, '张颖': 1, '阿依吐拉': 1, '廖庭建': 1, '张肄文': 1, '曾志光': 1, '巴尔扎克': 1, '陈丽玲': 1, '跃华黎明': 1, '王克英': 1, '王虎': 1, '布里坦': 1, '吴元戌': 1, '李健': 1, '王忠康': 1, '秦秋': 1, '杨振宁': 1, '胡鸿烈': 1, '马可·波罗': 1, '莫尼卡·莱温斯基': 1, '瓦内': 1, '袁建军': 1, '林文': 1, '刘国典': 1, '范涛': 1, '傅熹年': 1, '李康': 1, '杜春晏': 1, '梁明勋': 1, '沈德溶': 1, '李向阳': 1, '刘毅': 1, '张宁斌': 1, '李传卿': 1, '张太亭': 1, '李坚': 1, '房兴耀': 1, '秦雪珍': 1, '范堆相': 1, '郑卫': 1, '卢之超': 1, '王遐方': 1, '王光德': 1, '经君健': 1, '王超斌': 1, '李劼人': 1, '阎维文': 1, '刘国范': 1, '吴守一': 1, '王振华': 1, '陈俊勇': 1, '范志毅': 1, '黄开发': 1, '张宝三': 1, '方天丰': 1, '卢秀梅': 1, '陈文光': 1, '丽泰': 1, '张弛': 1, '姜燮生': 1, '华子逸': 1, '王呈选': 1, '俞海潮': 1, '唐之享': 1, '占钧': 1, '汝小美': 1, '荀永利': 1, '克利姆': 1, '戴爱莲': 1, '潘日源': 1, '谢华安': 1, '周××': 1, '段存章': 1, '李大壮': 1, '何志毛': 1, '杨继良': 1, '姚敏学': 1, '徐麟祥': 1, '谢志伟': 1, '孔庆源': 1, '吴昌顺': 1, '细川护熙': 1, '刘占锋': 1, '岳岐峰': 1, '李向高': 1, '鞠雅莲': 1, '古可': 1, '康交阳': 1, '李唯实': 1, '陈佩斯': 1, '韩寿': 1, '秦泽克': 1, '潘承凡': 1, '周鼎': 1, 'Ｍａｒｋ': 1, '史蒂芬·斯皮尔伯格': 1, '忠菊': 1, '熊大方': 1, '何全良': 1, '刘汉铨': 1, '孟宪欣': 1, '赵桂英': 1, '戴巍': 1, '冯梦龙': 1, '席勒': 1, '朱光武': 1, '马长有': 1, '沈虹冰': 1, '陈晓颖': 1, '高玉明': 1, '徐才': 1, '徐启雄': 1, '张茅': 1, '高歌': 1, '吴碧莲': 1, '李才': 1, '王植柔': 1, '王慧明': 1, '董志伟': 1, '黄楠森': 1, '孙敏初': 1, '陈昆昌': 1, '唐天标': 1, '刘贻文': 1, '熊伯响': 1, '邵燕祥': 1, '穆永吉': 1, '苏光国': 1, '李觉文': 1, '陆明远': 1, '徐奉洙': 1, '傅惠民': 1, '姚焕章': 1, '刘学春': 1, '杨海坤': 1, '凌元': 1, '王福义': 1, '谌取荣': 1, '洪惠馨': 1, '理明': 1, '韩为民': 1, '赵宏': 1, '王仁杰': 1, '裘盛戎': 1, '卓小六': 1, '楼大鹏': 1, '林荣茂': 1, '罗致焕': 1, '谢奇': 1, '高道强': 1, '叶秀山': 1, '李笠翁': 1, '郑社奎': 1, '晓王': 1, '龚焕文': 1, '张爱兰': 1, '科雷查恩': 1, '沈宫轩': 1, '宋登华': 1, '宋书声': 1, '王正平': 1, '泽民': 1, '黄大能': 1, '刘桂萍': 1, '马扬': 1, '布莱克·克莱': 1, '牛': 1, '宋启明': 1, '宋丹丹': 1, '卢强': 1, '贾福云': 1, '张素贞': 1, '章中': 1, '于秀梅': 1, '张华祝': 1, '王兰': 1, '朱培康': 1, '石昌禄': 1, '蒋文良': 1, '王堇屹': 1, '胡仙': 1, '贾祥': 1, '刘希林': 1, '邱金华': 1, '李广毅': 1, '李荣轩': 1, '茹克叶·穆罕默德': 1, '王立东': 1, '冯银忠': 1, '珉君': 1, '尹幼奇': 1, '肖炼': 1, '范肖梅': 1, '张琨锐': 1, '袁思忠': 1, '关长宇': 1, '赵云献': 1, '庄维汉': 1, '朱章印': 1, '李太白': 1, '王馥荔': 1, '云枫': 1, '王建新': 1, '胡琳珍': 1, '林贝聿嘉': 1, '刘柏年': 1, '唐召明': 1, '何晴': 1, '张大华': 1, '张业忠': 1, '段存华': 1, '布拉德利·谢弗': 1, '张元方': 1, '江明': 1, '鲁平': 1, '卫岩': 1, '周华健': 1, '张锲': 1, '包玉星': 1, '高扬': 1, '张冀鲁': 1, '徐凌霄': 1, '李长顺': 1, '孟凡茂': 1, '邓亚平': 1, '吴国村': 1, '牛沛岩': 1, '蔡俊五': 1, '储学军': 1, '谭伯源': 1, '朱佩': 1, '韦典华': 1, '郭肖容': 1, '颜延龄': 1, '欧阳自远': 1, '范韩生': 1, '程晓玲': 1, '李洪': 1, '叶朗': 1, '韩奇': 1, '蒋仲平': 1, '谢衷洁': 1, '张宇生': 1, '彼得·罗曼': 1, '李念政': 1, '曹海明': 1, '计佑铭': 1, '陈新增': 1, '栾卫东': 1, '杨泓': 1, '姆贝雷南多·武宁邦博': 1, '方掬芬': 1, '吴一坚': 1, '梁平波': 1, '张洪华': 1, '金日光': 1, '泉博顺': 1, '李忠镇': 1, '梁国鲁': 1, '宋学功': 1, '西吉斯瓦尔德·库伊肯': 1, '索研': 1, '程铁生': 1, '刘丕秀': 1, '荀慧生': 1, '李家明': 1, '安金鹏': 1, '李志勇': 1, '叶少兰': 1, '胡继高': 1, '刘德有': 1, '刘戡': 1, '陈镜开': 1, '谢国良': 1, '王录生': 1, '李宝芳': 1, '才旺多吉': 1, '方仙云': 1, '陆治': 1, '蒋腊摆': 1, '李卫天': 1, '顾欣': 1, '林玉英': 1, '刘荣惠': 1, '韩宗宏': 1, '陶涛': 1, '刘英': 1, '姚文仓': 1, '邱继红': 1, '王立忠': 1, '王林生': 1, '任': 1, '李晓宏': 1, '成志伟': 1, '栗寿山': 1, '韩警非': 1, '伟方': 1, '陈振旭': 1, '吴嘉甫': 1, '马德水': 1, '黄枫华': 1, '吴庭良': 1, '其美泽巴': 1, '林为林': 1, '黄舜': 1, '李国欣': 1, '李军': 1, '唐尼采蒂': 1, '汤建国': 1, '丁传贤': 1, '张连文': 1, '陈砾': 1, '雷世林': 1, '吾甫尔·阿不都拉': 1, '黄良高': 1, '何德全': 1, '汉卿': 1, '阿嘉·洛桑图旦·久美嘉措': 1, '宣平': 1, '李金松': 1, '田北俊': 1, '吴建秀': 1, '黄淑子': 1, '姚柏林': 1, '穆东升': 1, '廖志承': 1, '贺义男': 1, '蒋志伟': 1, '孟淑惠': 1, '潘东香': 1, '张生贵': 1, '宋春迎': 1, '黄世坤': 1, '王卫国': 1, '西亚松': 1, '李耀文': 1, '拉茂雍增·洛桑克珠嘉措': 1, '黄彦': 1, '卢萍': 1, '王四代': 1, '阎涵': 1, '陈金飞': 1, '尚正海': 1, '厉佛灯': 1, '李五成': 1, '汤显祖': 1, '张汉平': 1, '王宁': 1, '加藤正夫': 1, '陈高华': 1, '吴志美': 1, '法老王彼比': 1, '赓': 1, '朱乔森': 1, '朱景有': 1, '赵本山': 1, '刘民复': 1, '谢德体': 1, '杨作林': 1, '赵青': 1, '陈春龙': 1, '钱兆熹': 1, '贺锦辉': 1, '王爱爱': 1, '何瑞荣': 1, '桑顶·多吉帕姆·德庆曲珍': 1, '谢丽娟': 1, '奈什': 1, '索尼亚·甘地': 1, '沙曼': 1, '加纳·加央克珠': 1, '赵太侔': 1, '郭瑾浩': 1, '张玉敏': 1, '郑小箴': 1, '刘京': 1, '金嫣': 1, '王大成': 1, '王凤超': 1, '闻一多': 1, '徐如镜': 1, '萨米亚': 1, '廖正亮': 1, '牛国华': 1, '陈棋福': 1, '王鹤寿': 1, '吴志华': 1, '杨本鹏': 1, '王梦恕': 1, '李文治': 1, '王建双': 1, '潘月樵': 1, '王蒙': 1, '纪万新': 1, '杨谨华': 1, '老秦': 1, '孙晓村': 1, '刘子富': 1, '于宁': 1, '刘同起': 1, '岳世淑': 1, '王国藩': 1, '王怡珩': 1, '孙小宝': 1, '李其凡': 1, '王经中': 1, '任怀民': 1, '李小双': 1, '王连铮': 1, '李仕臣': 1, '赵延年': 1, '胡涛': 1, '金中·坚赞平措': 1, '王茂兴': 1, '秦广艳': 1, '刘志坚': 1, '张继禹': 1, '罗冠京': 1, '黄新德': 1, '居里夫人': 1, '小廖': 1, '陆煜泰': 1, '冯炯华': 1, '黄锐': 1, '张宝义': 1, '曹龙彪': 1, '塞迪略': 1, '钟鸥鸣': 1, '赵金川': 1, '乔聿': 1, '桂运东': 1, '陈孚平': 1, '如来佛': 1, '陈丽': 1, '仁杰': 1, '裕': 1, '李培龙': 1, '张广志': 1, '远远': 1, '陶红珍': 1, '焦锦淼': 1, '刘文忠': 1, '杨得志': 1, '张伯伦': 1, '崔秀萍': 1, '刘莹': 1, '雨田': 1, '张持坚': 1, '陈金烈': 1, '洪祖杭': 1, '林××': 1, '曹冬梅': 1, '段昆生': 1, '布马扎': 1, '朱宝善': 1, '包文发': 1, '陈钢': 1, '披集·拉达军': 1, '葫芦娃': 1, '马西': 1, '刘业定': 1, '余国春': 1, '关桥': 1, '胡荣华': 1, '曾庆存': 1, '周干峙': 1, '卡尔·波普': 1, '张凯臣': 1, '靳承序': 1, '孙久奎': 1, '陈立军': 1, '赵正夫': 1, '韦杰铮': 1, '铁铮': 1, '王述举': 1, '邓风华': 1, '朱智勇': 1, '陈小牧': 1, '王可胜': 1, '张焕文': 1, '徐水云': 1, '徐崇温': 1, '韩利华': 1, '宁记': 1, '刘宝': 1, '熊自仁': 1, '阿凡提': 1, '侯伯文': 1, '沃尔夫': 1, '谢跃文': 1, '周伯华': 1, '杨义先': 1, '赵冲': 1, '马惠生': 1, '赵宝珍': 1, '朱民': 1, '侯淅珉': 1, '欧泽高': 1, '焦守云': 1, '沙陀': 1, '陈森吉': 1, '郝跃': 1, '杜文育': 1, '高爱平': 1, '查懋声': 1, '根通': 1, '赖嘉第': 1, '周宝华': 1, '崔明勋': 1, '胡海昕': 1, '石菊香': 1, '沈国舫': 1, '孙家贤': 1, '王莲香': 1, '吴建国': 1, '格朗尼': 1, '王亚辉': 1, '刘虹': 1, '席国胜': 1, '谢高觉': 1, '瓯海': 1, '郑勇': 1, '王维城': 1, '南翔': 1, '马瑾': 1, '陈绍武': 1, '李道民': 1, '蔡彰': 1, '布场古': 1, '杜宝平': 1, '史丰收': 1, '王琳': 1, '闫': 1, '阿诗玛': 1, '钱云强': 1, '谢华萍': 1, '巴斯': 1, '马丽静': 1, '徐寿增': 1, '王十川': 1, '黄万坡': 1, '陶秀璈': 1, '魏后': 1, '张丽玲': 1, '徐世瑶': 1, '俞荣根': 1, '扈志民': 1, '魏兹': 1, '罗广基': 1, '靳晋': 1, '陈铎': 1, '舍勒巴图': 1, '窦旭山': 1, '陆敬平': 1, '胡积康': 1, '周欣': 1, '丁瑜': 1, '赵海波': 1, '任新民': 1, '李守仁': 1, '曾敏之': 1, '张玉平': 1, '黄瑶': 1, '刘维明': 1, '崔莺莺': 1, '陆锡蕾': 1, '赵廷运': 1, '朱振义': 1, '王锦海': 1, '屠光绍': 1, '师永刚': 1, '张贤亮': 1, '刘金莲': 1, '斯蒂文': 1, '乔': 1, '特林布尔': 1, '罗更前': 1, '张保安': 1, '神农': 1, '王孝涛': 1, '刘佑民': 1, '徐勍': 1, '楼继伟': 1, '羽田': 1, '吕杰': 1, '崔光杰': 1, '周新华': 1, '尼玛泽仁': 1, '陈丹燕': 1, '李昌道': 1, '贺如兵': 1, '李荣': 1, '蔡阳': 1, '程连昌': 1, '李雁荡': 1, '韦基舜': 1, '黄国诚': 1, '车耳': 1, '王保初': 1, '王少阶': 1, '蔡德河': 1, '朱光华': 1, '马基': 1, '许克坤': 1, '乌兰察夫': 1, '赵化勇': 1, '王奉梅': 1, '查理·曼德': 1, '赵建委': 1, '陈世旭': 1, '崔世安': 1, '韩京承': 1, '江小玉': 1, '李欲晞': 1, '孟文翰': 1, '郭振乾': 1, '周天游': 1, '朱丽琴': 1, '邵建武': 1, '陈澎': 1, '吴冷西': 1, '吴惠天': 1, '黄名鑫': 1, '于庆成': 1, '尔兹': 1, '贾志平': 1, '陈文广': 1, '张孝文': 1, '蒋妙瑞': 1, '阿佩尔': 1, '邓子恢': 1, '古德生': 1, '曾重郎': 1, '固辉': 1, '王效贤': 1, '张琢': 1, '叶惠贤': 1, '李舟': 1, '范丽青': 1, '王世光': 1, '赵南起': 1, '米吉提·纳斯尔': 1, '萨里赫': 1, '张跃进': 1, '张耒': 1, '刘鸿书': 1, '杨吉生': 1, '赵小兰': 1, '郑建和': 1, '柴松岳': 1, '西丽玛沃·班达拉奈克': 1, '李昭': 1, '潘兆民': 1, '刘适兰': 1, '王素琴': 1, '郑曦卿': 1, '亚伯': 1, '蒋金锵': 1, '陈燮衡': 1, '卢钟鹤': 1, '李德仁': 1, '吴庆洲': 1, '李天文': 1, '曾洋生': 1, '周维': 1, '资华筠': 1, '拉鲁·次旺多吉': 1, '拉希德': 1, '冯梯云': 1, '董凤基': 1, '田成平': 1, '尼玛慈仁': 1, '赵凤章': 1, '陈云英': 1, '于洋': 1, '哈西娜': 1, '熊毅': 1, '胡世宗': 1, '武立祥': 1, '夏鹏': 1, '陈大白': 1, '毛宁': 1, '刘盛威': 1, '李成仁': 1, '亚斯特任布斯基': 1, '米·斯拉德克': 1, '夏赞忠': 1, '卡尔德拉': 1, '李德才': 1, '山本未来': 1, '陈文英': 1, '贺洪志': 1, '单大年': 1, '俞俭': 1, '胡锡琪': 1, '赵华': 1, '郭月芳': 1, '高天乐': 1, '朱良镇': 1, '和平': 1, '祝嘉铭': 1, '梁建强': 1, '秉广向军': 1, '徐刚': 1, '李尔青': 1, '胥国成': 1, '李恒娟': 1, '蔡轶春': 1, '埃坦': 1, '亚明': 1, '胡永柱': 1, '百合': 1, '拉赫玛尼诺夫': 1, '肖建章': 1, '赵巍巍': 1, '刘德洪': 1, '和毅繁': 1, '唐磊': 1, '刘志林': 1, '张劲松': 1, '路易丝·弗雷谢特': 1, '邹灿基': 1, '刘麟': 1, '杜颖': 1, '邵农': 1, '沈孝泉': 1, '李逢滋': 1, '云公民': 1, '邓一光': 1, '马连良': 1, '王美岳': 1, '杨蕴华': 1, '赵海宽': 1, '覃日飞': 1, '肖顺琴': 1, '张斌': 1, '刘璞': 1, '王业明': 1, '巴士杰': 1, '李淡行': 1, '黄嵘': 1, '桑映洲': 1, '新凤霞': 1, '刘佳': 1, '高庆': 1, '刘济民': 1, '谢春高': 1, '杨洁篪': 1, '张剑飞': 1, '刘远芳': 1, '金永哲': 1, '姚建铨': 1, '刘向东': 1, '刘吉': 1, '闻艺': 1, '汪懋华': 1, '童小鹏': 1, '沈桂芳': 1, '刀美兰': 1, '强亦忠': 1, '李晓': 1, '特沃杰雷': 1, '叶维祯': 1, '殷大奎': 1, '内科瓦西尔': 1, '倪豪梅': 1, '刘敏学': 1, '陈心昭': 1, '佩特森': 1, '吕树文': 1, '万秀斌': 1, '施尼德': 1, '杨宇': 1, '房卫党': 1, '张青': 1, '陆英育': 1, '何水根': 1, '李炎唐': 1, '叶正襄': 1, '杨肇键': 1, '李尚智': 1, '李天碧': 1, '建宪李': 1, '毛序国': 1, '王国相': 1, '甘子钊': 1, '钟繇': 1, '汪志': 1, '贝里': 1, '辛祥利': 1, '王元': 1, '李德伟': 1, '张乐平': 1, '沈烈初': 1, '吕志和': 1, '刘惠君': 1, '王×': 1, '何基沣': 1, '荣士存': 1, '郭炳湘': 1, '武则天': 1, '柴强': 1, '高忠谦': 1, '科洛科娃': 1, '贾新波': 1, '刘蒙': 1, '儒尼奥尔': 1, '李南彪': 1, '王金涛': 1, '刘松林': 1, '方铿': 1, '张家坤': 1, '萨希荣': 1, '何炼成': 1, '唐鸿千': 1, '加布里埃莱·加蒂': 1, '蒋子龙': 1, '田永胜': 1, '钮守章': 1, '姬嘉': 1, '晋朝荣': 1, '蔡世雄': 1, '刘振夏': 1, '朝戈': 1, '佩塞克': 1, '杨弘远': 1, '丽文': 1, '李森林': 1, '宋志民': 1, '陈景秋': 1, '坦皮斯特': 1, '陈毓川': 1, '曾孝箴': 1, '虎英海': 1, '郭予元': 1, '才宜文': 1, '廖全京': 1, '徐建国': 1, '赵国民': 1, '郝龙': 1, '杨才寿': 1, '彭嘉柔': 1, '维查亚': 1, '贾雅辛格': 1, '陆永江': 1, '赵家周': 1, '王永学': 1, '邓名苏': 1, '李晓航': 1, '夏良颜雨': 1, '陆善真': 1, '刘永好': 1, '赵花点': 1, '萨沙': 1, '李尊贤': 1, '梅绍武': 1, '卢格柱': 1, '袁晴棠': 1, '钟馗': 1, '郭孝礼': 1, '王珣章': 1, '比昂尼克': 1, '尉中民': 1, '梁季阳': 1, '王晓棠': 1, '陈吉元': 1, '赵忠祥': 1, '熊大闰': 1, '陈亚福': 1, '葛成': 1, '卢良恕': 1, '许连捷': 1, '刘揆楚': 1, '覃永绵': 1, '格日勒图': 1, '樊文立': 1, '傅锐': 1, '石静如': 1, '尚福林': 1, '谢道宏': 1, '夏立宛': 1, '杨子荣': 1, '曾荫权': 1, '洪维祖': 1, '江玉': 1, '牛凤安': 1, '闵乃本': 1, '刘衍泉': 1, '喜莲': 1, '阿拉塔斯': 1, '朱伯儒': 1, '维阿特金': 1, '霍长和': 1, '王云': 1, '黄义': 1, '袁焕章': 1, '杨飞': 1, '胡勇方': 1, '熊化佛': 1, '斯坦利·费希尔': 1, '约翰·施特劳斯': 1, '诺·扎诺蒂': 1, '艾哈迈德·苏哈·奥马尔': 1, '吴玉琏': 1, '李本忠': 1, '王琼瑛': 1, '任运良': 1, '叶良才': 1, '李存葆': 1, '舒曼': 1, '罗华': 1, '巴拉克': 1, '肖璞': 1, '孙蕊': 1, '马艳': 1, '张兴华': 1, '陈玲': 1, '李莎': 1, '熊明银': 1, '潘堂林': 1, '张思恩': 1, '西施': 1, '常满': 1, '别克木哈买提·木沙': 1, '郑庆云': 1, '王蕾': 1, '赵力': 1, '洪应明': 1, '罗国强': 1, '曹藏虎': 1, '刘鸿儒': 1, '侯希贵': 1, '徐良': 1, '小泽辰男': 1, '吴慧': 1, '王曦': 1, '李直': 1, '陈相荣': 1, '任彦申': 1, '克里斯滕森': 1, '董庆周': 1, '托普': 1, '黄守正': 1, '杨悦浦': 1, '黄国强': 1, '裴鸿福': 1, '王传琛': 1, '施友豪': 1, '王愿坚': 1, '彭扬': 1, '束怀德': 1, '霍山生': 1, '福王': 1, '章钟': 1, '谭金树': 1, '李政文': 1, '耐克': 1, '阿布扎比': 1, '文精': 1, '冯其庸': 1, '李论': 1, '熊国洪': 1, '邱创教': 1, '傅作义': 1, '何升韬': 1, '董安仁': 1, '哈齐姆': 1, '魏久纯': 1, '仁德': 1, '谭竹洲': 1, '哈德斯·贾那布尔': 1, '陈伟光': 1, '王桂云': 1, '刘志强': 1, '郭远发': 1, '季梅': 1, '傅爱民': 1, '肖峰': 1, '汪品先': 1, '云龙': 1, '王慧炯': 1, '刘明祖': 1, '黄谷人': 1, '石锦辉': 1, '张庆霞': 1, '皮埃罗·法西诺会': 1, '李泽广': 1, '全哲洙': 1, '王云坤': 1, '吴晗': 1, '王绪恭': 1, '林志平': 1, '康富泉': 1, '恩斯特·曼德尔': 1, '张大农': 1, '安徒生': 1, '莫德格玛': 1, '李利君': 1, '穆树军': 1, '张印东': 1, '周中金': 1, '许敖敖': 1, '孔令仁': 1, '李家泉': 1, '毕大川': 1, '张士卿': 1, '埃伊阿尔茨': 1, '崔光祖': 1, '杨光华': 1, '邵厚坤': 1, '杨崇春': 1, '陆江': 1, '雷颐': 1, '肖咸鸣': 1, '张红武': 1, '张恨水': 1, '古莱德': 1, '蔡扬蒙': 1, '刘启': 1, '王武': 1, '石希玉': 1, '王殿东': 1, '徐振海': 1, '周翔': 1, '嗣杰': 1, '塞尔登': 1, '梅永存': 1, '李福善': 1, '刘新明': 1, '刘德远': 1, '张永泰': 1, '刘振华': 1, '田增玉': 1, '李兴华': 1, '方鸿琪': 1, '肖喻雷': 1, '罗扬': 1, '沈关学': 1, '许平': 1, '马健环': 1, '古先光': 1, '金雁': 1, '陈凯': 1, '沈西梦': 1, '刘思培': 1, '彼特·加纳维奇': 1, '卢迈': 1, '陈克威': 1, '黄建林': 1, '欧文': 1, '向邦礼': 1, '修瑞娟': 1, '刘克田': 1, '李德平': 1, '刘敦一': 1, '肖长华': 1, '俞宗杰': 1, '马丁·路德·金': 1, '托玛斯': 1, '卢铁城': 1, '杨大生': 1, '杨梅': 1, '梁石': 1, '包爱清': 1, '龚睿娜': 1, '欧阳吟': 1, '格桑尼玛': 1, '朱伦昌': 1, '陈遒北': 1, '高琪': 1, '孙荣': 1, '方初善': 1, '姜维朴': 1, '郭怡孮': 1, '田官': 1, '向东': 1, '路易斯·弗里': 1, '王淑森': 1, '王振祥': 1, '苏晓云': 1, '李治亭': 1, '杨建新': 1, '王大石': 1, '张宪忠': 1, '倪鸿福': 1, '范清银': 1, '汤涧': 1, '哈瓦特': 1, '洛神': 1, '张冠军': 1, '陶化成': 1, '孙君梅': 1, '陈援': 1, '张凌': 1, '米保广': 1, '陈安宁': 1, '钱贻简': 1, '范建芳': 1, '林祖基': 1, '况世明': 1, '才旦': 1, '张中华': 1, '伊·福阿': 1, '唐守正': 1, '王洁萍': 1, '杨国亮': 1, '范方平': 1, '王立惠': 1, '王淀佐': 1, '梁公卿': 1, '乔治·索罗斯': 1, '蔡胜定': 1, '杨培青': 1, '张同钰': 1, '高蕾': 1, '王欣': 1, '李承淑': 1, '陈政高': 1, '魏民': 1, '杨晓军': 1, '孟昭琴': 1, '傅玉瑚': 1, '陈洲其': 1, '裴兆宏': 1, '徐科': 1, '鹿达宁': 1, '叶至善': 1, '杨志娟': 1, '聂玉昕': 1, '高媛丽': 1, '李朝阳': 1, '王重农': 1, '廖存忠': 1, '周明甫': 1, '陈雅丹': 1, '汤民': 1, '罗桂求': 1, '张文东': 1, '刘习成': 1, '李惟一': 1, '靳树增': 1, '李银': 1, '子冈': 1, '王冬龄': 1, '昂毛': 1, '贺同新': 1, '晨延': 1, '张俊成': 1, '王学泰': 1, '唐进修': 1, '董韫美': 1, '黄守部': 1, '约翰·勒卡雷': 1, '白雪松': 1, '罗华宇': 1, '徐创风': 1, '王挺革': 1, '张静娴': 1, '方樟顺': 1, '韩修国': 1, '杨正泉': 1, '钱景仁': 1, '平狄克': 1, '坎宁安': 1, '孙川': 1, '王金城': 1, '田中角荣': 1, '许占奎': 1, '祖马': 1, '高仁生': 1, '田溯宁': 1, '菅直人': 1, '傅琳': 1, '陆国梁': 1, '蒋志华': 1, '张庆成': 1, '王鲁彦': 1, '阿德·梅尔克特': 1, '孔戴': 1, '江泽森': 1, '克洛德·谢松': 1, '徐学成': 1, '王大中': 1, '赵恕之': 1, '悠棠': 1, '洪清源': 1, '西克': 1, '释圣辉': 1, '蔡瑁': 1, '宫志峰': 1, '科达': 1, '罗西尼': 1, '王为政': 1, '徐特立': 1, '萧仲春': 1, '宣王': 1, '李永寿': 1, '津田昌宏': 1, '张治中': 1, '周德会': 1, '刘昭东': 1, '贾成伟': 1, '甘莹': 1, '程东海': 1, '邬梦兆': 1, '沈茂成': 1, '王春露': 1, '马安泰': 1, '戎霄': 1, '朱圣练': 1, '陈宗德': 1, '王保平': 1, '张建岳': 1, '南宫品': 1, '王文西': 1, '李炳良': 1, '钟南山': 1, '糜振玉': 1, '赵健': 1, '谢宗惠': 1, '林仁碧': 1, '王承良': 1, '乌拉迪米尔·尼克来耶维奇·孜缅科': 1, '谢德财': 1, '黄大刚': 1, '张守信': 1, '杨国林': 1, '王柏林': 1, '翟培银': 1, '陈均远': 1, '牛荣健': 1, '谢仲余': 1, '伯恩施坦': 1, '差瓦立': 1, '李典强': 1, '王孝榆': 1, '王立成': 1, '曹圣洁': 1, '门文元': 1, '李丽君': 1, '赵金霞': 1, '胡柳方': 1, '刘精松': 1, '牛平': 1, '陈少华': 1, '帕斯曼诺夫': 1, '岳福洪': 1, '李自祥': 1, '陶璐娜': 1, '多拉': 1, '张人为': 1, '张三': 1, '赵敬臣': 1, '李释勘': 1, '傅': 1, '何其芳': 1, '沈根荣': 1, '刘志田': 1, '赵立荣': 1, '常万海': 1, '姚如学': 1, '周大荣': 1, '韦耀中': 1, '罗海藩': 1, '列斌': 1, '格雷': 1, '秦友顺': 1, '林鹏': 1, '陈文韶': 1, '孙继革': 1, '钟德鲁': 1, '陆游': 1, '薛峰': 1, '王锡贞': 1, '王华英': 1, '云大棉': 1, '汪守德': 1, '李文政': 1, '刘向阳': 1, '安德烈斯': 1, '弗利德里希·博尔': 1, '因苏尔萨': 1, '士心': 1, '李文卿': 1, '屠由瑞': 1, '麦克·马克迈特': 1, '库巴': 1, '梁中堂': 1, '蒙素芬': 1, '马善记': 1, '吕吉祥': 1, '牛绍尧': 1, '田三喜': 1, '欧阳琦琳': 1, '张帼英': 1, '陈明仪': 1, '李增慧': 1, '任大惠': 1, '萧墉壮': 1, '刘志秋': 1, '吉里贾·普拉萨德·柯伊拉腊': 1, '陈子劲': 1, '任弼时': 1, '孙瑞': 1, '陈殿升': 1, '张根生': 1, '陶晓强': 1, '王之泰': 1, '托尼·巴伯': 1, '邹建军': 1, '张世英': 1, '田少东': 1, '梁建维': 1, '陈绮玲': 1, '李君郁': 1, '夏文江': 1, '刘增方': 1, '张家敏': 1, '周连桥': 1, '聂煜': 1, '傅文': 1, '何韦': 1, '贺铿': 1, '鲍玉慧': 1, '许君': 1, '郭巴': 1, '亚历克·诺夫': 1, '瓦尔德海姆': 1, '廖望月': 1, '黄金老': 1, '马维平': 1, '吴满有': 1, '章祥荪': 1, '黄霈': 1, '席小平': 1, '赵公': 1, '刘吉坤': 1, '吴希曾': 1, '顾慰庆': 1, '张学明': 1, '张彦仲': 1, '张善子': 1, '盛久永': 1, '萨尔瓦多·达利': 1, '彭兆清': 1, '王文辉': 1, '胡正芝': 1, '吴家友': 1, '张克俭': 1, '马俊': 1, '吴国华': 1, '凯·西索达': 1, '朱凤鸣': 1, '赵曜': 1, '吴家民': 1, '刘永': 1, '陆在易': 1, '爱丽丝': 1, '乔新贤': 1, '李玉堂': 1, '詹伯慧': 1, '魏德义': 1, '宋福民': 1, '袁国林': 1, '刘红艳': 1, '李景': 1, '黄寅逵': 1, '韩世峰': 1, '夏家骏': 1, '周茂荣': 1, '阿尔弗雷德·桑特': 1, '汤炳权': 1, '杨福家': 1, '胡法光': 1, '耿立': 1, '董善浦': 1, '殷立青': 1, '万建辉': 1, '冯乃恩': 1, '契诃夫': 1, '苑志南': 1, '张展霞': 1, '王宪志': 1, '张志勇': 1, '塔尔伯特': 1, '甘明': 1, '刘跃清': 1, '何光远': 1, '王淑贤': 1, '朱斌成': 1, '吴文英': 1, '沈成嵩': 1, '王继宣': 1, '侯树栋': 1, '斯考克罗夫特': 1, '杨罗': 1, '瑟比娜': 1, '周克玉': 1, '陈景润': 1, '罗锡恩': 1, '王扬祖': 1, '卡利尼奇': 1, '叶莲营': 1, '蔡正仁': 1, '齐尔品': 1, '俞汝勤': 1, '欧阳询': 1, '宁宇': 1, '温洁': 1, '赵忠贤': 1, '蔡海金': 1, '桑燕': 1, '杜宏奇': 1, '徐颂陶': 1, '冮冶': 1, '郭嵩焘': 1, '高广宾': 1, '陈幸运': 1, '喻泉源': 1, '刘世振': 1, '哈桑纳尔·博尔基亚': 1, '王有政': 1, '邱中建': 1, '缪合林': 1, '陶建华': 1, '全树仁': 1, '杜天清': 1, '晏乐安': 1, '张铚秀': 1, '周凡恺': 1, '伍思德': 1, '郗永年': 1, '邹德忠': 1, '佩尔·努德': 1, '韩卫国': 1, '陈劭先': 1, '凯利斯': 1, '彼比': 1, '何立伟': 1, '胡仁宇': 1, '晏懋洵': 1, '李石': 1, '王鸿举': 1, '杨白冰': 1, '金明秀': 1, '汪纪戎': 1, '卢文舸': 1, '萨米尔·穆塔韦': 1, '刘廷焕': 1, '石四箴': 1, '宋国桐': 1, '马宪章': 1, '洪绂曾': 1, '张月亭': 1, '喇秉礼': 1, '郑斌': 1, '马尔乔': 1, '蔡诗晴': 1, '曹长灿': 1, '邵声朗': 1, '周绍明': 1, '陈明德': 1, '李东海': 1, '申军谊': 1, '徐静松': 1, '舒永忠': 1, '韩云萍': 1, '潘利胜': 1, '邓献忠': 1, '森哲郎': 1, '穆蒂': 1, '邵钧林': 1, '萨姆·姆帕苏': 1, '朗代': 1, '阿兰·布朗特': 1, '李侠文': 1, '穆文': 1, '苗重安': 1, '周敬东': 1, '余海': 1, '云照光': 1, '王汝林': 1, '胡亚芳': 1, '骆少君': 1, '刘抒鹃': 1, '张勃兴': 1, '容国团': 1, '王建林': 1, '高建龙': 1, '王锋': 1, '刘仲': 1, '徐四民': 1, '葛健': 1, '蔡克勤': 1, '拉赫曼': 1, '敬正书': 1, '罗瓦伊纳': 1, '埃斯波斯托': 1, '薛亚清': 1, '程贻举': 1, '钮小明': 1, '王尚英': 1, '王庆成': 1, '肯尼迪': 1, '蒋祝平': 1, '陈慕华': 1, '季昆森': 1, '秦池江': 1, '钱冬': 1, '郭闯': 1, '李汉秋': 1, '曾文仲': 1, '潘汉荣': 1, '李玉': 1, '萨希杜·丹戈—纳代伊': 1, '张子鹏': 1, '王安全': 1, '钱宏斌': 1, '简亚彬': 1, '孙光英': 1, '陆俨少': 1, '吕炳华': 1, '伽马': 1, '张艳': 1, '王德学': 1, '王保庆': 1, '铃木博美': 1, '高艳华': 1, '逄新学': 1, '章东新': 1, '苏来兴': 1, '黎德玲': 1, '董友斌': 1, '胡红荣': 1, '刘星泽': 1, '段永基': 1, '李伯康': 1, '李进才': 1, '张灿华': 1, '侯旭宇': 1, '余小惠': 1, '吴光范': 1, '余': 1, '朱莲芬': 1, '王洲': 1, '韦云隆': 1, '叶公琦': 1, '甘有根': 1, '召存信': 1, '傅庚辰': 1, '小萝卜头': 1, '史怀璧': 1, '徐国春': 1, '朱纯宣': 1, '郑凤荣': 1, '凯恩斯': 1, '苗宗义': 1, '胡吉汉·哈克莫夫': 1, '杜辉廉': 1, '沈志雄': 1, '刘海峰': 1, '巴达维': 1, '诗云': 1, '谢克昌': 1, '宋光茂': 1, '陶西平': 1, '俞云波': 1, '春': 1, '叶钢': 1, '谷超豪': 1, '若愚肖': 1, '孙先敏': 1, '韩中朝': 1, '许智明': 1, '金海英': 1, '钱七虎': 1, '丁德云': 1, '广记': 1, '杨斌': 1, '陈福今': 1, '冯克熙': 1, '谢峰': 1, '山泉萨满': 1, '舒尔茨': 1, '华罗庚': 1, '刘雪兰': 1, '张汉英': 1, '张宏光': 1, '郑龙': 1, '毕丽梅': 1, '毅': 1, '奇英成': 1, '赵洪祥': 1, '张秋祥': 1, '刘子寿': 1, '刘观浦': 1, '张鲁成': 1, '叶荣宝': 1, '马颂德': 1, '周凤玉': 1, '李志强': 1, '孙曼霁': 1, '木庭健太郎': 1, '纳赛尔·劳兹': 1, '陈原': 1, '潘多': 1, '王惠通': 1, '高伯龙': 1, '丁玲': 1, '田一明': 1, '张文驹': 1, '王发荣': 1, '杨斯德': 1, '葭北剑': 1, '刘向刚': 1, '阿达米': 1, '张长河': 1, '周巍峙': 1, '龙月美': 1, '吴肇毅': 1, '瓦拉格': 1, '黄景钧': 1, '马良骥': 1, '堀内光雄': 1, '白录堂': 1, '郝廷华': 1, '王为民': 1, '赵新良': 1, '曹幸穗': 1, '路传俊': 1, '古里亚': 1, '郭其侨': 1, '罗春华': 1, '叶文虎': 1, '肖策能': 1, '厉志成': 1, '万帅': 1, '马美宏': 1, '刘斌': 1, '李兰芳': 1, '阎立中': 1, '莫时仁': 1, '刘雅敬': 1, '冯小刚': 1, '姜维壮': 1, '王文娟': 1, '斯蒂格利茨': 1, '陈学如': 1, '沈嘉琪': 1, '莫华伦': 1, '林彻·里茨玛': 1, '南月明': 1, '钱法成': 1, '胡才春': 1, '潘贵玉': 1, '陈书生': 1, '梅益': 1, '徐媛媛': 1, '吕乃成': 1, '苏民生': 1, '万万': 1, '李人俊': 1, '王仲达': 1, '孙瑜': 1, '李佳军': 1, '邓本金': 1, '刘浩清': 1, '张农科': 1, '杉山绢子': 1, '范德闽': 1, '陈亭': 1, '罗天婵': 1, '宋坤': 1, '吴蔚然': 1, '科爱华': 1, '毛新宇': 1, '成方圆': 1, '马烽': 1, '王凤起': 1, '生钦·洛桑坚赞': 1, '王爱民': 1, '宋克湘': 1, '纪鸿尚': 1, '罗龙': 1, '阿巴查': 1, '王允': 1, '张荣茂': 1, '文楼': 1, '冯光荣': 1, '雷祖华': 1, '万溪': 1, '李金建': 1, '买买提托乎提·阿孜': 1, '金兴安': 1, '慕绥新': 1, '韦加': 1, '胡继鸿': 1, '罗顺裕': 1, '陈光达': 1, '龙致贤': 1, '斯泰思': 1, '陈瑞球': 1, '王骏': 1, '史照栋': 1, '王鹏': 1, '邓友梅': 1, '洪银兴': 1, '德芳': 1, '殷鸿福': 1, '侏罗纪': 1, '王德衍': 1, '王洪福': 1, '贝勒金台石': 1, '沈学龙': 1, '周寒琼': 1, '张华明': 1, '吕培俭': 1, '邝广杰': 1, '谭小亭': 1, '熊克武': 1, '黄炳生': 1, '曹（凡音）生': 1, '胡友林': 1, '武斌': 1, '黎虹': 1, '傅雷': 1, '刘德海': 1, '向阳婷': 1, '郭少兰': 1, '雷亨顺': 1, '于慧': 1, '刘泽仁': 1, '费加罗': 1, '许银川': 1, '海飞': 1, '王宝林': 1, '邵奇惠': 1, '白景中': 1, '冈琦嘉平太': 1, '施祥鹏': 1, '岳美缇': 1, '吕游': 1, '陈宣昭': 1, '素博塔·玛莎立': 1, '焦秋生': 1, '裴知强': 1, '思文': 1, '李伟雄': 1, '王新兰': 1, '苏平凡': 1, '盖叫天': 1, '奥尼尔': 1, '郝国道': 1, '武宣': 1, '张英泽': 1, '范瑞娟': 1, '韦家能': 1, '夏仲烈': 1, '佟国荣': 1, '柯戎': 1, '黄敬孚': 1, '利奥波德': 1, '杨军': 1, '阿伦·布朗': 1, '韩光': 1, '李纯粹': 1, '佛朗哥': 1, '张开逊': 1, '崔世昌': 1, '孙占山': 1, '许知春': 1, '杨怀孝': 1, '徐晓': 1, '沙利卡什维利': 1, '沈德中': 1, '许乐仁': 1, '连丽如': 1, '吴爱恩': 1, '章师明': 1, '赵莱青': 1, '谢怀基': 1, '刘彩阳': 1, '普斯托沃伊坚科': 1, '任志坚': 1, '水天长': 1, '哈翠平': 1, '陈明亮': 1, '邵荣棠': 1, '张毅': 1, '徐庆平': 1, '王秉忱': 1, '毕月琳': 1, '张仁明': 1, '迪尔德丽·恩赖特': 1, '张正明': 1, '周骏羽': 1, '洛克菲勒': 1, '达利': 1, '陈云林': 1, '张津雪': 1, '林佳楣': 1, '吴天鹏': 1, '彭利铭': 1, '潘江伟': 1, '周解蓉': 1, '舒妍': 1, '吕冠强': 1, '徐润达': 1, '刘忠花': 1, '斯大孝': 1, '张艺谋': 1, '王振川': 1, '包旭东': 1, '穆拉德·穆拉尔吉': 1, '维亚希列夫': 1, '高尼': 1, '董加耕': 1, '牛廷相': 1, '张健民': 1, '郑振铎': 1, '李翔': 1, '曹其真': 1, '利文斯顿': 1, '刘文建': 1, '方福康': 1, '马临': 1, '张俊兰': 1, '刘公武': 1, '理查森': 1, '毛同恺': 1, '王淦昌': 1, '王怀忠': 1, '李心草': 1, '周江波': 1, '萨米·托马斯': 1, '许鹿希': 1, '高运甲': 1, '汪永华': 1, '康世恩': 1, '布鲁克内尔': 1, '袁贵仁': 1, '陈志强': 1, '桑普拉斯威廉姆斯': 1, '江家福': 1, '哈孝贤': 1, '格桑多杰': 1, '龙安定': 1, '张泽易': 1, '植关进': 1, '王爱花': 1, '邓浩': 1, '张大宁': 1, '周文重': 1, '曲比阿乌': 1, '蓝志龙': 1, '王琳娜': 1, '章林辉': 1, '梁国英': 1, '张存浩': 1, '黄永玉': 1, '秦桧': 1, '周刚': 1, '杨晨': 1, '姚信民': 1, '秦怡': 1, '孙振华': 1, '徐祝庆': 1, '冯彦红': 1, '傅天祝': 1, '马仲良': 1, '张法': 1, '李俊东': 1, '傅征': 1, '汪大成': 1, '朱利埃': 1, '张文正': 1, '肖跃华': 1, '李泊溪': 1, '宋直元': 1, '祖冲之': 1, '孔祥熙': 1, '钟': 1, '康尼·巴桑': 1, '胡志刚': 1, '包龙图': 1, '李东旭': 1, '叶寿荣': 1, '刘景和': 1, '晓剑': 1, '西': 1, '林晓东': 1, '吐尔逊·尤努斯': 1, '苏来衣曼': 1, '张彦': 1, '恩苏尔': 1, '白玉龙': 1, '春明': 1, '邵正杰': 1, '徐性初': 1, '罗爱伦': 1, '杜庆生': 1, '梅洁': 1, '裴默农': 1, '梅文': 1, '小婉': 1, '罗新代': 1, '黄小晶': 1, '邓丽娟': 1, '徐展堂': 1, '杨匡汉': 1, '雅苗尔科斯基': 1, '冯友': 1, '秦皇': 1, '司马义·买合苏提': 1, '爱泼斯坦': 1, '李云才': 1, '范小林': 1, '郑泽根': 1, '王谦': 1, '林小顺': 1, '傅守正': 1, '车菊红': 1, '巴瑞特': 1, '冼笃信': 1, '王家贤': 1, '胡延奇': 1, '张飞': 1, '芭芭拉·卡斯蒂约·哥斯达': 1, '王新亭': 1, '刘桂真': 1, '齐国泉': 1, '王智琼': 1, '老志新': 1, '蒋德方': 1, '颜捷先': 1, '王行增': 1, '朱藻文': 1, '韩亚卿': 1, '尼牙孜·皮达': 1, '恩格尔': 1, '胡喜魁': 1, '牟本理': 1, '祖佳': 1, '王丹凤': 1, '扈三娘': 1, '官伟勋': 1, '王宝钏': 1, '陈祖涛': 1, '谈舒萍': 1, '金仲荪': 1, '张宇鸿': 1, '马存真': 1, '彭嘉陵': 1, '夏守春': 1, '陈育明': 1, '陈耀先': 1, '梅葆玖': 1, '雷岩': 1, '庄灿涛': 1, '沈双成': 1, '范志远': 1, '基普凯特': 1, '邢曙东': 1, '路德维希·毕林格': 1, '刘凤山': 1, '高如曾': 1, '邹竞蒙': 1, '叶剑英': 1, '郭俊秀': 1, '平淑华': 1, '乔振先': 1, '孙悦': 1, '李海鹰': 1, '杨正午': 1, '郑一军': 1, '杨兆旋': 1, '陈重华': 1, '艾沙哈日·肉孜': 1, '火树华': 1, '刘伯根': 1, '陈贵州': 1, '陈玉书': 1, '詹姆斯·罗布尔': 1, '林淑仪': 1, '张鉴祖': 1, '姚自敏': 1, '张捷林': 1, '芬拿': 1, '邹玉琪': 1, '胡更生': 1, '刘燕平': 1, '菲赫里': 1, '黄关葆': 1, '侯鹤祥': 1, '谭进': 1, '吴晓灵': 1, '唐纪良': 1, '唐西生': 1, '黄起和': 1, '别义勋': 1, '鲁财宣': 1, '王贤才': 1, '周复榆': 1, '杨新华': 1, '赫苏斯·皮雷斯': 1, '高风': 1, '曾鹏辉': 1, '周方': 1, '谢文霖': 1, '井坂武彦': 1, '郭允谋': 1, '胡海昌': 1, '张庆': 1, '王尔山': 1, '林荣芝': 1, '蒋民宽': 1, '帕巴荣·卡拉耶': 1, '荆成': 1, '杜毅': 1, '邓团子': 1, '比格尼斯': 1, '冯兰瑞': 1, '谢顺吉': 1, '韩英': 1, '王西钊': 1, '吴昊': 1, '冯庆锵': 1, '谢': 1, '姜伟': 1, '兹·古拉尔赤克': 1, '刘家琛': 1, '韩磊磊': 1, '项宁': 1, '严宏谟': 1, '卢志强': 1, '莱尼亚': 1, '苏知翼': 1, '何万云': 1, '周海婴': 1, '秋山生哉': 1, '汤中立': 1, '于渌': 1, '索戈尔': 1, '萨隆·平拉': 1, '采卡': 1, '赵德全': 1, '庄红卫': 1, '高迈': 1, '李永海': 1, '张明远': 1, '石元春': 1, '姚新章': 1, '田青春': 1, '孙子': 1, '李成岁': 1, '陈特安': 1, '由晓萍': 1, '王昌义': 1, '莫拉夫克娃': 1, '计喆': 1, '丁仁贵': 1, '刘喜苹': 1, '周健伟': 1, '叶华': 1, '应文华': 1, '王献之': 1, '孙俊人': 1, '马文义': 1, '刘诗白': 1, '杨光林': 1, '张毅君': 1, '蔡志培': 1, '杜工部': 1, '金钟研': 1, '徐敦信': 1, '裴': 1, '陈夏青': 1, '李修源': 1, '高兴海': 1, '刘敏如': 1, '朱玖': 1, '高敬德': 1, '王琤': 1, '黄关从': 1, '勒布朗': 1, '巩俐': 1, '方瑾': 1, '幺红': 1, '李玉莲': 1, '金小明': 1, '曹克明': 1, '黄岳忠': 1, '索罗金': 1, '杨国钧': 1, '尹瘦石': 1, '苏纪兰': 1, '陆达权': 1, '阿尤甫·艾山': 1, '牛玉林': 1, '田昭武': 1, '韦苇': 1, '明': 1, '赵碧璇': 1, '周朝荣': 1, '潘永明': 1, '胡光宝': 1, '严正孙': 1, '袁祥仁': 1, '刘翔谦': 1, '陈宏林': 1, 'ＢｒｕｃｅＳｔｅｉｎｂｅｒｇ': 1, '王晓': 1, '董会峰': 1, '阎蒙立': 1, '徐善衍': 1, '吕启超': 1, '姚汝华': 1, '布拉威': 1, '袁鹰': 1, '郑宝森': 1, '吴立胜': 1, '孙桂芬': 1, '赵柏林': 1, '阳燮': 1, '郝明莉': 1, '章辉夫': 1, '付杰': 1, '张敏杰': 1, '卫立煌': 1, '林茂灿': 1, '王洛宾': 1, '姜殿铭': 1, '扎西': 1, '吴天栋': 1, '马永伟': 1, '赫胥黎': 1, '李沛瑶': 1, '王昂': 1, '韦拉亚提': 1, '马大谋': 1, '周述荣': 1, '诺罗敦·莫尼列·西哈努克': 1, '魏积安': 1, '廖中才': 1, '樊庆斌': 1, '吕志贵': 1, '杨晓霞': 1, '任殿喜': 1, '肖烨': 1, '王国治': 1, '德继民': 1, '大山': 1, '亨利·本西德': 1, '董范园': 1, '阎炉': 1, '李发斌': 1, '米格尔·里瓦斯': 1, '阿平': 1, '晓江': 1, '朱树豪': 1, '张武扬': 1, '巴萨耶夫': 1, '戴维': 1, '赖四强': 1, '德博格拉夫': 1, '王阿敏': 1, '夏鼐': 1, '王丰才': 1, '姚本棠': 1, '李德安任': 1, '贝恩德': 1, '姚建亭': 1, '曾': 1, '单兴缘': 1, '斯马亚': 1, '夏光辉': 1, '太史慈': 1, '徐式谷': 1, '王方定': 1, '倩': 1, '邓乃扬': 1, '杨建章': 1, '阎亚君': 1, '杨秋玲': 1, '樊骏': 1, '庄启程': 1, '刘全顺': 1, '陈进': 1, '张剑红': 1, '郄霜涛': 1, '侯隽': 1, '田文华': 1, '范多富': 1, '童石军': 1, '沙曼·维雅吉': 1, '张晨光': 1, '石平': 1, '赖林嵩': 1, '刘玉红': 1, '王志新': 1, '魏崴': 1, '薛奕明': 1, '叶迪生': 1, '孙同川': 1, '韩葆珍': 1, '张德勤': 1, '谢晋': 1, '殷菊生': 1, '周立耘': 1, '郭凤莲': 1, '任远征': 1, '张鹤镛': 1, '方积乾': 1, '张振生': 1, '陈亚先': 1, '新安': 1, '吴荣恪': 1, '邹逸麟': 1, '王生洪': 1, '雷奥迪卡': 1, '赵伟铎': 1, '郑义正': 1, '张玉来': 1, '韩柏': 1, '刘永坦': 1, '谢飞': 1, '乾隆': 1, '白志健': 1, '余放': 1, '王汉儒': 1, '冯淬': 1, '林树森': 1, '印木泉': 1, '陶汉明': 1, '张士辉': 1, '郑守仪': 1, '阿尔博格': 1, '哈菲兹': 1, '齐智一': 1, '高远': 1, '罗康瑞': 1, '陈传誉': 1, '艾维仁': 1, '赵启文': 1, '辛殿枫': 1, '茅玉麟': 1, '闻立鹏': 1, '谭忠印': 1, '郭振亚': 1, '王宁生': 1, '克瓦希涅夫斯基': 1, '鲍蕙乔': 1, '周立群': 1, '赵学铭': 1, '施志清': 1, '马凡贵': 1, '丁川': 1, '陈仲颐': 1, '郑丽梦': 1, '吴承荣': 1, '李恩宝': 1, '法拉第': 1, '邹磊': 1, '小渊惠三': 1, '冯崇泰': 1, '张慧慧': 1, '武春河': 1, '张同吾': 1, '王明权': 1, '梁颖': 1, '韩清忠': 1, '肖秧': 1, '陶一凡': 1, '严孝潜': 1, '张滨': 1, '邓乐勤': 1, '徐建荣': 1, '李椿萱': 1, '吉列尔斯': 1, '王鸿': 1, '彭尼·理查兹': 1, '冯英': 1, '张朝琛': 1, '赵庭智': 1, '周幼马': 1, '王夫棠': 1, '张大千': 1, '杭文欣': 1, '于永军': 1, '黄德音': 1, '西戎': 1, '叶宏明': 1, '牛小梅': 1, '魏根深': 1, '辛美': 1, '王福祥': 1, '刘闽生': 1, '梁魁元': 1, '郭瑞容': 1, '李吉': 1, '达列力汗·马米汗': 1, '朱穆之': 1, '冯雅丽': 1, '郭丽萍': 1, '姜斌': 1, '唐玄宗': 1, '沈明洪': 1, '小莉': 1, '永华贺': 1, '余（申音）': 1, '程熙': 1, '李晓辉': 1, '蔡元培': 1, '李宗仁': 1, '商泽军': 1, '沈需范': 1, '胡政光': 1, '徐灿根': 1, '卡尔·李卜克内西': 1, '韦大卫': 1, '刘建林': 1, '王羲之': 1, '王书平': 1, '致远': 1, '曾因明': 1, '姜黎黎': 1, '梁小琴': 1, '马琳': 1, '闵桂荣': 1, '童大林': 1, '胡洪凯': 1, '张君瑞': 1, '万鄂湘': 1, '赖庆辉': 1, '王怀俊': 1, '王楚': 1, '粒砂': 1, '希思': 1, '马文珠': 1, '王君生': 1, '卡扎菲': 1, '张伟超': 1, '张学会': 1, '刘洪杰': 1, '峭岩': 1, '胡和生': 1, '伍洪伦': 1, '舍里·旺派集': 1, '李香兰': 1, '吴家玮': 1, '徐励珍': 1, '彭家煌': 1, '李昌': 1, '韦宝': 1, '中曾根康弘': 1, '陈晓颜': 1, '汪远思': 1, '张革': 1, '易允武': 1, '王昕': 1, '冯蔚': 1, '张宝丰': 1, '蒋某': 1, '田玉斌': 1, '惠兆龙': 1, '桑珠': 1, '汉仙湘国': 1, '王志俊': 1, '张俊存': 1, '丛正龙': 1, '图伊莱帕·塞莱莱·马列莱高伊': 1, '赵德平': 1, '杨邦杰': 1, '张汉民': 1, '刘思福': 1, '王黎明': 1, '于生龙': 1, '王非': 1, '冯钦哉': 1, '拜涅': 1, '姚美良': 1, '庞国标': 1, '约翰·吉尔伯特': 1, '邓兆祥': 1, '翁偶虹': 1, '谢国祥': 1, '孟俊修': 1, '施大鑫': 1, '曹亚范': 1, '余叔岩': 1, '倪晋仁': 1, '曹英': 1, '武天宝': 1, '左铁镛': 1, '穆罕默德·侯赛因·马拉埃克': 1, '张茜': 1, '科瓦茨': 1, '白秀梅': 1, '张永根': 1, '陈焕新': 1, '李爽': 1, '许其贞': 1, '彭天增': 1, '林万清': 1, '拉迪': 1, '杨宗宪': 1, '尚莒城': 1, '何鸿（申音）': 1, '舒乙': 1, '许世铨': 1, '霍裕平': 1, '白玛': 1, '陈可冀': 1, '郭岩': 1, '杨天民': 1, '龚昌德': 1, '傅莱': 1, '刘继臣': 1, '周一清': 1, '罗多尔佛·塞尔特扎·塞维里诺': 1, '米逸颖': 1, '许德馨': 1, '洪涛': 1, '洪兆惠': 1, '林毅夫': 1, '宋振骐': 1, '陈香梅': 1, '阎肃': 1, '王志明': 1, '钟英': 1, '金湘': 1, '金鉴': 1, '汤马索·姜尼拉': 1, '贾君': 1, '多恩布什': 1, '布朗特': 1, '王跃文': 1, '陈跃': 1, '三宝': 1, '郭本瑜': 1, '奥拉西奥·塞尔帕·乌里韦': 1, '蔡来兴': 1, '廖华歌': 1, '曹冬蓉': 1, '许文量': 1, '刘洪滨': 1, '赵其林': 1, '蒋全璋': 1, '苏子蘅': 1, '李辉': 1, '阿不都卡德尔·乃斯尔丁': 1, '洛桑赤耐': 1, '翟雪梅': 1, '姚峻': 1, '张希东': 1, '布施直人': 1, '郭世昌': 1, '吴克明': 1, '鲁松庭': 1, '梁伟棠': 1, '德吴': 1, '林杏光': 1, '邵友保': 1, '拉蒙·劳达雷斯': 1, '肉孜坦木·米纳苏夫': 1, '赵承': 1, '王弄笙': 1, '吴觉农': 1, '薛瑞红': 1, '王义堂': 1, '张学辉': 1, '穆学明': 1, '张学文': 1, '杨天发': 1, '王超英': 1, '杨昌基': 1, '布尔加克': 1, '郭永德': 1, '村山富市': 1, '刘中山': 1, '李彪': 1, '贺长红': 1, '雷抒雁': 1, '卡洛斯·梅迪纳': 1, '贾幼陵': 1, '吴明廉': 1, '砚方': 1, '杨楹': 1, '曾陇梅': 1, '毛增华': 1, '范卫青': 1, '门捷列夫': 1, '周代群': 1, '王瑞璞': 1, '张建堂': 1, '周晓萍': 1, '谭富英': 1, '珠康·土登克珠': 1, '管易文': 1, '林瑞': 1, '玛斯卡尼': 1, '吴希海': 1, '王继英': 1, '王惠业': 1, '李文云': 1, '程学源': 1, '陈岱孙': 1, '朱新均': 1, '李艳芳': 1, '丁衡高': 1, '欧成中': 1, '张燮林': 1, '陈荣驾': 1, '李爱华': 1, '廖伟兴': 1, '朱铭': 1, '苏忠': 1, '托马': 1, 'Ｇ．Ａ．柯亨': 1, '陈复起': 1, '王大明': 1, '黄任文': 1, '黄会清': 1, '朱皮娜': 1, '常德传': 1, '阿拉坦敖其尔': 1, '刘同心': 1, '刘名江': 1, '何海霞': 1, '王忠一': 1, '谭勇': 1, '阿西·赛德克已': 1, '杨钊': 1, '李尔重': 1, '衡志诚': 1, '朝克': 1, '陈政立': 1, '徐增平': 1, '张榕明': 1, '朱震刚': 1, '罗旭辉': 1, '孙凤珍': 1, '田有社': 1, '张圣坤': 1, '法老王': 1, '谢淑丽': 1, '范宇文': 1, '贺定一': 1, '田力夫': 1, '王宇平': 1, '袁行霈': 1, '姜启荣': 1, '崇黑雪': 1, '汤吉夫': 1, '楠桂': 1, '冯洪波': 1, '陈铭': 1, '王玉锁': 1, '梁从诫': 1, '张冰': 1, '汪毅夫': 1, '施子清': 1, '夏日': 1, '铃木秀实': 1, '刘建章': 1, '徐山林': 1, '王财章': 1, '朱晶': 1, '段建勋': 1, '弗兰克尔': 1, '李彩琴': 1, '高永中': 1, '张翔辉': 1, '韩晓光': 1, '吴承业': 1, '徐生岚': 1, '魏征': 1, '李维屏': 1, '米特罗法诺夫': 1, '江边': 1, '梅尔克特': 1, '张玉台': 1, '靳尚谊': 1, '欧广源': 1, '卜仲宽': 1, '陈天华': 1, '汪统': 1, '王雪冰': 1, '何家英': 1, '石': 1, '桂慧樵': 1, '敬瑞祥': 1, '振华': 1, '杜葵': 1, '徐宝康': 1, '段成桂': 1, '马国良': 1, '章云': 1, '岸柳': 1, '张富有': 1, '王广宪': 1, '高显洲': 1, '李晶晶': 1, '邢宝明': 1, '柯亨': 1, '韩美林': 1, '葛治洲': 1, '龚金星': 1, '曹文宣': 1, '杨海洋': 1, '高广志': 1, '关峡': 1, '黄再军': 1, '拉卡兹': 1, '马国权': 1, '曾涛': 1, '朴': 1, '塔鲁克·谢赫': 1, '晓东': 1, '苏锵': 1, '王霄鹏': 1, '佘健明': 1, '祁秉文': 1, '谢东光': 1, '纪力清': 1, '陈鼎常': 1, '钟咏三': 1, '黄书谋': 1, '卞耀武': 1, '罗辽复': 1, '林金': 1, '齐宪役': 1, '刘奕民': 1, '于明涛': 1, '韩瑞云': 1, '夫子': 1, '谢启美': 1, '斯博特舍': 1, '王皓茹': 1, '周玉峰': 1, '刘洋': 1, '姚锋': 1, '蒋先进': 1, '张惯文': 1, '小余': 1, '阿甘': 1, '中村': 1, '萧重声': 1, '霍大寿': 1, '孙颔': 1, '裴九洲': 1, '宁海强': 1, '刘工践': 1, '聂长江': 1, '莫尔斯': 1, '邓广殷': 1, '胡日查': 1, '张伟良': 1, '冯喆': 1, '林琼光': 1, '朱英璜': 1, '黎乐民': 1, '陈全国': 1, '赵俊': 1, '黄华平': 1, '马驰': 1, '邹时炎': 1, '张慕洁': 1, '邹火荣': 1, '刘西拉': 1, '房维中': 1, '梁浩然': 1, '王魁': 1, '卢晶': 1, '文继华': 1, '石永春': 1, '刘枢机': 1, '陈存松': 1, '李天金': 1, '马万全': 1, '史泰龙': 1, '勃兰特': 1, '陈朝中': 1, '谢明权': 1, '阮若珊': 1, '曹雪芹': 1, '高低': 1, '马介璋': 1, '王朝瑞': 1, '王秉锐': 1, '黄恕': 1, '李茹': 1, '于烈': 1, '汪葆明': 1, '姚昌恬': 1, '伊丽莎白': 1, '林开钦': 1, '周岚': 1, '潘国立': 1, '穆青': 1, '周安达源': 1, '马思忠': 1, '于泽民': 1, '蒲永毅': 1, '周乃如': 1, '王秀智': 1, '赵中心': 1, '王章': 1, '金城': 1, '沈淑济': 1, '陈广生': 1, '周玉书': 1, '苏正国': 1, '曹均宏': 1, '周嘉彬': 1, '马振太': 1, '李先念': 1, '李小国': 1, '百文': 1, '胡建平': 1, '蔡巨乐': 1, '李泽民': 1, '王玉珏': 1, '郑敦训': 1, '林一': 1, '桑原': 1, '浦洁修': 1, '李梦华': 1, '白梁英': 1, '沙博理': 1, '赵玉芬': 1, '苏森': 1, '张振明': 1, '刘怀远': 1, '洛林·马泽尔': 1, '孙用和': 1, '殷桂兰': 1, '余瑛瑞': 1, '童万亨': 1, '冒天启': 1, '赖铭隆': 1, '刘秀晨': 1, '刘戈宇': 1, '王宗光': 1, '黄明度': 1, '潘继明': 1, '施行': 1, '字国瑞': 1, '曾培炎': 1, '张言': 1, '王敦书': 1, '齐格勒': 1, '安智燕': 1, '王辉丰': 1, '保育钧': 1, '肖华': 1, '大泽理惠': 1, '徐志蔚': 1, '梅洪如': 1, '郭峰': 1, '刘敬民': 1, '方荣欣': 1, '张守义': 1, '帕潘德里欧': 1, '任仲平': 1, '刘明': 1, '叶希圣': 1, '王仲平': 1, '徐忠': 1, '傅仙罗': 1, '马志明': 1, '杨少桥': 1, '王焕惠': 1, '崔河': 1, '汪忠和': 1, '陈文华': 1, '叶挺': 1, '车玉明': 1, '安玉莲': 1, '徐采栋': 1, '荀子': 1, '书云玉琴': 1, '王玉锦': 1, '缪绍强': 1, '实甫': 1, '张海云': 1, '王立平': 1, '黎汉云': 1, '陈玉益': 1, '任法融': 1, '陆蠡珠': 1, '王晋堂': 1, '赛尔杰': 1, '胡滨娜': 1, '沈龙生': 1, '索朗': 1, '樊寻梅': 1, '田聪明': 1, '郝云甫': 1, '孙钟秀': 1, '潘复兰': 1, '唐德立': 1, '赵仁安': 1, '刘祁涛': 1, '顾健人': 1, '斯·福塞特': 1, '刘心格': 1, '周远清': 1, '黄智权': 1, '贺慈红': 1, '丁子': 1, '哈立法克斯': 1, '张飞云': 1, '夏立凯': 1, '埃贡·席勒': 1, '布莱克': 1, '姜雁': 1, '袁志彬': 1, '安洋': 1, '董乐山': 1, '祁寿椿': 1, '温克刚': 1, '许钺乃': 1, '哥德巴赫': 1, '杨群旺': 1, '马占民': 1, '广梁': 1, '孙魁文': 1, '黄克立': 1, '唐志勇': 1, '沛新小丰': 1, '杨乐': 1, '杨勇俊': 1, '汤长明': 1, '刘永纲': 1, '杨志': 1, '陈宗安': 1, '秦侃莹': 1, '宛耀宾': 1, '俞贵麟': 1, '徐世群': 1, '章崇任': 1, '任玉岭': 1, '朱英培': 1, '武军': 1, '陈超君': 1, '沈虎雏': 1, '今哲': 1, '祖宾·梅塔': 1, '赵功民': 1, '韦迪': 1, '王英': 1, '欧阳海': 1, '高安斌': 1, '胡启恒': 1, '扶名福': 1, '程青': 1, '杨久庸': 1, '尚长荣': 1, '王寿森': 1, '卓玛': 1, '翟': 1, '周建安': 1, '卢尧': 1, '陈章立': 1, '党益民': 1, '杨振义': 1, '胡栋': 1, '杨磊': 1, '张国义': 1, '王金祥': 1, '邓伟志': 1, '张晔': 1, '龙启琛': 1, '李福远': 1, '王务迪': 1, '莫始奎': 1, '林观华': 1, '钱易': 1, '韩保深': 1, '艾迪拜·伊斯哈克娃': 1, '科罗切尼亚': 1, '亨德尔': 1, '刘习良': 1, '孙楚寅': 1, '黄梦玲': 1, '李文珊': 1, '张燕丽': 1, '周绍铮': 1, '碧泉': 1, '姜克美': 1, '安平生': 1, '金志贤': 1, '陈新': 1, '张叔英': 1, '蒋民华': 1, '古斯塔夫松': 1, '程十发': 1, '陈绪豹': 1, '林淑娘': 1, '郭琨': 1, '关飞': 1, '林信平': 1, '张津京': 1, '俞丽拿': 1, '易茗': 1, '徐春丽': 1, '余上沅': 1, '韩向阳': 1, '陈联合': 1, '田蔓莎': 1, '扬·布鲁克内尔': 1, '苏霆': 1, '老谭': 1, '文晖': 1, '常城': 1, '方秉钧': 1, '裴双喜': 1, '李默庵': 1, '朱元成': 1, '蔡延松': 1, '韩立成': 1, '王崇愚': 1, '李硕': 1, '殷学成': 1, '龚萱': 1, '杨斌庆': 1, '李泽钜': 1, '穆哈默德': 1, '李遵英': 1, '张小苏': 1, '施性谋': 1, '阿木': 1, '却西': 1, '杨振玉': 1, '刘心中': 1, '彭一刚': 1, '杜近芳': 1, '跃起': 1, '焦祖尧': 1, '严陆光': 1, '杜甫': 1, '刑金亮': 1, '吴恒': 1, '张永明': 1, '宋亚敏': 1, '苏里亚·巴哈杜尔·塔帕': 1, '张塞': 1, '徐志坚': 1, '赵玉明': 1, '欧阳': 1, '王展意': 1, '肯纳德': 1, '林伯渠': 1, '王革新': 1, '徐婉芳': 1, '李井泉': 1, '尤利安·勒·格兰德': 1, '边发吉': 1, '张云川': 1, '程永清': 1, '刘新香': 1, '李永安': 1, '吕钦': 1, '张敦颢': 1, '张卫平': 1, '关羽': 1, '赵思东': 1, '姚珠珠': 1, '李祖中': 1, '霍成': 1, '刘茂才': 1, '陆厚余': 1, '玛丽·鲁滨逊': 1, '陈忠表': 1, '黄伟民': 1, '李力': 1, '杨宝珍': 1, '柳青': 1, '陈露': 1, '李豆罗': 1, '陆荣德': 1, '王雅平': 1, '刘彦武': 1, '陈晓伟': 1, '陈冠英': 1, '杨祥波': 1, '方俐洛': 1, '厉无畏': 1, '庄公惠': 1, '卫平': 1, '苏树辉': 1, '宗志强': 1, '甄炳禧': 1, '郭红': 1, '张燕红': 1, '李金山': 1, '胡静': 1, '胡卫东': 1, '胡文瑞': 1, '李希（宏音）': 1, '吴恭让': 1, '宗良': 1, '黄兴国': 1, '徐业刚': 1, '本·贾马': 1, '王文学': 1, '刘积斌': 1, '张峰': 1, '荻': 1, '阿称': 1, '戎克惠': 1, '孔祥文': 1, '林朝曦': 1, '任宏昌': 1, '严平': 1, '刘彩木': 1, '陶武先': 1, '王能标': 1, '陈忠': 1, '八木': 1, '徐志摩': 1, '德辉': 1, '李卫星': 1, '王威': 1, '朱文榘': 1, '周荣顺': 1, '潘光炎': 1, '高继中': 1, '毛一丁': 1, '范菊': 1, '唐龙彬': 1, '席德华': 1, '陈正清': 1, '冯培英': 1, '卢炬甫': 1, '杨晓碧': 1, '李浩翔': 1, '何志平': 1, '杨乃卿': 1, '李鲲': 1, '秦凤桐': 1, '顾心怿': 1, '夏同杰': 1, '程业长': 1, '彭丽媛': 1, '冼鼎昌': 1, '李星浩': 1, '陈祖屯': 1, '郑顺周': 1, '道光': 1, '杨树德': 1, '谢觉哉': 1, '诺哈': 1, '德拉米拉': 1, '吉格斯': 1, '王铁城': 1, '秦秋谷': 1, '郭启宏': 1, '阿古拉': 1, '阮文沱': 1, '乌杰': 1, '姜尼拉': 1, '帅瑜': 1, '魏克兴': 1, '石达': 1, '范承祖': 1, '鲁瑞': 1, '李奇生': 1, '沈善文': 1, '郑丙华': 1, '封云芳': 1, '叶笃义': 1, '佟宝存': 1, '何栋材': 1, '米歇尔·阿代希安': 1, '杨安礼': 1, '吴培峰': 1, '拉多克': 1, '苗': 1, '崔善玉': 1, '伯齐': 1, '王文东': 1, '颜雄': 1, '郝建平': 1, '李慕唐': 1, '吴迎春': 1, '高正红': 1, '夏光地': 1, '培根': 1, '钟毓斌': 1, '子孟': 1, '黄欹昌': 1, '祝希娟': 1, '王忠范': 1, '许谨诚': 1, '赵继刚': 1, '贾廷寅': 1, '范天佑': 1, '张广兴': 1, '王统照': 1, '尼克松': 1, '袁明': 1, '郭宗利': 1, '薛潮': 1, '杨震光': 1, '陆君喜': 1, '张馨': 1, '毛喜明': 1, '王传河': 1, '王大川': 1, '努乔马': 1, '何启君': 1, '韦唯': 1, '曾敏': 1, '张铁良': 1, '杨俊江': 1, '郭荣元': 1, '晋': 1, '沙业汪': 1, '张江': 1, '刘白羽': 1, '王中黔': 1, '钱树根': 1, '曾平江': 1, '扎舍': 1, '陈文裘': 1, '田汉': 1, '范徐': 1, '刘荣汉': 1, '叶莉': 1, '沈桥': 1, '李商隐': 1, '万选蓉': 1, '陈厚生': 1, '刘希圣': 1, '史卫民': 1, '郑永华': 1, '晓章': 1, '方智远': 1, '哈比卜·易卜拉欣·阿德利': 1, '卢国纪': 1, '安家瑶': 1, '冈波斯': 1, '肖成林': 1, '李佩': 1, '郭济': 1, '泽琳': 1, '强俄巴·多吉欧珠': 1, '陈正统': 1, '朱兆良': 1, '德伦·桑杰群培': 1, '陈燕': 1, '林觉民': 1, '圣约翰': 1, '斯兰蒂耶夫': 1, '姜洪泉': 1, '柏兵': 1, '李祝珍': 1, '于不凡': 1, '任福炜': 1, '叶道英': 1, '刘塞君': 1, '阿伦·布洛克': 1, '高曦': 1, '白立忱': 1, '净慧': 1, '傅建山': 1, '罗宜明': 1, '孙毓敏': 1, '奥尔': 1, '王秀梅': 1, '陈万钧': 1, '赵建民': 1, '陆克平': 1, '陈志安': 1, '威廉—格拉夫': 1, '王翔': 1, '刘永顺': 1, '孙贤迅': 1, '陈长法': 1, '石山麟': 1, '李苦禅': 1, '于尔根·吕特格尔斯': 1, '阎颖': 1, '陈〈民音〉': 1, '程仕福': 1, '才旦卓玛': 1, '杨勋': 1, '马六孩': 1, '管忠震': 1, '香根·巴登多吉': 1, '沙健孙': 1, '马俊仁': 1, '朱时茂': 1, '爱德华·劳森': 1, '钱乙余': 1, '李晓建': 1, '高天正': 1, '顾云飞': 1, '张今强': 1, '刘丽华': 1, '安某': 1, '唐翔千': 1, '韩景行': 1, '张汉夫': 1, '李聪农': 1, '谢炳': 1, '阿尔斯通': 1, '许玉宣': 1, '马斯哈多夫': 1, '徐冠巨': 1, '陈庆梁': 1, '荣高棠': 1, '觉果': 1, '王志信': 1, '徐锡安': 1, '张震康': 1, '杜勇': 1, '博卡萨': 1, '邹德华': 1, '高振家': 1, '佐罗': 1, '凌': 1, '米洛·久卡诺维奇': 1, '希门尼斯': 1, '刘一兵': 1, '沙汀': 1, '俞家骅': 1, '罗建军': 1, '节派·武律博': 1, '罗伯托·阿尔沃雷斯·纪廉': 1, '麦丽丝': 1, '明仁': 1, '郑家纯': 1, '哈达': 1, '楚国品': 1, '田金芳': 1, '忠辉': 1, '李国华': 1, '崔俊波': 1, '钟源': 1, '卢松华': 1, '彭振海': 1, '董振国': 1, '杨树山': 1, '陈锡联': 1, '殷峻彪': 1, '杜中武': 1, '郭振清': 1, '秦国学': 1, '饶毅': 1, '莱齐耶': 1, '张媛贞': 1, '蔡竹林': 1, '郑力': 1, '石武': 1, '黄南炬': 1, '王书宏': 1, '褚一斌': 1, '布费': 1, '纪文': 1, '龙艳': 1, '武建霞': 1, '亚宣': 1, '王幼辉': 1, '刘少山': 1, '孙天义': 1, '托马谢克': 1, '吉本斯': 1, '泰岛': 1, '冯金武': 1, '庄世平': 1, '庞道沐': 1, '何淑云': 1, '韩一明': 1, '卢秋田': 1, '张波屏': 1, '汪浩': 1, '张学仁': 1, '马鸿恩': 1, '郑涛': 1, '宋臣': 1, '巴人': 1, '瓦加': 1, '郭锡章': 1, '杨多良': 1, '周良洛': 1, '粟': 1, '李光茹': 1, '曲德林': 1, '王芷章': 1, '刘欢': 1, '方嘉民': 1, '戴受惠': 1, '刘炳森': 1, '基伦': 1, '唐九华': 1, '张玉琛': 1, '马本斋': 1, '李际均': 1, '金银焕': 1, '徐培福': 1, '夏凡': 1, '廖文海': 1, '马向东': 1, '迈达尼': 1, '刘俊': 1, '靳长喜': 1, '傅凌': 1, '朱哲琴': 1, '潘善棠': 1, '阳翰笙': 1, '谢中民': 1, '大农': 1, '阿卡蒂耶夫': 1, '郭洪岐': 1, '王丽荣': 1, '斯特里特': 1, '蔡涛': 1, '安全东': 1, '张衡': 1, '华汉生': 1, '孙晓红': 1, '刘淇': 1, '张果喜': 1, '孙继海': 1, '刘皇发': 1, '李树深': 1, '阮崇武': 1, '戴爽': 1, '吕振万': 1, '秦富明': 1, '晋正言': 1, '杨孙西': 1, '塞蒙': 1, '方工': 1, '杨光利': 1, '万彤': 1, '迟宝荣': 1, '弗雷德里克·史密斯': 1, '陈君石': 1, '傅汝吉': 1, '董石麟': 1, '程津培': 1, '王保俊': 1, '王庆芝': 1, '庄荣昌': 1, '史志义': 1, '严大凡': 1, '木易': 1, '钟振发': 1, '陈日新': 1, '欧阳钦': 1, '李霞': 1, '田献氢': 1, '熊承元': 1, '马云亮': 1, '傅锡寿': 1, '朱相达': 1, '密特朗': 1, '诺德': 1, '蒂维亚科夫': 1, '李志敏': 1, '中川不器男': 1, '冯秉顺': 1, '傅亨遐': 1, '徐吉浣': 1, '王章平': 1, '查建中': 1, '全清波': 1, '王永峰': 1, '陈顺恒': 1, '张立辰': 1, '张国荣': 1, '李国强': 1, '苏克尔': 1, '马述宽': 1, '陈遇龙': 1, '王忠民': 1, '王作义': 1, '许刚刚': 1, '金宗哲': 1, '王蔚': 1, '刘沈明': 1, '寇占文': 1, '匡吉': 1, '盖德': 1, '海尔': 1, '张友余': 1, '穆道俊': 1, '李国文': 1, '李东生': 1, '俞律': 1, '刘道勇': 1, '潘心城': 1, '桑以琳': 1, '徐勤': 1, '范文茶': 1, '马坚': 1, '陈君实': 1, '谢远骥': 1, '韦思琪': 1, '李巨平': 1, '次仁卓嘎': 1, '苗淑菊': 1, '赵锡君': 1, '孙勇': 1, '朱安': 1, '李玉璋': 1, '邓少青': 1, '杨云': 1, '李兵': 1, '薛昭（上均＋下金）': 1, '傅旭': 1, '徐一鸣': 1, '梁爱诗': 1, '张冬梅': 1, '赵宏林': 1, '约翰·罗默': 1, '刘国能': 1, '曹金良': 1, '蒋丽芸': 1, '李政': 1, '陈祖庇': 1, '吴双战': 1, '杨天庆': 1, '贾塔': 1, '孔祥正': 1, '陈雷卿': 1, '丽达': 1, '周美林': 1, '阿达米申': 1, '买买提·赛来': 1, '刘汉元': 1, '啸力': 1, '李东辉': 1, '周笑浪': 1, '保博': 1, '陈漱渝': 1, '戎冠秀': 1, '樊明文': 1, '郭宗福': 1, '刘水玉': 1, '桑国卫': 1, '杨铮': 1, '吴庆余': 1, '李四': 1, '朱炯强': 1, '王汉民': 1, '乌尔里希': 1, '傅璇琮': 1, '宋金木': 1, '吴兆平': 1, '库恩德科夫': 1, '李述': 1, '张春启': 1, '萧树田': 1, '杜鸣心': 1, '张世德': 1, '帅政': 1, '皮奥利内': 1, '关本忠弘': 1, '谈世中': 1, '蒂姆·哈钦森': 1, '叶静': 1, '牛长龙': 1, '匡培梓': 1, '刘建明': 1, '李月辉': 1, '胡杰': 1, '张涵信': 1, '王伦元': 1, '安烈': 1, '刘万道': 1, '耿典华': 1, '刘秉义': 1, '帕巴蓬·诗里巴尼': 1, '尹俊': 1, '周晋峰': 1, '康浦': 1, '余方': 1, '刘绍先': 1, '瞿正祥': 1, '阿·努里': 1, '邱胜云': 1, '徐永光': 1, '李致忠': 1, '杨明': 1, '小辉': 1, '魏秀萍': 1, '李义山': 1, '张维萍': 1, '刘明恒': 1, '王廷帅': 1, '李英桃': 1, '沈椿年': 1, '龚亚夫': 1, '塔拉特': 1, '王海藩': 1, '印第安纳·琼斯': 1, '马凯': 1, '刘雁翎': 1, '郭兰英': 1, '蒋': 1, '郝承瑞': 1, '魏巧莉': 1, '杨正光': 1, '余宏伟': 1, '稽道青': 1, '李扬': 1, '徐然': 1, '张顺彩': 1, '董良辉': 1, '顾克': 1, '谢志强': 1, '福印': 1, '宣林': 1, '乌力吉': 1, '徐廷生': 1, '罗马诺·普罗迪': 1, '熊黑钢': 1, '陈必娣': 1, '高秋英': 1, '梁栋材': 1, '海里且姆·斯拉木': 1, '董玉田': 1, '江帆': 1, '托多贝尔多': 1, '王启明': 1, '胡松华': 1, '徐金娣': 1, '汪有富': 1, '黄景强': 1, '高兰章': 1, '王沛清': 1, '法比奥·穆西': 1, '倪光南': 1, '梁兆勇': 1, '魏': 1, '袁斌': 1, '周厚稳': 1, '张珂生': 1, '夏甄陶': 1, '梁光弟': 1, '钱贵': 1, '张林春': 1, '顾宗棠': 1, '郁成才': 1, '丁惠敏': 1, '黄蜀芹': 1, '阿荣汗阿吉': 1, '余世江': 1, '陶潜': 1, '戴克戎': 1, '老郑': 1, '浦江': 1, '王立军': 1, '王浒': 1, '李小和': 1, '黄琪翔': 1, '张宝顺': 1, '洪敬南': 1, '哥顿': 1, '阿波罗': 1, '阿卜杜勒拉蒂夫·菲拉利': 1, '齐铁砚': 1, '峤聿': 1, '格桑顿珠': 1, '艾力肯': 1, '艾哈迈德·本·穆罕默德·萨利姆': 1, '白淑湘': 1, '吴筱元': 1, '戴韫': 1, '牛爱民': 1, '李至伦': 1, '邢世嘉': 1, '徐跃起': 1, '杨进': 1, '杨敏': 1, '邵景均': 1, '戴光前': 1, '邓宇民': 1, '都肯': 1, '吴骁': 1, '拿破仑': 1, '韩芝萍': 1, '夏德仁': 1, '刘永斌': 1, '陈半丁': 1, '王子先': 1, '王弭力': 1, '从翰香': 1, '曹德淦': 1, '丰子义': 1, '范远谋': 1, '牟绪珩': 1, '蒋秋霞': 1, '阎·豪伟': 1, '朱作勇': 1, '林耀基': 1, '赵勇': 1, '文林': 1, '王国发': 1, '胥金章': 1, '洪磊': 1, '武平': 1, '于洪洋': 1, '孟祥芬': 1, '高士其': 1, '吴振汉': 1, '刘杲': 1, '黄孟复': 1, '张兆东': 1, '黄贤模': 1, '秦陶': 1, '何宏志': 1, '龙志毅': 1, '张志华': 1, '吴英辅': 1, '冯春林': 1, '乔改玉': 1, '潘浔': 1, '马海德': 1, '乔保华': 1, '陈开仁': 1, '李素循': 1, '王茂祥': 1, '安景': 1, '唐虹': 1, '常近时': 1, '晓飞': 1, '赵展岳': 1, '沃纳·福诺斯': 1, '乐寿长': 1, '老萧': 1, '黄精一': 1, '陶斯亮': 1, '周远楣': 1, '兰贝托·迪尼': 1, '林兆平': 1, '向贤彪': 1, '昭君': 1, '仲星火': 1, '薛飞': 1, '蒋必达': 1, '许明良': 1, '徐国炯': 1, '王友三': 1, '王广鎏': 1, '阿拉丁·布鲁杰尔迪': 1, '承志': 1, '邓稼先': 1, '石圭平': 1, '吕农华': 1, '马淑洁': 1, '钟辉': 1, '席怀贞': 1, '康德苏': 1, '冯建中': 1, '朱元珏': 1, '贝佛莉': 1, '金开诚': 1, '王海容': 1, '曲钦岳': 1, '李高潮': 1, '吴伯明': 1, '张凯': 1, '陈洪顺': 1, '吕奉先': 1, '李炳文': 1, '杜宜谨': 1, '王林旭': 1, '李石元': 1, '顾水根': 1, '李玉光': 1, '孔夫寿': 1, '章玉钧': 1, '罗锡亮': 1, '张传宣': 1, '区颖刚': 1, '李特特': 1, '陈蔚文': 1, '法鲁克·卡杜米': 1, '邱廷': 1, '符气浩': 1, '张穗': 1, '石雄': 1, '高克': 1, '浦熙修': 1, '罗宏宇': 1, '王世平': 1, '徐至展': 1, '刘汉彬': 1, '樊福祥': 1, '郝振贤': 1, '张均田': 1, '郑苏薇': 1, '谭恩晋': 1, '肖振邦': 1, '张海泉': 1, '小安': 1, '勇庆': 1, '方忠炳': 1, '秦玉琴': 1, '张贵亭': 1, '郑希胜': 1, '绍尔·伯尔穆特': 1, '陈振文': 1, '王蕴明': 1, '赵文斗': 1, '程某': 1, '张绍林': 1, '后藤田正晴': 1, '雅各布·姆万萨·卡宾加': 1, '金峰': 1, '庞增福': 1, '张信哲': 1, '刘文新': 1, '谢冰心': 1, '赵廷光': 1, '徐丽君': 1, '李青山': 1, '冯元蔚': 1, '稳波': 1, '吴子长': 1, '郝振坤': 1, '刘邓': 1, '杨国桢': 1, '田京海': 1, '米哈伊洛夫': 1, '钟启权': 1, '张东升': 1, '李士忠': 1, '胡谨': 1, '摩根': 1, '衣': 1, '郭占春': 1, '李明天': 1, '奚晓阳': 1, '周守学': 1, '王琨': 1, '曹宝余': 1, '卢天骄': 1, '刘玉岭': 1, '陈君德': 1, '任建民': 1, '杨钟': 1, '范双民': 1, '刘星': 1, '张雄': 1, '鄂青子': 1, '江靖弋': 1, '安喜榜': 1, '孔祥有': 1, '王义明': 1, '田中': 1, '方兆祥': 1, '龚杰': 1, '利索夫斯基': 1, '焦林义': 1, '马丹妮': 1, '吴二': 1, '肯代尔': 1, '巴赫': 1, '姚祥明': 1, '杨成明': 1, '乌戈·米夫萨德·邦尼奇': 1, '刘臣恢': 1, '梁钦荣': 1, '韩国英': 1, '熊清泉': 1, '勇军': 1, '长孙': 1, '赵秀云': 1, '赵川东': 1, '熊光华': 1, '孟晓驷': 1, '刘征': 1, '罗青长': 1, '尔冬': 1, '李晓玲': 1, '裴林方': 1, '冯培恩': 1, '林强': 1, '罗萨里奥·格林': 1, '贝时璋': 1, '张少松': 1, '郑筱萸': 1, '董曼忠': 1, '托尼·弗林特': 1, '阿德尔': 1, '寇纪淞': 1, '张芳发': 1, '赵鹏大': 1, '冯永祥': 1, '金风': 1, '蒙塔尔托': 1, '郑耀宗': 1, '石秀山': 1, '王家言': 1, '刘桂生': 1, '刘广贵': 1, '黄镜': 1, '李俊杰': 1, '杨尊伟': 1, '陆仁达': 1, '祝耀祖': 1, '杨雪芬': 1, '毕宗锐': 1, '秦正安': 1, '章文': 1, '范用': 1, '张椿年': 1, '米歇尔·德梅西纳': 1, '徐志毅': 1, '阿不都热依木·卡德尔': 1, '维松': 1, '吉尔伯特': 1, '郭廷标': 1, '周非': 1, '宋永昆': 1, '措如·次朗': 1, '任继东': 1, '于武真': 1, '庞丽娟': 1, '杨振武': 1, '郭小兰': 1, '古胜祥': 1, '陈亨': 1, '陈刚': 1, '陆自福': 1, '许德立': 1, '江虹': 1, '金冲及': 1, '王厚卿': 1, '莱奇': 1, '恒': 1, '丘诚光': 1, '王保安': 1, '过梅丽': 1, '何勇': 1, '保平': 1, '夏梦': 1, '晓白': 1, '乔文': 1, '赵亚光': 1, '李万禄': 1, '向炜': 1, '牛建海': 1, '银寿春': 1, '杨春时': 1, '查尔斯': 1, '柳宗夏': 1, '王晋生': 1, '魏合想': 1, '王夔': 1, '艾青': 1, '黄薇': 1, '刘金星': 1, '李斌城': 1, '杨钊良': 1, '丹戈—纳代伊': 1, '李登': 1, '李耕': 1, '法比尤斯': 1, '朱伯芳': 1, '王灿晖': 1, '科林巴': 1, '黄玉斌': 1, '葛炳生': 1, '万山红': 1, '韩宏': 1, '黄健豪': 1, '夏晓云': 1, '别凌': 1, '倪效武': 1, '谭庆琏': 1, '张公瑾': 1, '洪左君': 1, '丁懋萱': 1, '万历斯': 1, '傅民魁': 1, '孙明扬': 1, '庄金宝': 1, '闵惠芬': 1, '毕克官': 1, '黄荣辉': 1, '莫雷勒': 1, '李银祥': 1, '张闾蘅': 1, '林楠': 1, '马元安': 1, '宰赫迪': 1, '关天培': 1, '蒋林': 1, '张蕴增': 1, '尼尔·弗斯特': 1, '袁纯清': 1, '熊辉银': 1, '景如月': 1, '高爽': 1, '韩学义': 1, '闵建蜀': 1, '马凯梅': 1, '罗伯特·布莱克': 1, '昊玺': 1, '徐渭': 1, '荣鸿琪': 1, '高明光': 1, '梅新咏': 1, '伯承': 1, '辛佐伊海巴': 1, '朱竞若': 1, '牛子厚': 1, '许鹏': 1, '莱易斯': 1, '仲呈祥': 1, '庄逢甘': 1, '金春': 1, '李波': 1, '章爱龙': 1, '陈立夫': 1, '姜微': 1, '杨仕玲': 1, '白先勇': 1, '程步云': 1, '赵丽蓉': 1, '夏顺英': 1, '赵敏静': 1, '胡慧娥': 1, '孙茂盛': 1, '董巍': 1, '袁凤兰': 1, '王树青': 1, '张国凤': 1, '张爽': 1, '孙海龙': 1, '福斯特': 1, '王士珍': 1, '张发奎': 1, '纪文霞': 1, '张志军': 1, '郑荣梁': 1, '唐德华': 1, '周庆新': 1, '高成': 1, '冯': 1, '欧竟成': 1, '王凤俊': 1, '胡定旭': 1, '尼扎尔·哈姆敦': 1, '伍志平': 1, '赵吉成': 1, '张国焘': 1, '张湘茹': 1, '常崇煊': 1, '石景宜': 1, '梁天培': 1, '秋里': 1, '朱允友': 1, '戴复东': 1, '熊性美': 1, '萨奇': 1, '孙自强': 1, '李锦江': 1, '杜华举': 1, '小亮': 1, '李敏陆': 1, '史逸清': 1, '马元彪': 1, '苏清阳': 1, '廖泽云': 1, '李彦生': 1, '刘武生': 1, '董自孝': 1, '王明义': 1, '陈智霞': 1, '永晴': 1, '吕学俭': 1, '李前宽': 1, '章雯': 1, '黄宗江': 1, '常胜': 1, '胡宏敏': 1, '那努奔': 1, '陈墨香': 1, '徐起超': 1, '王人生': 1, '秀秀': 1, '席星顺': 1, '武士敏': 1, '陈张': 1, '里夏尔': 1, '瞿世镜': 1, '段若石': 1, '杨静仁': 1, '欧智华': 1, '李石营': 1, '杨国平': 1, '刘武东': 1, '罗军': 1, '侯凤菁': 1, '冯之浚': 1, '刘仁': 1, '徐殿国': 1, '戴瑾瑾': 1, '苗地': 1, '翟凤岗': 1, '张家林': 1, '程天赋': 1, '甲嘎·洛桑汤觉': 1, '班': 1, '刘启林': 1, '李克熙': 1, '赵中宝': 1, '汤云为': 1, '阿代希安': 1, '李晓华': 1, '凌叔华': 1, '志广': 1, '王楚光': 1, '肖万钧': 1, '陈晓光': 1, '陈毓珍': 1, '陈隆勋': 1, '杨佑兴': 1, '张允': 1, '潘宗光': 1, '李国章': 1, '阙端麟': 1, '庞之浩': 1, '张春来': 1, '王宗仁': 1, '魏瑞': 1, '刘乃强': 1, '梁思成': 1, '马建国': 1, '毛明轩': 1, '马进成': 1, '吕伯涛': 1, '关玉国': 1, '宋彭生': 1, '龚贤永': 1, '宋文治': 1, '李志民': 1, '李慧川': 1, '石启荣': 1, '曹馨仪': 1, '王莉文': 1, '谢家华': 1, '李宏为': 1, '保罗·德桑蒂斯': 1, '金铁林': 1, '拉托': 1, '卡斯蒂约': 1, '李安民': 1, '吴基传': 1, '徐虹霞': 1, '小村正彦': 1, '唐大智': 1, '黎世高': 1, '骆石绵': 1, '章平': 1, '陈冠军': 1, '张洽': 1, '仆其格': 1, '丹尼尔·拉万奇': 1, '赫尔佐克': 1, '肖惟真': 1, '刘佩琦': 1, '李凤祥': 1, '孙隆椿': 1, '莱利': 1, '王景龙': 1, '陈汉彬': 1, '范康': 1, '巴图': 1, '辛闻': 1, '马里': 1, '沈海东': 1, '董万德': 1, '郭强': 1, '于立东': 1, '赵素瑶': 1, '胡耀宇': 1, '钢江': 1, '周家国': 1, '高幼元': 1, '李良辉': 1, '潘世祥': 1, '邓云乡': 1, '苏明': 1, '鲍隆清': 1, '沈世杰': 1, '范硕': 1, '钟力生': 1, '晋进': 1, '桂望国': 1, '卢育波': 1, '祁勇': 1, '赵氏': 1, '杨序顺': 1, '老马': 1, '亨利·戴维·梭罗': 1, '胡熙明': 1, '汪家镠': 1, '杨崇汇': 1, '江洋龙': 1, '艾世民': 1, '宁生录': 1, '吕厚民': 1, '王恩科': 1, '劲驰': 1, '粟裕': 1, '崔美善': 1, '郭大维': 1, '刘奇葆': 1, '赵镇东': 1, '孙建华': 1, '肉孜吾守尔': 1, '韦建桦': 1, '黄若暾': 1, '刘光鼎': 1, '贝里沙': 1, '刘积仁': 1, '龙超云': 1, '宫权': 1, '赵炜': 1, '贺桂华': 1, '吴立衡': 1, '陈玉昆': 1, '丹尼尔·阿拉普·莫伊': 1, '孙起孟': 1, '王文杰': 1, '陈翘': 1, '阎增福': 1, '刘来村': 1, '毛增滇': 1, '高波川': 1, '任文燕': 1, '张廷武': 1, '周佩府': 1, '陶立华': 1, '赵汉钟': 1, '王一平': 1, '李凯亭': 1, '郑荃': 1, '王力平': 1, '特洛克': 1, '盖山林': 1, '崔耀': 1, '周明泰': 1, '戴舟': 1, '陈进玉': 1, '潘公凯': 1, '张建珍': 1, '李振潜': 1, '吴锦才': 1, '单菊': 1, '周梅森': 1, '乔荣': 1, '农德孟': 1, '牟淼': 1, '陈志哲': 1, '段羡菊': 1, '舒德干': 1, '郭凤岐': 1, '布寨': 1, '温伟英': 1, '韩秀云': 1, '徐肖冰': 1, '方向': 1, '李丹平': 1, '盛祖宏': 1, '李开远': 1, '冯耿兴': 1, '桑逢文': 1, '王道荫': 1, '吴国响': 1, '边长泰': 1, '孔岩': 1, '梅自强': 1, '郭东亚': 1, '张祝基': 1, '李景阳': 1, '王中刚': 1, '叶氏': 1, '王志': 1, '焦尔乔·洛迪': 1, '赵旭东': 1, '朱飞': 1, '安学发': 1, '苟冰心': 1, '康厚元': 1, '蔡世东': 1, '刘建国': 1, '王东峰': 1, '斯桂珍': 1, '李智屏': 1, '大月洋一': 1, '郑质英': 1, '黄启昌': 1, '杰姆': 1, '朱耀光': 1, '王同祥': 1, '张雅文': 1, '钟佩珩': 1, '董心奎': 1, '巴尔金巴耶夫': 1, '张晓夏': 1, '克敏': 1, '杨世大': 1, '丁红萍': 1, '宋汉良': 1, '刘应宽': 1, '赵维臣': 1, '路易十四': 1, '林玲': 1, '张瑞甫': 1, '何天宠': 1, '梁燕君': 1, '王德颖': 1, '沙之沅': 1, '曲': 1, '李志高': 1, '周引娣': 1, '陈继杰': 1, '张乾二': 1, '李京淑': 1, '胡笑云': 1, '李琦': 1, '胡辛': 1, '江景波': 1, '郭应禄': 1, '曹斌': 1, '张三丰': 1, '王俊': 1, '田富达': 1, '武大伟': 1, '马丽卡': 1, '陈韵': 1, '向宁翠玉': 1, '李坤元': 1, '张爱萍': 1, '瓜田': 1, '曲北林': 1, '熊俊陵': 1, '二郎': 1, '宗合': 1, '马克思恩格斯': 1, '新园': 1, '刀述仁': 1, '余发勋': 1, '张永珍': 1, '刘建峰': 1, '龚振栋': 1, '肖建刚': 1, '隆贵清': 1, '汪明荃': 1, '邓建胜': 1, '玛拉沁夫': 1, '早川泰伸殿': 1, '纪新': 1, '怀国模': 1, '卡雷尔·范米尔特': 1, '王新让': 1, '贾文慧': 1, '张祝': 1, '程有清': 1, '贡德银': 1, '于玉婷': 1, '仁青安杰': 1, '凌远科': 1, '孟苏荣': 1, '李汉柏': 1, '罗世文': 1, '郝建秀': 1, '亢崇仁': 1, '埃弗迪卡哈': 1, '罗理诚': 1, '路金栋': 1, '钱德里卡·库马拉通加': 1, '严泽铣': 1, '黄钟': 1, '杨兴国': 1, '李成荃': 1, '吴代华': 1, '邓': 1, '周星照': 1, '阿宁': 1, '李华英': 1, '李德民': 1, '张昆华': 1, '张世诚': 1, '叶春善': 1, '郭景文': 1, '利汉钊': 1, '孙宝田': 1, '赵安': 1, '杨光喜': 1, '罗友礼': 1, '黄铸': 1, '布什': 1, '肖复兴': 1, '哈里·詹金斯': 1, '徐宗俊': 1, '刘菁': 1, '郭锋': 1, '张田': 1, '李仁霖': 1, '龚惠兴': 1, '拉萨尔': 1, '苏会志': 1, '邵大箴': 1, '汪荣华': 1, '吴昌茂': 1, '蔡继明': 1, '许海峰': 1, '谢雨辰': 1, '王煜辉': 1, '邓道坤': 1, '布鲁克': 1, '郑盛丰': 1, '卢邦正': 1, '郑贤斌': 1, '孟凤岭': 1, '李扎拉': 1, '杜远难': 1, '齐凤鸣': 1, '张良': 1, '老懋': 1, '杨文衡': 1, '李德强': 1, '曼德尔': 1, '沙振权': 1, '尚占': 1, '吉普·顿珠平措': 1, '李来福': 1, '赵秀英': 1, '陈永康': 1, '克莱格霍恩': 1, '钱津': 1, '梁仲虬': 1, '丁霄霖': 1, '柳长靖': 1, '温凯玉': 1, '穆加贝': 1, '田波': 1, '柯兰': 1, '郭松海': 1, '朱成江': 1, '罗成群': 1, '喻尊璞': 1, '丁廷模': 1, '赵军': 1, '邱柯': 1, '林兆木': 1, '王忠菊': 1, '燕慧英': 1, '周天鸿': 1, '梁谷音': 1, '李努尔': 1, '罗布尔': 1, '李广田': 1, '张云枫': 1, '朱军': 1, '李延': 1, '李殿仁': 1, '吴静波': 1, '吴珺珹': 1, '刘广均': 1, '齐康': 1, '邹竞': 1, '马俊如': 1, '社会史': 1, '彭华仁': 1, '肖红': 1, '邵华': 1, '潘健': 1, '横井明': 1, '陈乃芳': 1, '向民航': 1, '埃拉苏里斯': 1, '吴颖民': 1, '吴传福': 1, '雪村守仁': 1, '巫致中': 1, '徐德伟': 1, '铁宝成': 1, '罗和岗': 1, '张瑞芳': 1, '陈卓愉': 1, '钱瘦铁': 1, '李月华': 1, '赵先德': 1, '于宝井': 1, '朱天慧': 1, '雷厚礼': 1, '谭庆链': 1, '徐柏龄': 1, '王君': 1, '孙道权': 1, '房印婉': 1, '邵炜刚': 1, '王礼恒': 1, '马中央': 1, '王孝行': 1, '白求恩': 1, '赵学增': 1, '曾溢滔': 1, '德鲁克': 1, '张洁瑜': 1, '雷达': 1, '王光远': 1, '李自良': 1, '房龙': 1, '鲁宾费尔德': 1, '兰世章': 1, '陈公博': 1, '田泓': 1, '王小波': 1, '黄维': 1, '少颖': 1, '张荣国': 1, '谭湘荣': 1, '王光谦': 1, '郭佩英': 1, '徐运平': 1, '石守权': 1, '黄美菊': 1, '刘益良': 1, '巴拉吉尼': 1, '邹哲开': 1, '余仁杰': 1, '费岳峰': 1, '杨建华': 1, '姚志胜': 1, '孙忠良': 1, '石梅': 1, '陈建军': 1, '刘景录': 1, '鲍国安': 1, '黄植诚': 1, '辛振华': 1, '麦志强': 1, '牟健为': 1, '陈水泉': 1, '李建中': 1, '焦宏': 1, '阿不力米提·麻木提': 1, '林栖凤': 1, '徐志纯': 1, '安成信': 1, '汉修': 1, '王乃谦': 1, '张宏伟': 1, '家贵军敏': 1, '溥心': 1, '李光荣': 1, '宋峻': 1, '李北海': 1, '侯惠民': 1, '张谊模': 1, '富治': 1, '周德海': 1, '蒙泰罗': 1, '耿德章': 1, '侯萨姆': 1, '王希舜': 1, '余志华': 1, '江文': 1, '萧灼基': 1, '张国庆': 1, '卡拉辛': 1, '桂中岳': 1, '英迪拉·甘地': 1, '杨阳': 1, '王洪友': 1, '王其超': 1, '荣智健': 1, '李羚': 1, '刘胜玉': 1, '何玉棠': 1, '于志学': 1, '陈明福': 1, '李希林': 1, '裘巧芳': 1, '赵炬绘': 1, '万云': 1, '郭宗旭': 1, '张钊': 1, '郑园园': 1, '温业湛': 1, '王镛': 1, '刘国强': 1, '梁尚立': 1, '陈丽华': 1, '何文勤': 1, '刘海燕': 1, '胡文军': 1, '杨志明': 1, '乔生祥': 1, '荣光大': 1, '王久祜': 1, '孙日晓': 1, '厉建中': 1, '董玖丰': 1, '柏均和': 1, '金克木': 1, '沈祖伦': 1, '王德瑛': 1, '游宁丰': 1, '陈漓高': 1, '石田退三': 1, '何添发': 1, '孙优贤': 1, '龚自珍': 1, '郁达夫': 1, '胡建强': 1, '坎代': 1, '江南': 1, '李乾光': 1, '黄鹤': 1, '杨总': 1, '唐敖庆': 1, '孟浩然': 1, '高文杰': 1, '吴建常': 1, '李介车': 1, '韩宇东': 1, '戴·沃维利斯': 1, '郑辉': 1, '黄平涛': 1, '杨育才': 1, '王荣久': 1, '宋学武': 1, '宝华': 1, '唐巍': 1, '邢永臣': 1, '李大强': 1, '詹姆斯': 1, '李敬则': 1, '毛德华': 1, '王明达': 1, '何平等': 1, '黄秋生': 1, '王璐': 1, '刘善璧': 1, '伊斯拉米': 1, '梅金花': 1, '卫卓': 1, '马琨': 1, '张冬科': 1, '林丽韫': 1, '董风英': 1, '孟庆祥': 1, '包玉刚': 1, '陈昭典': 1, '叶先明': 1, '刘明善': 1, '黄人健': 1, '林杉': 1, '施': 1, '白拜尔': 1, '周一渤': 1, '黄润秋': 1, '维伦纽夫': 1, '额尔敦陶吐格': 1, '潘驰': 1, '杨震刚': 1, '陶铁斧': 1, '林总': 1, '赵登举': 1, '段镇基': 1, '李丽娟': 1, '谢守成': 1, '林汐': 1, '田勇': 1, '王军伟': 1, '萨空了': 1, '文家庭': 1, '卡尔梅努·韦拉': 1, '江欢成': 1, '吴野渡': 1, '袁雪芬': 1, '白恩培': 1, '曲渊': 1, '赵雨杉': 1, '乔颖': 1, '张世琨': 1, '扎东·次旺伦珠': 1, '车强': 1, '孙俊': 1, '切梅索娃': 1, '威廉·比格尼斯': 1, '章轲': 1, '陈瑞华': 1, '杨志福': 1, '黄齐陶': 1, '于熙钟': 1, '卢秀珍': 1, '李德润': 1, '于志毅': 1, '朱善卿': 1, '李荻生': 1, '金斯立·马丁': 1, '潘大成': 1, '崔建时': 1, '伍霞': 1, '郝庆申': 1, '姚莹': 1, '陈早春': 1, '卢家丰': 1, '和根合': 1, '丁人林': 1, '许云英': 1, '赵忠心': 1, '王光荣': 1, '斯泰格': 1, '陈昭雄': 1, '奥德伦': 1, '刘永亮': 1, '张心智': 1, '龚华基': 1, '何启伟': 1, '丹·潘克拉托夫': 1, '柔芬': 1, '徐浩': 1, '武英': 1, '陶秀': 1, '章学诚': 1, '米勒': 1, '果强': 1, '宋林飞': 1, '杨庆才': 1, '沈之介': 1, '八木佑四郎': 1, '王沛津': 1, '菲尔曼·辛佐伊海巴': 1, '赵路氏': 1, '王怀让': 1, '邱文豹': 1, '高文华': 1, '徐武丁': 1, '昂里埃特': 1, '郭正谊': 1, '陈迎艳': 1, '柯灵': 1, '孙传刚': 1, '郭国庆': 1, '岳世华': 1, '薄熙来': 1, '李希': 1, '单锡忠': 1, '德米雷尔': 1, '张洪祥': 1, '赵深田': 1, '喻权域': 1, '威尔弟': 1, '郑秀红': 1, '王新国': 1, '魏权龄': 1, '柯茂盛': 1, '王正忠': 1, '杨拯美': 1, '邱忠保': 1, '陈文菲': 1, '朱根华': 1, '左藤惠': 1, '樊增民': 1, '戴学江': 1, '孙靖中': 1, '陈四长': 1, '张保善': 1, '周赞富': 1, '李文辉': 1, '柴海亮': 1, '陈家悦': 1, '曾钰成': 1, '赵法箴': 1, '刘延广': 1, '萨达姆·侯赛因': 1, '张以祥': 1, '严尧卿': 1, '张戎梅': 1, '徐乐义': 1, '任向军': 1, '廖先旺': 1, '哈米提·铁木尔': 1, '程炜': 1, '卡巴伊': 1, '梁国安': 1, '蒋文': 1, '丹泼实': 1, '江有生': 1, '李慈恩': 1, '张学津': 1, '王玉武': 1, '戴克瑞': 1, '王荩卿': 1, '费尔巴哈': 1, '邹友开': 1, '程运铁': 1, '哈里逊·福特': 1, '李铮友': 1, '谢哈布丁': 1, '杨晓波': 1, '陈旭': 1, '李重庵': 1, '玛加丽塔': 1, '艾安军': 1, '潘祖尧': 1, '祁载康': 1, '雷夫·约翰松': 1, '刘清清': 1, '韩军': 1, '弥松颐': 1, '王自端': 1, '焦金凤': 1, '陈宗皋': 1, '龙晓勤': 1, '成海忠': 1, '周丽萍': 1, '贝鲁特': 1, '郑鸿业': 1, '宋维良': 1, '陶新弟': 1, '潘福东': 1, '官晋东': 1, '辛': 1, '施春生': 1, '冯玉祥': 1, '万龙君': 1, '李家声': 1, '沈钧儒': 1, '韩素音': 1, '乃登': 1, '史美泗': 1, '杨一秋': 1, '徐衍东': 1, '董其中': 1, '维·布朗卡': 1, '阿昌': 1, '蔡约生': 1, '曾星如': 1, '巴尔舍夫斯基': 1, '内塔·巴卡尔': 1, '黄世中': 1, '林勇': 1, '于学祥': 1, '刘北辰': 1, '彭清源': 1, '饶琅': 1, '何镜堂': 1, '傅全香': 1, '白烨': 1, '崔伟': 1, '庞巨丰': 1, '申兰旺': 1, '甲丁': 1, '黄晓红': 1, '邓国政': 1, '张淑婕': 1, '高伟': 1, '熊正美': 1, '汪东林': 1, '王勇': 1, '任克礼': 1, '廖玒': 1, '宋文中': 1, '陈效达': 1, '彭孜林': 1, '胡长清': 1, '曹美': 1, '小李': 1, '史建': 1, '张修客': 1, '辜胜阻': 1, '吴刚': 1, '周振中': 1, '阿尔姆西克': 1, '赵伯先': 1, '窦瑞华': 1, '刘远': 1, '中村真衣': 1, '阿列塔': 1, '赖中和': 1, '陈同海': 1, '黄冬': 1, '梁士华': 1, '王好明': 1, '崔正华': 1, '孙为刚': 1, '李林': 1, '宋子文': 1, '石达开': 1, '周筱华': 1, '李生海': 1, '杨二': 1, '凌飞': 1, '刘金荣': 1, '田楚涛': 1, '吴有彩': 1, '王守荣': 1, '金正波': 1, '胡家勇': 1, '曹孟德': 1, '杨震': 1, '张宗德': 1, '银春': 1, '张治国': 1, '李小兵': 1, '恰贝·次旦平措': 1, '林盛中': 1, '田世宜': 1, '安尼瓦尔·买买提': 1, '赵如广': 1, '吴镝鸣': 1, '孙锡培': 1, '纳波里塔诺': 1, '张仃': 1, '书炜': 1, '吴建飞': 1, '奚敏': 1, '李焕之': 1, '刘春贤': 1, '张青松': 1, '江珊': 1, '孔孟': 1, '杨正刚': 1, '阿不来提': 1, '吴纯丽': 1, '孙星文': 1, '松布': 1, '黄大昉': 1, '王卫东': 1, '邢利斌': 1, '张世尧': 1, '赵国荣': 1, '保罗·克鲁格曼': 1, '李长江': 1, '周铁农': 1, '牛健峰': 1, '松下幸之助': 1, '余朝东': 1, '尉凤英': 1, '张成义': 1, '洛桑灵智多杰': 1, '杨发勋': 1, '张宗源': 1, '杨尚德': 1, '晓渡': 1, '章武': 1, '奎媛媛': 1, '成元功': 1, '王德厚': 1, '帕夏·依夏': 1, '喇敏智': 1, '任双平': 1, '张虎生': 1, '王珉': 1, '沈文英': 1, '科雷特加': 1, '郝益东': 1, '刘作田': 1, '罗曼': 1, '朱铁志': 1, '金云辉': 1, '记': 1, '李兆焯': 1, '曲德斌': 1, '古建中': 1, '苏日娜': 1, '刘琼': 1, '鲁班': 1, '齐长明': 1, '崔东旺': 1, '朱高峰': 1, '科闻': 1, '江国镇': 1, '张伯海': 1, '文君': 1, '牛东平': 1, '严同山': 1, '康新云': 1, '邹延龄': 1, '邱剑敏': 1, '冀银玺': 1, '瑟蒙德': 1, '付秋林': 1, '露西': 1, '哈希姆': 1, '唐云': 1, '皮兆根': 1, '马英林': 1, '初忠林': 1, '谭雅玲': 1, '肖冠军': 1, '张百发': 1, '章恒': 1, '达莎': 1, '艾哈迈德·阿塔夫': 1, '梅向明': 1, '萧红': 1, '唐锦禄': 1, '张安南': 1, '孙家栋': 1, '克平海友': 1, '蔡慧珏': 1, '徐秀棠': 1, '姜文': 1, '陈凌孚': 1, '大禹': 1, '全文甫': 1, '龙太新': 1, '沈遐熙': 1, '侯文学': 1, '贺文': 1, '陈德良': 1, '柳大华': 1, '孙伟华': 1, '方青卓': 1, '米芾': 1, '鲁戈瓦': 1, '刘志娇': 1, '胡德平': 1, '张铁钢': 1, '李明金': 1, '塞夫': 1, '拉布': 1, '杨秀宽': 1, '钟立雄': 1, '吴倚幸': 1, '赵岚': 1, '宗春': 1, '宋志坚': 1, '阿西夫·扎尔达里': 1, '杨根思': 1, '章惠民': 1, '齐齐': 1, '科留奇科娃': 1, '老黄': 1, '董秦军': 1, '梁国柱': 1, '金基鹏': 1, '王明山': 1, '栗前明': 1, '章红艳': 1, '张国文': 1, '朱一民': 1, '帕尔默': 1, '允端': 1, '李薇': 1, '梁必业': 1, '赵琥': 1, '陆俊': 1, '贺光辉': 1, '熊国鸣': 1, '谭元寿': 1, '张宝文': 1, '赵阳': 1, '方廷钰': 1, '葛如江': 1, '丰收': 1, '陈邦柱': 1, '伍席源': 1, '冯士笮': 1, '潘广田': 1, '程光杰': 1, '张竞': 1, '白玉民': 1, '熊汝清': 1, '鲁肃': 1, '松永光': 1, '袁炳忠': 1, '毛雪良': 1, '拉法耶': 1, '刘昕晨': 1, '田岛宁子': 1, '刘春池': 1, '田建斌': 1, '王锡爵': 1, '席裕庚': 1, '刘知侠': 1, '潘家铮': 1, '柯小刚': 1, '威廉·莱易斯': 1, '左连璧': 1, '王全国': 1, '杨波': 1, '杨性恺': 1, '魏敏学': 1, '赵林茂': 1, '王太华': 1, '路明': 1, '藤森': 1, '郑兰荪': 1, '刘红升': 1, '曾昭科': 1, '熊幽': 1, 'Ｃ．Ｂ．': 1, '马贤': 1, '张永兴': 1, '刘宇新': 1, '冯秦': 1, '夏训诚': 1, '罗莎·卢森堡': 1, '唐纯': 1, '陈佳': 1, '汤老': 1, '刘长贵': 1, '伍贻业': 1, '张河燕': 1, '武季梅': 1, '艾博雅': 1, '刘春平': 1, '李达昌': 1, '管德': 1, '陈平': 1, '蔡绍芝': 1, '任随意': 1, '钱国清': 1, '于元平': 1, '马卫星': 1, '王素芹': 1, '杨耀寰': 1, '赵会平': 1, '溥绪': 1, '潘帝都': 1, '王明': 1, '冯慧德': 1, '米成云': 1, '侯义斌': 1, '约翰·戴维特': 1, '王天佑': 1, '谢生林': 1, '李瑛': 1, '孙承璇': 1, '吴宗鑫': 1, '朗': 1, '葛优': 1})
